Assiging 0 to [0, 0]
Values cleared by AC3 : 0
Error assiging 1 to [0, 0] since 0 is assigned to [0, 0]
Error assiging 1 to [0, 1] since 0 is assigned to [0, 0]
Error assiging 1 to [0, 2] since 0 is assigned to [0, 0]
Error assiging 1 to [0, 3] since 0 is assigned to [0, 0]
Error assiging 1 to [1, 0] since 0 is assigned to [0, 0]
Error assiging 1 to [1, 1] since 0 is assigned to [0, 0]
Assiging 1 to [1, 2]
Values cleared by AC3 : 0
Error assiging 2 to [0, 0] since 0 is assigned to [0, 0]
Error assiging 2 to [0, 1] since 0 is assigned to [0, 0]
Error assiging 2 to [0, 2] since 0 is assigned to [0, 0]
Error assiging 2 to [0, 3] since 0 is assigned to [0, 0]
Error assiging 2 to [1, 0] since 0 is assigned to [0, 0]
Error assiging 2 to [1, 1] since 0 is assigned to [0, 0]
Error assiging 2 to [1, 2] since 1 is assigned to [1, 2]
Error assiging 2 to [1, 3] since 1 is assigned to [1, 2]
Error assiging 2 to [2, 0] since 0 is assigned to [0, 0]
Error assiging 2 to [2, 1] since 1 is assigned to [1, 2]
Error assiging 2 to [2, 2] since 0 is assigned to [0, 0]
Error assiging 2 to [2, 3] since 1 is assigned to [1, 2]
Error assiging 2 to [3, 0] since 0 is assigned to [0, 0]
Assiging 2 to [3, 1]
Values cleared by AC3 : 0
Error assiging 3 to [0, 0] since 0 is assigned to [0, 0]
Error assiging 3 to [0, 1] since 0 is assigned to [0, 0]
Error assiging 3 to [0, 2] since 0 is assigned to [0, 0]
Error assiging 3 to [0, 3] since 0 is assigned to [0, 0]
Error assiging 3 to [1, 0] since 0 is assigned to [0, 0]
Error assiging 3 to [1, 1] since 0 is assigned to [0, 0]
Error assiging 3 to [1, 2] since 1 is assigned to [1, 2]
Error assiging 3 to [1, 3] since 1 is assigned to [1, 2]
Error assiging 3 to [2, 0] since 0 is assigned to [0, 0]
Error assiging 3 to [2, 1] since 1 is assigned to [1, 2]
Error assiging 3 to [2, 2] since 0 is assigned to [0, 0]
Error assiging 3 to [2, 3] since 1 is assigned to [1, 2]
Error assiging 3 to [3, 0] since 0 is assigned to [0, 0]
Error assiging 3 to [3, 1] since 2 is assigned to [3, 1]
Error assiging 3 to [3, 2] since 1 is assigned to [1, 2]
Error assiging 3 to [3, 3] since 0 is assigned to [0, 0]
Error assiging 2 to [3, 2] since 1 is assigned to [1, 2]
Error assiging 2 to [3, 3] since 0 is assigned to [0, 0]
Assiging 1 to [1, 3]
Values cleared by AC3 : 0
Error assiging 2 to [0, 0] since 0 is assigned to [0, 0]
Error assiging 2 to [0, 1] since 0 is assigned to [0, 0]
Error assiging 2 to [0, 2] since 0 is assigned to [0, 0]
Error assiging 2 to [0, 3] since 0 is assigned to [0, 0]
Error assiging 2 to [1, 0] since 0 is assigned to [0, 0]
Error assiging 2 to [1, 1] since 0 is assigned to [0, 0]
Error assiging 2 to [1, 2] since 1 is assigned to [1, 3]
Error assiging 2 to [1, 3] since 1 is assigned to [1, 3]
Error assiging 2 to [2, 0] since 0 is assigned to [0, 0]
Assiging 2 to [2, 1]
Values cleared by AC3 : 0
Error assiging 3 to [0, 0] since 0 is assigned to [0, 0]
Error assiging 3 to [0, 1] since 0 is assigned to [0, 0]
Error assiging 3 to [0, 2] since 0 is assigned to [0, 0]
Error assiging 3 to [0, 3] since 0 is assigned to [0, 0]
Error assiging 3 to [1, 0] since 0 is assigned to [0, 0]
Error assiging 3 to [1, 1] since 0 is assigned to [0, 0]
Error assiging 3 to [1, 2] since 1 is assigned to [1, 3]
Error assiging 3 to [1, 3] since 1 is assigned to [1, 3]
Error assiging 3 to [2, 0] since 0 is assigned to [0, 0]
Error assiging 3 to [2, 1] since 2 is assigned to [2, 1]
Error assiging 3 to [2, 2] since 0 is assigned to [0, 0]
Error assiging 3 to [2, 3] since 1 is assigned to [1, 3]
Error assiging 3 to [3, 0] since 0 is assigned to [0, 0]
Error assiging 3 to [3, 1] since 1 is assigned to [1, 3]
Error assiging 3 to [3, 2] since 2 is assigned to [2, 1]
Error assiging 3 to [3, 3] since 0 is assigned to [0, 0]
Error assiging 2 to [2, 2] since 0 is assigned to [0, 0]
Error assiging 2 to [2, 3] since 1 is assigned to [1, 3]
Error assiging 2 to [3, 0] since 0 is assigned to [0, 0]
Error assiging 2 to [3, 1] since 1 is assigned to [1, 3]
Assiging 2 to [3, 2]
Values cleared by AC3 : 0
Error assiging 3 to [0, 0] since 0 is assigned to [0, 0]
Error assiging 3 to [0, 1] since 0 is assigned to [0, 0]
Error assiging 3 to [0, 2] since 0 is assigned to [0, 0]
Error assiging 3 to [0, 3] since 0 is assigned to [0, 0]
Error assiging 3 to [1, 0] since 0 is assigned to [0, 0]
Error assiging 3 to [1, 1] since 0 is assigned to [0, 0]
Error assiging 3 to [1, 2] since 1 is assigned to [1, 3]
Error assiging 3 to [1, 3] since 1 is assigned to [1, 3]
Error assiging 3 to [2, 0] since 0 is assigned to [0, 0]
Error assiging 3 to [2, 1] since 2 is assigned to [3, 2]
Error assiging 3 to [2, 2] since 0 is assigned to [0, 0]
Error assiging 3 to [2, 3] since 1 is assigned to [1, 3]
Error assiging 3 to [3, 0] since 0 is assigned to [0, 0]
Error assiging 3 to [3, 1] since 1 is assigned to [1, 3]
Error assiging 3 to [3, 2] since 2 is assigned to [3, 2]
Error assiging 3 to [3, 3] since 0 is assigned to [0, 0]
Error assiging 2 to [3, 3] since 0 is assigned to [0, 0]
Error assiging 1 to [2, 0] since 0 is assigned to [0, 0]
Assiging 1 to [2, 1]
Values cleared by AC3 : 0
Error assiging 2 to [0, 0] since 0 is assigned to [0, 0]
Error assiging 2 to [0, 1] since 0 is assigned to [0, 0]
Error assiging 2 to [0, 2] since 0 is assigned to [0, 0]
Error assiging 2 to [0, 3] since 0 is assigned to [0, 0]
Error assiging 2 to [1, 0] since 0 is assigned to [0, 0]
Error assiging 2 to [1, 1] since 0 is assigned to [0, 0]
Error assiging 2 to [1, 2] since 1 is assigned to [2, 1]
Assiging 2 to [1, 3]
Values cleared by AC3 : 0
Error assiging 3 to [0, 0] since 0 is assigned to [0, 0]
Error assiging 3 to [0, 1] since 0 is assigned to [0, 0]
Error assiging 3 to [0, 2] since 0 is assigned to [0, 0]
Error assiging 3 to [0, 3] since 0 is assigned to [0, 0]
Error assiging 3 to [1, 0] since 0 is assigned to [0, 0]
Error assiging 3 to [1, 1] since 0 is assigned to [0, 0]
Error assiging 3 to [1, 2] since 1 is assigned to [2, 1]
Error assiging 3 to [1, 3] since 2 is assigned to [1, 3]
Error assiging 3 to [2, 0] since 0 is assigned to [0, 0]
Error assiging 3 to [2, 1] since 1 is assigned to [2, 1]
Error assiging 3 to [2, 2] since 0 is assigned to [0, 0]
Error assiging 3 to [2, 3] since 1 is assigned to [2, 1]
Error assiging 3 to [3, 0] since 0 is assigned to [0, 0]
Error assiging 3 to [3, 1] since 1 is assigned to [2, 1]
Error assiging 3 to [3, 2] since 1 is assigned to [2, 1]
Error assiging 3 to [3, 3] since 0 is assigned to [0, 0]
Error assiging 2 to [2, 0] since 0 is assigned to [0, 0]
Error assiging 2 to [2, 1] since 1 is assigned to [2, 1]
Error assiging 2 to [2, 2] since 0 is assigned to [0, 0]
Error assiging 2 to [2, 3] since 1 is assigned to [2, 1]
Error assiging 2 to [3, 0] since 0 is assigned to [0, 0]
Error assiging 2 to [3, 1] since 1 is assigned to [2, 1]
Error assiging 2 to [3, 2] since 1 is assigned to [2, 1]
Error assiging 2 to [3, 3] since 0 is assigned to [0, 0]
Error assiging 1 to [2, 2] since 0 is assigned to [0, 0]
Assiging 1 to [2, 3]
Values cleared by AC3 : 0
Error assiging 2 to [0, 0] since 0 is assigned to [0, 0]
Error assiging 2 to [0, 1] since 0 is assigned to [0, 0]
Error assiging 2 to [0, 2] since 0 is assigned to [0, 0]
Error assiging 2 to [0, 3] since 0 is assigned to [0, 0]
Error assiging 2 to [1, 0] since 0 is assigned to [0, 0]
Error assiging 2 to [1, 1] since 0 is assigned to [0, 0]
Error assiging 2 to [1, 2] since 1 is assigned to [2, 3]
Error assiging 2 to [1, 3] since 1 is assigned to [2, 3]
Error assiging 2 to [2, 0] since 0 is assigned to [0, 0]
Error assiging 2 to [2, 1] since 1 is assigned to [2, 3]
Error assiging 2 to [2, 2] since 0 is assigned to [0, 0]
Error assiging 2 to [2, 3] since 1 is assigned to [2, 3]
Error assiging 2 to [3, 0] since 0 is assigned to [0, 0]
Assiging 2 to [3, 1]
Values cleared by AC3 : 0
Error assiging 3 to [0, 0] since 0 is assigned to [0, 0]
Error assiging 3 to [0, 1] since 0 is assigned to [0, 0]
Error assiging 3 to [0, 2] since 0 is assigned to [0, 0]
Error assiging 3 to [0, 3] since 0 is assigned to [0, 0]
Error assiging 3 to [1, 0] since 0 is assigned to [0, 0]
Error assiging 3 to [1, 1] since 0 is assigned to [0, 0]
Error assiging 3 to [1, 2] since 1 is assigned to [2, 3]
Error assiging 3 to [1, 3] since 1 is assigned to [2, 3]
Error assiging 3 to [2, 0] since 0 is assigned to [0, 0]
Error assiging 3 to [2, 1] since 1 is assigned to [2, 3]
Error assiging 3 to [2, 2] since 0 is assigned to [0, 0]
Error assiging 3 to [2, 3] since 1 is assigned to [2, 3]
Error assiging 3 to [3, 0] since 0 is assigned to [0, 0]
Error assiging 3 to [3, 1] since 2 is assigned to [3, 1]
Error assiging 3 to [3, 2] since 1 is assigned to [2, 3]
Error assiging 3 to [3, 3] since 0 is assigned to [0, 0]
Error assiging 2 to [3, 2] since 1 is assigned to [2, 3]
Error assiging 2 to [3, 3] since 0 is assigned to [0, 0]
Error assiging 1 to [3, 0] since 0 is assigned to [0, 0]
Assiging 1 to [3, 1]
Values cleared by AC3 : 0
Error assiging 2 to [0, 0] since 0 is assigned to [0, 0]
Error assiging 2 to [0, 1] since 0 is assigned to [0, 0]
Error assiging 2 to [0, 2] since 0 is assigned to [0, 0]
Error assiging 2 to [0, 3] since 0 is assigned to [0, 0]
Error assiging 2 to [1, 0] since 0 is assigned to [0, 0]
Error assiging 2 to [1, 1] since 0 is assigned to [0, 0]
Assiging 2 to [1, 2]
Values cleared by AC3 : 0
Error assiging 3 to [0, 0] since 0 is assigned to [0, 0]
Error assiging 3 to [0, 1] since 0 is assigned to [0, 0]
Error assiging 3 to [0, 2] since 0 is assigned to [0, 0]
Error assiging 3 to [0, 3] since 0 is assigned to [0, 0]
Error assiging 3 to [1, 0] since 0 is assigned to [0, 0]
Error assiging 3 to [1, 1] since 0 is assigned to [0, 0]
Error assiging 3 to [1, 2] since 2 is assigned to [1, 2]
Error assiging 3 to [1, 3] since 1 is assigned to [3, 1]
Error assiging 3 to [2, 0] since 0 is assigned to [0, 0]
Error assiging 3 to [2, 1] since 1 is assigned to [3, 1]
Error assiging 3 to [2, 2] since 0 is assigned to [0, 0]
Error assiging 3 to [2, 3] since 2 is assigned to [1, 2]
Error assiging 3 to [3, 0] since 0 is assigned to [0, 0]
Error assiging 3 to [3, 1] since 1 is assigned to [3, 1]
Error assiging 3 to [3, 2] since 1 is assigned to [3, 1]
Error assiging 3 to [3, 3] since 0 is assigned to [0, 0]
Error assiging 2 to [1, 3] since 1 is assigned to [3, 1]
Error assiging 2 to [2, 0] since 0 is assigned to [0, 0]
Error assiging 2 to [2, 1] since 1 is assigned to [3, 1]
Error assiging 2 to [2, 2] since 0 is assigned to [0, 0]
Assiging 2 to [2, 3]
Values cleared by AC3 : 0
Error assiging 3 to [0, 0] since 0 is assigned to [0, 0]
Error assiging 3 to [0, 1] since 0 is assigned to [0, 0]
Error assiging 3 to [0, 2] since 0 is assigned to [0, 0]
Error assiging 3 to [0, 3] since 0 is assigned to [0, 0]
Error assiging 3 to [1, 0] since 0 is assigned to [0, 0]
Error assiging 3 to [1, 1] since 0 is assigned to [0, 0]
Error assiging 3 to [1, 2] since 2 is assigned to [2, 3]
Error assiging 3 to [1, 3] since 1 is assigned to [3, 1]
Error assiging 3 to [2, 0] since 0 is assigned to [0, 0]
Error assiging 3 to [2, 1] since 1 is assigned to [3, 1]
Error assiging 3 to [2, 2] since 0 is assigned to [0, 0]
Error assiging 3 to [2, 3] since 2 is assigned to [2, 3]
Error assiging 3 to [3, 0] since 0 is assigned to [0, 0]
Error assiging 3 to [3, 1] since 1 is assigned to [3, 1]
Error assiging 3 to [3, 2] since 1 is assigned to [3, 1]
Error assiging 3 to [3, 3] since 0 is assigned to [0, 0]
Error assiging 2 to [3, 0] since 0 is assigned to [0, 0]
Error assiging 2 to [3, 1] since 1 is assigned to [3, 1]
Error assiging 2 to [3, 2] since 1 is assigned to [3, 1]
Error assiging 2 to [3, 3] since 0 is assigned to [0, 0]
Assiging 1 to [3, 2]
Values cleared by AC3 : 0
Error assiging 2 to [0, 0] since 0 is assigned to [0, 0]
Error assiging 2 to [0, 1] since 0 is assigned to [0, 0]
Error assiging 2 to [0, 2] since 0 is assigned to [0, 0]
Error assiging 2 to [0, 3] since 0 is assigned to [0, 0]
Error assiging 2 to [1, 0] since 0 is assigned to [0, 0]
Error assiging 2 to [1, 1] since 0 is assigned to [0, 0]
Error assiging 2 to [1, 2] since 1 is assigned to [3, 2]
Assiging 2 to [1, 3]
Values cleared by AC3 : 0
Error assiging 3 to [0, 0] since 0 is assigned to [0, 0]
Error assiging 3 to [0, 1] since 0 is assigned to [0, 0]
Error assiging 3 to [0, 2] since 0 is assigned to [0, 0]
Error assiging 3 to [0, 3] since 0 is assigned to [0, 0]
Error assiging 3 to [1, 0] since 0 is assigned to [0, 0]
Error assiging 3 to [1, 1] since 0 is assigned to [0, 0]
Error assiging 3 to [1, 2] since 1 is assigned to [3, 2]
Error assiging 3 to [1, 3] since 2 is assigned to [1, 3]
Error assiging 3 to [2, 0] since 0 is assigned to [0, 0]
Error assiging 3 to [2, 1] since 1 is assigned to [3, 2]
Error assiging 3 to [2, 2] since 0 is assigned to [0, 0]
Error assiging 3 to [2, 3] since 1 is assigned to [3, 2]
Error assiging 3 to [3, 0] since 0 is assigned to [0, 0]
Error assiging 3 to [3, 1] since 1 is assigned to [3, 2]
Error assiging 3 to [3, 2] since 1 is assigned to [3, 2]
Error assiging 3 to [3, 3] since 0 is assigned to [0, 0]
Error assiging 2 to [2, 0] since 0 is assigned to [0, 0]
Error assiging 2 to [2, 1] since 1 is assigned to [3, 2]
Error assiging 2 to [2, 2] since 0 is assigned to [0, 0]
Error assiging 2 to [2, 3] since 1 is assigned to [3, 2]
Error assiging 2 to [3, 0] since 0 is assigned to [0, 0]
Error assiging 2 to [3, 1] since 1 is assigned to [3, 2]
Error assiging 2 to [3, 2] since 1 is assigned to [3, 2]
Error assiging 2 to [3, 3] since 0 is assigned to [0, 0]
Error assiging 1 to [3, 3] since 0 is assigned to [0, 0]
Assiging 0 to [0, 1]
Values cleared by AC3 : 0
Error assiging 1 to [0, 0] since 0 is assigned to [0, 1]
Error assiging 1 to [0, 1] since 0 is assigned to [0, 1]
Error assiging 1 to [0, 2] since 0 is assigned to [0, 1]
Error assiging 1 to [0, 3] since 0 is assigned to [0, 1]
Error assiging 1 to [1, 0] since 0 is assigned to [0, 1]
Error assiging 1 to [1, 1] since 0 is assigned to [0, 1]
Error assiging 1 to [1, 2] since 0 is assigned to [0, 1]
Assiging 1 to [1, 3]
Values cleared by AC3 : 0
Error assiging 2 to [0, 0] since 0 is assigned to [0, 1]
Error assiging 2 to [0, 1] since 0 is assigned to [0, 1]
Error assiging 2 to [0, 2] since 0 is assigned to [0, 1]
Error assiging 2 to [0, 3] since 0 is assigned to [0, 1]
Error assiging 2 to [1, 0] since 0 is assigned to [0, 1]
Error assiging 2 to [1, 1] since 0 is assigned to [0, 1]
Error assiging 2 to [1, 2] since 0 is assigned to [0, 1]
Error assiging 2 to [1, 3] since 1 is assigned to [1, 3]
Assiging 2 to [2, 0]
Values cleared by AC3 : 0
Error assiging 3 to [0, 0] since 0 is assigned to [0, 1]
Error assiging 3 to [0, 1] since 0 is assigned to [0, 1]
Error assiging 3 to [0, 2] since 0 is assigned to [0, 1]
Error assiging 3 to [0, 3] since 0 is assigned to [0, 1]
Error assiging 3 to [1, 0] since 0 is assigned to [0, 1]
Error assiging 3 to [1, 1] since 0 is assigned to [0, 1]
Error assiging 3 to [1, 2] since 0 is assigned to [0, 1]
Error assiging 3 to [1, 3] since 1 is assigned to [1, 3]
Error assiging 3 to [2, 0] since 2 is assigned to [2, 0]
Error assiging 3 to [2, 1] since 0 is assigned to [0, 1]
Error assiging 3 to [2, 2] since 1 is assigned to [1, 3]
Error assiging 3 to [2, 3] since 0 is assigned to [0, 1]
Error assiging 3 to [3, 0] since 2 is assigned to [2, 0]
Error assiging 3 to [3, 1] since 0 is assigned to [0, 1]
Assiging 3 to [3, 2]
Values cleared by AC3 : 0
Error assiging 3 to [3, 3] since 1 is assigned to [1, 3]
Error assiging 2 to [2, 1] since 0 is assigned to [0, 1]
Error assiging 2 to [2, 2] since 1 is assigned to [1, 3]
Error assiging 2 to [2, 3] since 0 is assigned to [0, 1]
Assiging 2 to [3, 0]
Values cleared by AC3 : 0
Error assiging 3 to [0, 0] since 0 is assigned to [0, 1]
Error assiging 3 to [0, 1] since 0 is assigned to [0, 1]
Error assiging 3 to [0, 2] since 0 is assigned to [0, 1]
Error assiging 3 to [0, 3] since 0 is assigned to [0, 1]
Error assiging 3 to [1, 0] since 0 is assigned to [0, 1]
Error assiging 3 to [1, 1] since 0 is assigned to [0, 1]
Error assiging 3 to [1, 2] since 0 is assigned to [0, 1]
Error assiging 3 to [1, 3] since 1 is assigned to [1, 3]
Error assiging 3 to [2, 0] since 2 is assigned to [3, 0]
Error assiging 3 to [2, 1] since 0 is assigned to [0, 1]
Error assiging 3 to [2, 2] since 1 is assigned to [1, 3]
Error assiging 3 to [2, 3] since 0 is assigned to [0, 1]
Error assiging 3 to [3, 0] since 2 is assigned to [3, 0]
Error assiging 3 to [3, 1] since 0 is assigned to [0, 1]
Error assiging 3 to [3, 2] since 2 is assigned to [3, 0]
Error assiging 3 to [3, 3] since 1 is assigned to [1, 3]
Error assiging 2 to [3, 1] since 0 is assigned to [0, 1]
Assiging 2 to [3, 2]
Values cleared by AC3 : 0
Error assiging 3 to [0, 0] since 0 is assigned to [0, 1]
Error assiging 3 to [0, 1] since 0 is assigned to [0, 1]
Error assiging 3 to [0, 2] since 0 is assigned to [0, 1]
Error assiging 3 to [0, 3] since 0 is assigned to [0, 1]
Error assiging 3 to [1, 0] since 0 is assigned to [0, 1]
Error assiging 3 to [1, 1] since 0 is assigned to [0, 1]
Error assiging 3 to [1, 2] since 0 is assigned to [0, 1]
Error assiging 3 to [1, 3] since 1 is assigned to [1, 3]
Assiging 3 to [2, 0]
Values cleared by AC3 : 0
Error assiging 3 to [2, 1] since 0 is assigned to [0, 1]
Error assiging 3 to [2, 2] since 1 is assigned to [1, 3]
Error assiging 3 to [2, 3] since 0 is assigned to [0, 1]
Error assiging 3 to [3, 0] since 2 is assigned to [3, 2]
Error assiging 3 to [3, 1] since 0 is assigned to [0, 1]
Error assiging 3 to [3, 2] since 2 is assigned to [3, 2]
Error assiging 3 to [3, 3] since 1 is assigned to [1, 3]
Error assiging 2 to [3, 3] since 1 is assigned to [1, 3]
Assiging 1 to [2, 0]
Values cleared by AC3 : 0
Error assiging 2 to [0, 0] since 0 is assigned to [0, 1]
Error assiging 2 to [0, 1] since 0 is assigned to [0, 1]
Error assiging 2 to [0, 2] since 0 is assigned to [0, 1]
Error assiging 2 to [0, 3] since 0 is assigned to [0, 1]
Error assiging 2 to [1, 0] since 0 is assigned to [0, 1]
Error assiging 2 to [1, 1] since 0 is assigned to [0, 1]
Error assiging 2 to [1, 2] since 0 is assigned to [0, 1]
Assiging 2 to [1, 3]
Values cleared by AC3 : 0
Error assiging 3 to [0, 0] since 0 is assigned to [0, 1]
Error assiging 3 to [0, 1] since 0 is assigned to [0, 1]
Error assiging 3 to [0, 2] since 0 is assigned to [0, 1]
Error assiging 3 to [0, 3] since 0 is assigned to [0, 1]
Error assiging 3 to [1, 0] since 0 is assigned to [0, 1]
Error assiging 3 to [1, 1] since 0 is assigned to [0, 1]
Error assiging 3 to [1, 2] since 0 is assigned to [0, 1]
Error assiging 3 to [1, 3] since 2 is assigned to [1, 3]
Error assiging 3 to [2, 0] since 1 is assigned to [2, 0]
Error assiging 3 to [2, 1] since 0 is assigned to [0, 1]
Error assiging 3 to [2, 2] since 1 is assigned to [2, 0]
Error assiging 3 to [2, 3] since 0 is assigned to [0, 1]
Error assiging 3 to [3, 0] since 1 is assigned to [2, 0]
Error assiging 3 to [3, 1] since 0 is assigned to [0, 1]
Assiging 3 to [3, 2]
Values cleared by AC3 : 0
Error assiging 3 to [3, 3] since 2 is assigned to [1, 3]
Error assiging 2 to [2, 0] since 1 is assigned to [2, 0]
Error assiging 2 to [2, 1] since 0 is assigned to [0, 1]
Error assiging 2 to [2, 2] since 1 is assigned to [2, 0]
Error assiging 2 to [2, 3] since 0 is assigned to [0, 1]
Error assiging 2 to [3, 0] since 1 is assigned to [2, 0]
Error assiging 2 to [3, 1] since 0 is assigned to [0, 1]
Assiging 2 to [3, 2]
Values cleared by AC3 : 0
Error assiging 3 to [0, 0] since 0 is assigned to [0, 1]
Error assiging 3 to [0, 1] since 0 is assigned to [0, 1]
Error assiging 3 to [0, 2] since 0 is assigned to [0, 1]
Error assiging 3 to [0, 3] since 0 is assigned to [0, 1]
Error assiging 3 to [1, 0] since 0 is assigned to [0, 1]
Error assiging 3 to [1, 1] since 0 is assigned to [0, 1]
Error assiging 3 to [1, 2] since 0 is assigned to [0, 1]
Assiging 3 to [1, 3]
Values cleared by AC3 : 0
Error assiging 3 to [2, 0] since 1 is assigned to [2, 0]
Error assiging 3 to [2, 1] since 0 is assigned to [0, 1]
Error assiging 3 to [2, 2] since 1 is assigned to [2, 0]
Error assiging 3 to [2, 3] since 0 is assigned to [0, 1]
Error assiging 3 to [3, 0] since 1 is assigned to [2, 0]
Error assiging 3 to [3, 1] since 0 is assigned to [0, 1]
Error assiging 3 to [3, 2] since 2 is assigned to [3, 2]
Error assiging 3 to [3, 3] since 2 is assigned to [3, 2]
Assiging 2 to [3, 3]
Values cleared by AC3 : 0
Error assiging 3 to [0, 0] since 0 is assigned to [0, 1]
Error assiging 3 to [0, 1] since 0 is assigned to [0, 1]
Error assiging 3 to [0, 2] since 0 is assigned to [0, 1]
Error assiging 3 to [0, 3] since 0 is assigned to [0, 1]
Error assiging 3 to [1, 0] since 0 is assigned to [0, 1]
Error assiging 3 to [1, 1] since 0 is assigned to [0, 1]
Error assiging 3 to [1, 2] since 0 is assigned to [0, 1]
Error assiging 3 to [1, 3] since 2 is assigned to [3, 3]
Error assiging 3 to [2, 0] since 1 is assigned to [2, 0]
Error assiging 3 to [2, 1] since 0 is assigned to [0, 1]
Error assiging 3 to [2, 2] since 1 is assigned to [2, 0]
Error assiging 3 to [2, 3] since 0 is assigned to [0, 1]
Error assiging 3 to [3, 0] since 1 is assigned to [2, 0]
Error assiging 3 to [3, 1] since 0 is assigned to [0, 1]
Error assiging 3 to [3, 2] since 2 is assigned to [3, 3]
Error assiging 3 to [3, 3] since 2 is assigned to [3, 3]
Error assiging 1 to [2, 1] since 0 is assigned to [0, 1]
Assiging 1 to [2, 2]
Values cleared by AC3 : 0
Error assiging 2 to [0, 0] since 0 is assigned to [0, 1]
Error assiging 2 to [0, 1] since 0 is assigned to [0, 1]
Error assiging 2 to [0, 2] since 0 is assigned to [0, 1]
Error assiging 2 to [0, 3] since 0 is assigned to [0, 1]
Error assiging 2 to [1, 0] since 0 is assigned to [0, 1]
Error assiging 2 to [1, 1] since 0 is assigned to [0, 1]
Error assiging 2 to [1, 2] since 0 is assigned to [0, 1]
Error assiging 2 to [1, 3] since 1 is assigned to [2, 2]
Error assiging 2 to [2, 0] since 1 is assigned to [2, 2]
Error assiging 2 to [2, 1] since 0 is assigned to [0, 1]
Error assiging 2 to [2, 2] since 1 is assigned to [2, 2]
Error assiging 2 to [2, 3] since 0 is assigned to [0, 1]
Assiging 2 to [3, 0]
Values cleared by AC3 : 0
Error assiging 3 to [0, 0] since 0 is assigned to [0, 1]
Error assiging 3 to [0, 1] since 0 is assigned to [0, 1]
Error assiging 3 to [0, 2] since 0 is assigned to [0, 1]
Error assiging 3 to [0, 3] since 0 is assigned to [0, 1]
Error assiging 3 to [1, 0] since 0 is assigned to [0, 1]
Error assiging 3 to [1, 1] since 0 is assigned to [0, 1]
Error assiging 3 to [1, 2] since 0 is assigned to [0, 1]
Error assiging 3 to [1, 3] since 1 is assigned to [2, 2]
Error assiging 3 to [2, 0] since 1 is assigned to [2, 2]
Error assiging 3 to [2, 1] since 0 is assigned to [0, 1]
Error assiging 3 to [2, 2] since 1 is assigned to [2, 2]
Error assiging 3 to [2, 3] since 0 is assigned to [0, 1]
Error assiging 3 to [3, 0] since 2 is assigned to [3, 0]
Error assiging 3 to [3, 1] since 0 is assigned to [0, 1]
Error assiging 3 to [3, 2] since 1 is assigned to [2, 2]
Error assiging 3 to [3, 3] since 1 is assigned to [2, 2]
Error assiging 2 to [3, 1] since 0 is assigned to [0, 1]
Error assiging 2 to [3, 2] since 1 is assigned to [2, 2]
Error assiging 2 to [3, 3] since 1 is assigned to [2, 2]
Error assiging 1 to [2, 3] since 0 is assigned to [0, 1]
Assiging 1 to [3, 0]
Values cleared by AC3 : 0
Error assiging 2 to [0, 0] since 0 is assigned to [0, 1]
Error assiging 2 to [0, 1] since 0 is assigned to [0, 1]
Error assiging 2 to [0, 2] since 0 is assigned to [0, 1]
Error assiging 2 to [0, 3] since 0 is assigned to [0, 1]
Error assiging 2 to [1, 0] since 0 is assigned to [0, 1]
Error assiging 2 to [1, 1] since 0 is assigned to [0, 1]
Error assiging 2 to [1, 2] since 0 is assigned to [0, 1]
Assiging 2 to [1, 3]
Values cleared by AC3 : 0
Error assiging 3 to [0, 0] since 0 is assigned to [0, 1]
Error assiging 3 to [0, 1] since 0 is assigned to [0, 1]
Error assiging 3 to [0, 2] since 0 is assigned to [0, 1]
Error assiging 3 to [0, 3] since 0 is assigned to [0, 1]
Error assiging 3 to [1, 0] since 0 is assigned to [0, 1]
Error assiging 3 to [1, 1] since 0 is assigned to [0, 1]
Error assiging 3 to [1, 2] since 0 is assigned to [0, 1]
Error assiging 3 to [1, 3] since 2 is assigned to [1, 3]
Error assiging 3 to [2, 0] since 1 is assigned to [3, 0]
Error assiging 3 to [2, 1] since 0 is assigned to [0, 1]
Error assiging 3 to [2, 2] since 2 is assigned to [1, 3]
Error assiging 3 to [2, 3] since 0 is assigned to [0, 1]
Error assiging 3 to [3, 0] since 1 is assigned to [3, 0]
Error assiging 3 to [3, 1] since 0 is assigned to [0, 1]
Error assiging 3 to [3, 2] since 1 is assigned to [3, 0]
Error assiging 3 to [3, 3] since 1 is assigned to [3, 0]
Error assiging 2 to [2, 0] since 1 is assigned to [3, 0]
Error assiging 2 to [2, 1] since 0 is assigned to [0, 1]
Assiging 2 to [2, 2]
Values cleared by AC3 : 0
Error assiging 3 to [0, 0] since 0 is assigned to [0, 1]
Error assiging 3 to [0, 1] since 0 is assigned to [0, 1]
Error assiging 3 to [0, 2] since 0 is assigned to [0, 1]
Error assiging 3 to [0, 3] since 0 is assigned to [0, 1]
Error assiging 3 to [1, 0] since 0 is assigned to [0, 1]
Error assiging 3 to [1, 1] since 0 is assigned to [0, 1]
Error assiging 3 to [1, 2] since 0 is assigned to [0, 1]
Error assiging 3 to [1, 3] since 2 is assigned to [2, 2]
Error assiging 3 to [2, 0] since 1 is assigned to [3, 0]
Error assiging 3 to [2, 1] since 0 is assigned to [0, 1]
Error assiging 3 to [2, 2] since 2 is assigned to [2, 2]
Error assiging 3 to [2, 3] since 0 is assigned to [0, 1]
Error assiging 3 to [3, 0] since 1 is assigned to [3, 0]
Error assiging 3 to [3, 1] since 0 is assigned to [0, 1]
Error assiging 3 to [3, 2] since 1 is assigned to [3, 0]
Error assiging 3 to [3, 3] since 1 is assigned to [3, 0]
Error assiging 2 to [2, 3] since 0 is assigned to [0, 1]
Error assiging 2 to [3, 0] since 1 is assigned to [3, 0]
Error assiging 2 to [3, 1] since 0 is assigned to [0, 1]
Error assiging 2 to [3, 2] since 1 is assigned to [3, 0]
Error assiging 2 to [3, 3] since 1 is assigned to [3, 0]
Error assiging 1 to [3, 1] since 0 is assigned to [0, 1]
Assiging 1 to [3, 2]
Values cleared by AC3 : 0
Error assiging 2 to [0, 0] since 0 is assigned to [0, 1]
Error assiging 2 to [0, 1] since 0 is assigned to [0, 1]
Error assiging 2 to [0, 2] since 0 is assigned to [0, 1]
Error assiging 2 to [0, 3] since 0 is assigned to [0, 1]
Error assiging 2 to [1, 0] since 0 is assigned to [0, 1]
Error assiging 2 to [1, 1] since 0 is assigned to [0, 1]
Error assiging 2 to [1, 2] since 0 is assigned to [0, 1]
Assiging 2 to [1, 3]
Values cleared by AC3 : 0
Error assiging 3 to [0, 0] since 0 is assigned to [0, 1]
Error assiging 3 to [0, 1] since 0 is assigned to [0, 1]
Error assiging 3 to [0, 2] since 0 is assigned to [0, 1]
Error assiging 3 to [0, 3] since 0 is assigned to [0, 1]
Error assiging 3 to [1, 0] since 0 is assigned to [0, 1]
Error assiging 3 to [1, 1] since 0 is assigned to [0, 1]
Error assiging 3 to [1, 2] since 0 is assigned to [0, 1]
Error assiging 3 to [1, 3] since 2 is assigned to [1, 3]
Assiging 3 to [2, 0]
Values cleared by AC3 : 0
Error assiging 3 to [2, 1] since 0 is assigned to [0, 1]
Error assiging 3 to [2, 2] since 1 is assigned to [3, 2]
Error assiging 3 to [2, 3] since 0 is assigned to [0, 1]
Error assiging 3 to [3, 0] since 1 is assigned to [3, 2]
Error assiging 3 to [3, 1] since 0 is assigned to [0, 1]
Error assiging 3 to [3, 2] since 1 is assigned to [3, 2]
Error assiging 3 to [3, 3] since 1 is assigned to [3, 2]
Assiging 2 to [2, 0]
Values cleared by AC3 : 0
Error assiging 3 to [0, 0] since 0 is assigned to [0, 1]
Error assiging 3 to [0, 1] since 0 is assigned to [0, 1]
Error assiging 3 to [0, 2] since 0 is assigned to [0, 1]
Error assiging 3 to [0, 3] since 0 is assigned to [0, 1]
Error assiging 3 to [1, 0] since 0 is assigned to [0, 1]
Error assiging 3 to [1, 1] since 0 is assigned to [0, 1]
Error assiging 3 to [1, 2] since 0 is assigned to [0, 1]
Assiging 3 to [1, 3]
Values cleared by AC3 : 0
Error assiging 3 to [2, 0] since 2 is assigned to [2, 0]
Error assiging 3 to [2, 1] since 0 is assigned to [0, 1]
Error assiging 3 to [2, 2] since 1 is assigned to [3, 2]
Error assiging 3 to [2, 3] since 0 is assigned to [0, 1]
Error assiging 3 to [3, 0] since 1 is assigned to [3, 2]
Error assiging 3 to [3, 1] since 0 is assigned to [0, 1]
Error assiging 3 to [3, 2] since 1 is assigned to [3, 2]
Error assiging 3 to [3, 3] since 1 is assigned to [3, 2]
Error assiging 2 to [2, 1] since 0 is assigned to [0, 1]
Error assiging 2 to [2, 2] since 1 is assigned to [3, 2]
Error assiging 2 to [2, 3] since 0 is assigned to [0, 1]
Error assiging 2 to [3, 0] since 1 is assigned to [3, 2]
Error assiging 2 to [3, 1] since 0 is assigned to [0, 1]
Error assiging 2 to [3, 2] since 1 is assigned to [3, 2]
Error assiging 2 to [3, 3] since 1 is assigned to [3, 2]
Assiging 1 to [3, 3]
Values cleared by AC3 : 0
Error assiging 2 to [0, 0] since 0 is assigned to [0, 1]
Error assiging 2 to [0, 1] since 0 is assigned to [0, 1]
Error assiging 2 to [0, 2] since 0 is assigned to [0, 1]
Error assiging 2 to [0, 3] since 0 is assigned to [0, 1]
Error assiging 2 to [1, 0] since 0 is assigned to [0, 1]
Error assiging 2 to [1, 1] since 0 is assigned to [0, 1]
Error assiging 2 to [1, 2] since 0 is assigned to [0, 1]
Error assiging 2 to [1, 3] since 1 is assigned to [3, 3]
Assiging 2 to [2, 0]
Values cleared by AC3 : 0
Error assiging 3 to [0, 0] since 0 is assigned to [0, 1]
Error assiging 3 to [0, 1] since 0 is assigned to [0, 1]
Error assiging 3 to [0, 2] since 0 is assigned to [0, 1]
Error assiging 3 to [0, 3] since 0 is assigned to [0, 1]
Error assiging 3 to [1, 0] since 0 is assigned to [0, 1]
Error assiging 3 to [1, 1] since 0 is assigned to [0, 1]
Error assiging 3 to [1, 2] since 0 is assigned to [0, 1]
Error assiging 3 to [1, 3] since 1 is assigned to [3, 3]
Error assiging 3 to [2, 0] since 2 is assigned to [2, 0]
Error assiging 3 to [2, 1] since 0 is assigned to [0, 1]
Error assiging 3 to [2, 2] since 1 is assigned to [3, 3]
Error assiging 3 to [2, 3] since 0 is assigned to [0, 1]
Error assiging 3 to [3, 0] since 1 is assigned to [3, 3]
Error assiging 3 to [3, 1] since 0 is assigned to [0, 1]
Error assiging 3 to [3, 2] since 1 is assigned to [3, 3]
Error assiging 3 to [3, 3] since 1 is assigned to [3, 3]
Error assiging 2 to [2, 1] since 0 is assigned to [0, 1]
Error assiging 2 to [2, 2] since 1 is assigned to [3, 3]
Error assiging 2 to [2, 3] since 0 is assigned to [0, 1]
Error assiging 2 to [3, 0] since 1 is assigned to [3, 3]
Error assiging 2 to [3, 1] since 0 is assigned to [0, 1]
Error assiging 2 to [3, 2] since 1 is assigned to [3, 3]
Error assiging 2 to [3, 3] since 1 is assigned to [3, 3]
Assiging 0 to [0, 2]
Values cleared by AC3 : 0
Error assiging 1 to [0, 0] since 0 is assigned to [0, 2]
Error assiging 1 to [0, 1] since 0 is assigned to [0, 2]
Error assiging 1 to [0, 2] since 0 is assigned to [0, 2]
Error assiging 1 to [0, 3] since 0 is assigned to [0, 2]
Assiging 1 to [1, 0]
Values cleared by AC3 : 0
Error assiging 2 to [0, 0] since 0 is assigned to [0, 2]
Error assiging 2 to [0, 1] since 0 is assigned to [0, 2]
Error assiging 2 to [0, 2] since 0 is assigned to [0, 2]
Error assiging 2 to [0, 3] since 0 is assigned to [0, 2]
Error assiging 2 to [1, 0] since 1 is assigned to [1, 0]
Error assiging 2 to [1, 1] since 0 is assigned to [0, 2]
Error assiging 2 to [1, 2] since 0 is assigned to [0, 2]
Error assiging 2 to [1, 3] since 0 is assigned to [0, 2]
Error assiging 2 to [2, 0] since 0 is assigned to [0, 2]
Error assiging 2 to [2, 1] since 1 is assigned to [1, 0]
Error assiging 2 to [2, 2] since 0 is assigned to [0, 2]
Assiging 2 to [2, 3]
Values cleared by AC3 : 0
Error assiging 3 to [0, 0] since 0 is assigned to [0, 2]
Error assiging 3 to [0, 1] since 0 is assigned to [0, 2]
Error assiging 3 to [0, 2] since 0 is assigned to [0, 2]
Error assiging 3 to [0, 3] since 0 is assigned to [0, 2]
Error assiging 3 to [1, 0] since 1 is assigned to [1, 0]
Error assiging 3 to [1, 1] since 0 is assigned to [0, 2]
Error assiging 3 to [1, 2] since 0 is assigned to [0, 2]
Error assiging 3 to [1, 3] since 0 is assigned to [0, 2]
Error assiging 3 to [2, 0] since 0 is assigned to [0, 2]
Error assiging 3 to [2, 1] since 1 is assigned to [1, 0]
Error assiging 3 to [2, 2] since 0 is assigned to [0, 2]
Error assiging 3 to [2, 3] since 2 is assigned to [2, 3]
Error assiging 3 to [3, 0] since 1 is assigned to [1, 0]
Assiging 3 to [3, 1]
Values cleared by AC3 : 0
Error assiging 3 to [3, 2] since 0 is assigned to [0, 2]
Error assiging 3 to [3, 3] since 2 is assigned to [2, 3]
Error assiging 2 to [3, 0] since 1 is assigned to [1, 0]
Assiging 2 to [3, 1]
Values cleared by AC3 : 0
Error assiging 3 to [0, 0] since 0 is assigned to [0, 2]
Error assiging 3 to [0, 1] since 0 is assigned to [0, 2]
Error assiging 3 to [0, 2] since 0 is assigned to [0, 2]
Error assiging 3 to [0, 3] since 0 is assigned to [0, 2]
Error assiging 3 to [1, 0] since 1 is assigned to [1, 0]
Error assiging 3 to [1, 1] since 0 is assigned to [0, 2]
Error assiging 3 to [1, 2] since 0 is assigned to [0, 2]
Error assiging 3 to [1, 3] since 0 is assigned to [0, 2]
Error assiging 3 to [2, 0] since 0 is assigned to [0, 2]
Error assiging 3 to [2, 1] since 1 is assigned to [1, 0]
Error assiging 3 to [2, 2] since 0 is assigned to [0, 2]
Assiging 3 to [2, 3]
Values cleared by AC3 : 0
Error assiging 3 to [3, 0] since 1 is assigned to [1, 0]
Error assiging 3 to [3, 1] since 2 is assigned to [3, 1]
Error assiging 3 to [3, 2] since 0 is assigned to [0, 2]
Error assiging 3 to [3, 3] since 2 is assigned to [3, 1]
Error assiging 2 to [3, 2] since 0 is assigned to [0, 2]
Assiging 2 to [3, 3]
Values cleared by AC3 : 0
Error assiging 3 to [0, 0] since 0 is assigned to [0, 2]
Error assiging 3 to [0, 1] since 0 is assigned to [0, 2]
Error assiging 3 to [0, 2] since 0 is assigned to [0, 2]
Error assiging 3 to [0, 3] since 0 is assigned to [0, 2]
Error assiging 3 to [1, 0] since 1 is assigned to [1, 0]
Error assiging 3 to [1, 1] since 0 is assigned to [0, 2]
Error assiging 3 to [1, 2] since 0 is assigned to [0, 2]
Error assiging 3 to [1, 3] since 0 is assigned to [0, 2]
Error assiging 3 to [2, 0] since 0 is assigned to [0, 2]
Error assiging 3 to [2, 1] since 1 is assigned to [1, 0]
Error assiging 3 to [2, 2] since 0 is assigned to [0, 2]
Error assiging 3 to [2, 3] since 2 is assigned to [3, 3]
Error assiging 3 to [3, 0] since 1 is assigned to [1, 0]
Error assiging 3 to [3, 1] since 2 is assigned to [3, 3]
Error assiging 3 to [3, 2] since 0 is assigned to [0, 2]
Error assiging 3 to [3, 3] since 2 is assigned to [3, 3]
Error assiging 1 to [1, 1] since 0 is assigned to [0, 2]
Error assiging 1 to [1, 2] since 0 is assigned to [0, 2]
Error assiging 1 to [1, 3] since 0 is assigned to [0, 2]
Error assiging 1 to [2, 0] since 0 is assigned to [0, 2]
Assiging 1 to [2, 1]
Values cleared by AC3 : 0
Error assiging 2 to [0, 0] since 0 is assigned to [0, 2]
Error assiging 2 to [0, 1] since 0 is assigned to [0, 2]
Error assiging 2 to [0, 2] since 0 is assigned to [0, 2]
Error assiging 2 to [0, 3] since 0 is assigned to [0, 2]
Error assiging 2 to [1, 0] since 1 is assigned to [2, 1]
Error assiging 2 to [1, 1] since 0 is assigned to [0, 2]
Error assiging 2 to [1, 2] since 0 is assigned to [0, 2]
Error assiging 2 to [1, 3] since 0 is assigned to [0, 2]
Error assiging 2 to [2, 0] since 0 is assigned to [0, 2]
Error assiging 2 to [2, 1] since 1 is assigned to [2, 1]
Error assiging 2 to [2, 2] since 0 is assigned to [0, 2]
Error assiging 2 to [2, 3] since 1 is assigned to [2, 1]
Error assiging 2 to [3, 0] since 1 is assigned to [2, 1]
Error assiging 2 to [3, 1] since 1 is assigned to [2, 1]
Error assiging 2 to [3, 2] since 0 is assigned to [0, 2]
Assiging 2 to [3, 3]
Values cleared by AC3 : 0
Error assiging 3 to [0, 0] since 0 is assigned to [0, 2]
Error assiging 3 to [0, 1] since 0 is assigned to [0, 2]
Error assiging 3 to [0, 2] since 0 is assigned to [0, 2]
Error assiging 3 to [0, 3] since 0 is assigned to [0, 2]
Error assiging 3 to [1, 0] since 1 is assigned to [2, 1]
Error assiging 3 to [1, 1] since 0 is assigned to [0, 2]
Error assiging 3 to [1, 2] since 0 is assigned to [0, 2]
Error assiging 3 to [1, 3] since 0 is assigned to [0, 2]
Error assiging 3 to [2, 0] since 0 is assigned to [0, 2]
Error assiging 3 to [2, 1] since 1 is assigned to [2, 1]
Error assiging 3 to [2, 2] since 0 is assigned to [0, 2]
Error assiging 3 to [2, 3] since 1 is assigned to [2, 1]
Error assiging 3 to [3, 0] since 1 is assigned to [2, 1]
Error assiging 3 to [3, 1] since 1 is assigned to [2, 1]
Error assiging 3 to [3, 2] since 0 is assigned to [0, 2]
Error assiging 3 to [3, 3] since 2 is assigned to [3, 3]
Error assiging 1 to [2, 2] since 0 is assigned to [0, 2]
Assiging 1 to [2, 3]
Values cleared by AC3 : 0
Error assiging 2 to [0, 0] since 0 is assigned to [0, 2]
Error assiging 2 to [0, 1] since 0 is assigned to [0, 2]
Error assiging 2 to [0, 2] since 0 is assigned to [0, 2]
Error assiging 2 to [0, 3] since 0 is assigned to [0, 2]
Assiging 2 to [1, 0]
Values cleared by AC3 : 0
Error assiging 3 to [0, 0] since 0 is assigned to [0, 2]
Error assiging 3 to [0, 1] since 0 is assigned to [0, 2]
Error assiging 3 to [0, 2] since 0 is assigned to [0, 2]
Error assiging 3 to [0, 3] since 0 is assigned to [0, 2]
Error assiging 3 to [1, 0] since 2 is assigned to [1, 0]
Error assiging 3 to [1, 1] since 0 is assigned to [0, 2]
Error assiging 3 to [1, 2] since 0 is assigned to [0, 2]
Error assiging 3 to [1, 3] since 0 is assigned to [0, 2]
Error assiging 3 to [2, 0] since 0 is assigned to [0, 2]
Error assiging 3 to [2, 1] since 1 is assigned to [2, 3]
Error assiging 3 to [2, 2] since 0 is assigned to [0, 2]
Error assiging 3 to [2, 3] since 1 is assigned to [2, 3]
Error assiging 3 to [3, 0] since 2 is assigned to [1, 0]
Assiging 3 to [3, 1]
Values cleared by AC3 : 0
Error assiging 3 to [3, 2] since 0 is assigned to [0, 2]
Error assiging 3 to [3, 3] since 1 is assigned to [2, 3]
Error assiging 2 to [1, 1] since 0 is assigned to [0, 2]
Error assiging 2 to [1, 2] since 0 is assigned to [0, 2]
Error assiging 2 to [1, 3] since 0 is assigned to [0, 2]
Error assiging 2 to [2, 0] since 0 is assigned to [0, 2]
Error assiging 2 to [2, 1] since 1 is assigned to [2, 3]
Error assiging 2 to [2, 2] since 0 is assigned to [0, 2]
Error assiging 2 to [2, 3] since 1 is assigned to [2, 3]
Assiging 2 to [3, 0]
Values cleared by AC3 : 0
Error assiging 3 to [0, 0] since 0 is assigned to [0, 2]
Error assiging 3 to [0, 1] since 0 is assigned to [0, 2]
Error assiging 3 to [0, 2] since 0 is assigned to [0, 2]
Error assiging 3 to [0, 3] since 0 is assigned to [0, 2]
Error assiging 3 to [1, 0] since 2 is assigned to [3, 0]
Error assiging 3 to [1, 1] since 0 is assigned to [0, 2]
Error assiging 3 to [1, 2] since 0 is assigned to [0, 2]
Error assiging 3 to [1, 3] since 0 is assigned to [0, 2]
Error assiging 3 to [2, 0] since 0 is assigned to [0, 2]
Error assiging 3 to [2, 1] since 1 is assigned to [2, 3]
Error assiging 3 to [2, 2] since 0 is assigned to [0, 2]
Error assiging 3 to [2, 3] since 1 is assigned to [2, 3]
Error assiging 3 to [3, 0] since 2 is assigned to [3, 0]
Error assiging 3 to [3, 1] since 2 is assigned to [3, 0]
Error assiging 3 to [3, 2] since 0 is assigned to [0, 2]
Error assiging 3 to [3, 3] since 1 is assigned to [2, 3]
Assiging 2 to [3, 1]
Values cleared by AC3 : 0
Error assiging 3 to [0, 0] since 0 is assigned to [0, 2]
Error assiging 3 to [0, 1] since 0 is assigned to [0, 2]
Error assiging 3 to [0, 2] since 0 is assigned to [0, 2]
Error assiging 3 to [0, 3] since 0 is assigned to [0, 2]
Assiging 3 to [1, 0]
Values cleared by AC3 : 0
Error assiging 3 to [1, 1] since 0 is assigned to [0, 2]
Error assiging 3 to [1, 2] since 0 is assigned to [0, 2]
Error assiging 3 to [1, 3] since 0 is assigned to [0, 2]
Error assiging 3 to [2, 0] since 0 is assigned to [0, 2]
Error assiging 3 to [2, 1] since 1 is assigned to [2, 3]
Error assiging 3 to [2, 2] since 0 is assigned to [0, 2]
Error assiging 3 to [2, 3] since 1 is assigned to [2, 3]
Error assiging 3 to [3, 0] since 2 is assigned to [3, 1]
Error assiging 3 to [3, 1] since 2 is assigned to [3, 1]
Error assiging 3 to [3, 2] since 0 is assigned to [0, 2]
Error assiging 3 to [3, 3] since 1 is assigned to [2, 3]
Error assiging 2 to [3, 2] since 0 is assigned to [0, 2]
Error assiging 2 to [3, 3] since 1 is assigned to [2, 3]
Assiging 1 to [3, 0]
Values cleared by AC3 : 0
Error assiging 2 to [0, 0] since 0 is assigned to [0, 2]
Error assiging 2 to [0, 1] since 0 is assigned to [0, 2]
Error assiging 2 to [0, 2] since 0 is assigned to [0, 2]
Error assiging 2 to [0, 3] since 0 is assigned to [0, 2]
Error assiging 2 to [1, 0] since 1 is assigned to [3, 0]
Error assiging 2 to [1, 1] since 0 is assigned to [0, 2]
Error assiging 2 to [1, 2] since 0 is assigned to [0, 2]
Error assiging 2 to [1, 3] since 0 is assigned to [0, 2]
Error assiging 2 to [2, 0] since 0 is assigned to [0, 2]
Error assiging 2 to [2, 1] since 1 is assigned to [3, 0]
Error assiging 2 to [2, 2] since 0 is assigned to [0, 2]
Assiging 2 to [2, 3]
Values cleared by AC3 : 0
Error assiging 3 to [0, 0] since 0 is assigned to [0, 2]
Error assiging 3 to [0, 1] since 0 is assigned to [0, 2]
Error assiging 3 to [0, 2] since 0 is assigned to [0, 2]
Error assiging 3 to [0, 3] since 0 is assigned to [0, 2]
Error assiging 3 to [1, 0] since 1 is assigned to [3, 0]
Error assiging 3 to [1, 1] since 0 is assigned to [0, 2]
Error assiging 3 to [1, 2] since 0 is assigned to [0, 2]
Error assiging 3 to [1, 3] since 0 is assigned to [0, 2]
Error assiging 3 to [2, 0] since 0 is assigned to [0, 2]
Error assiging 3 to [2, 1] since 1 is assigned to [3, 0]
Error assiging 3 to [2, 2] since 0 is assigned to [0, 2]
Error assiging 3 to [2, 3] since 2 is assigned to [2, 3]
Error assiging 3 to [3, 0] since 1 is assigned to [3, 0]
Error assiging 3 to [3, 1] since 1 is assigned to [3, 0]
Error assiging 3 to [3, 2] since 0 is assigned to [0, 2]
Error assiging 3 to [3, 3] since 1 is assigned to [3, 0]
Error assiging 2 to [3, 0] since 1 is assigned to [3, 0]
Error assiging 2 to [3, 1] since 1 is assigned to [3, 0]
Error assiging 2 to [3, 2] since 0 is assigned to [0, 2]
Error assiging 2 to [3, 3] since 1 is assigned to [3, 0]
Assiging 1 to [3, 1]
Values cleared by AC3 : 0
Error assiging 2 to [0, 0] since 0 is assigned to [0, 2]
Error assiging 2 to [0, 1] since 0 is assigned to [0, 2]
Error assiging 2 to [0, 2] since 0 is assigned to [0, 2]
Error assiging 2 to [0, 3] since 0 is assigned to [0, 2]
Assiging 2 to [1, 0]
Values cleared by AC3 : 0
Error assiging 3 to [0, 0] since 0 is assigned to [0, 2]
Error assiging 3 to [0, 1] since 0 is assigned to [0, 2]
Error assiging 3 to [0, 2] since 0 is assigned to [0, 2]
Error assiging 3 to [0, 3] since 0 is assigned to [0, 2]
Error assiging 3 to [1, 0] since 2 is assigned to [1, 0]
Error assiging 3 to [1, 1] since 0 is assigned to [0, 2]
Error assiging 3 to [1, 2] since 0 is assigned to [0, 2]
Error assiging 3 to [1, 3] since 0 is assigned to [0, 2]
Error assiging 3 to [2, 0] since 0 is assigned to [0, 2]
Error assiging 3 to [2, 1] since 1 is assigned to [3, 1]
Error assiging 3 to [2, 2] since 0 is assigned to [0, 2]
Assiging 3 to [2, 3]
Values cleared by AC3 : 0
Error assiging 3 to [3, 0] since 1 is assigned to [3, 1]
Error assiging 3 to [3, 1] since 1 is assigned to [3, 1]
Error assiging 3 to [3, 2] since 0 is assigned to [0, 2]
Error assiging 3 to [3, 3] since 1 is assigned to [3, 1]
Error assiging 2 to [1, 1] since 0 is assigned to [0, 2]
Error assiging 2 to [1, 2] since 0 is assigned to [0, 2]
Error assiging 2 to [1, 3] since 0 is assigned to [0, 2]
Error assiging 2 to [2, 0] since 0 is assigned to [0, 2]
Error assiging 2 to [2, 1] since 1 is assigned to [3, 1]
Error assiging 2 to [2, 2] since 0 is assigned to [0, 2]
Assiging 2 to [2, 3]
Values cleared by AC3 : 0
Error assiging 3 to [0, 0] since 0 is assigned to [0, 2]
Error assiging 3 to [0, 1] since 0 is assigned to [0, 2]
Error assiging 3 to [0, 2] since 0 is assigned to [0, 2]
Error assiging 3 to [0, 3] since 0 is assigned to [0, 2]
Assiging 3 to [1, 0]
Values cleared by AC3 : 0
Error assiging 3 to [1, 1] since 0 is assigned to [0, 2]
Error assiging 3 to [1, 2] since 0 is assigned to [0, 2]
Error assiging 3 to [1, 3] since 0 is assigned to [0, 2]
Error assiging 3 to [2, 0] since 0 is assigned to [0, 2]
Error assiging 3 to [2, 1] since 1 is assigned to [3, 1]
Error assiging 3 to [2, 2] since 0 is assigned to [0, 2]
Error assiging 3 to [2, 3] since 2 is assigned to [2, 3]
Error assiging 3 to [3, 0] since 1 is assigned to [3, 1]
Error assiging 3 to [3, 1] since 1 is assigned to [3, 1]
Error assiging 3 to [3, 2] since 0 is assigned to [0, 2]
Error assiging 3 to [3, 3] since 1 is assigned to [3, 1]
Error assiging 2 to [3, 0] since 1 is assigned to [3, 1]
Error assiging 2 to [3, 1] since 1 is assigned to [3, 1]
Error assiging 2 to [3, 2] since 0 is assigned to [0, 2]
Error assiging 2 to [3, 3] since 1 is assigned to [3, 1]
Error assiging 1 to [3, 2] since 0 is assigned to [0, 2]
Assiging 1 to [3, 3]
Values cleared by AC3 : 0
Error assiging 2 to [0, 0] since 0 is assigned to [0, 2]
Error assiging 2 to [0, 1] since 0 is assigned to [0, 2]
Error assiging 2 to [0, 2] since 0 is assigned to [0, 2]
Error assiging 2 to [0, 3] since 0 is assigned to [0, 2]
Assiging 2 to [1, 0]
Values cleared by AC3 : 0
Error assiging 3 to [0, 0] since 0 is assigned to [0, 2]
Error assiging 3 to [0, 1] since 0 is assigned to [0, 2]
Error assiging 3 to [0, 2] since 0 is assigned to [0, 2]
Error assiging 3 to [0, 3] since 0 is assigned to [0, 2]
Error assiging 3 to [1, 0] since 2 is assigned to [1, 0]
Error assiging 3 to [1, 1] since 0 is assigned to [0, 2]
Error assiging 3 to [1, 2] since 0 is assigned to [0, 2]
Error assiging 3 to [1, 3] since 0 is assigned to [0, 2]
Error assiging 3 to [2, 0] since 0 is assigned to [0, 2]
Error assiging 3 to [2, 1] since 2 is assigned to [1, 0]
Error assiging 3 to [2, 2] since 0 is assigned to [0, 2]
Error assiging 3 to [2, 3] since 1 is assigned to [3, 3]
Error assiging 3 to [3, 0] since 1 is assigned to [3, 3]
Error assiging 3 to [3, 1] since 1 is assigned to [3, 3]
Error assiging 3 to [3, 2] since 0 is assigned to [0, 2]
Error assiging 3 to [3, 3] since 1 is assigned to [3, 3]
Error assiging 2 to [1, 1] since 0 is assigned to [0, 2]
Error assiging 2 to [1, 2] since 0 is assigned to [0, 2]
Error assiging 2 to [1, 3] since 0 is assigned to [0, 2]
Error assiging 2 to [2, 0] since 0 is assigned to [0, 2]
Assiging 2 to [2, 1]
Values cleared by AC3 : 0
Error assiging 3 to [0, 0] since 0 is assigned to [0, 2]
Error assiging 3 to [0, 1] since 0 is assigned to [0, 2]
Error assiging 3 to [0, 2] since 0 is assigned to [0, 2]
Error assiging 3 to [0, 3] since 0 is assigned to [0, 2]
Error assiging 3 to [1, 0] since 2 is assigned to [2, 1]
Error assiging 3 to [1, 1] since 0 is assigned to [0, 2]
Error assiging 3 to [1, 2] since 0 is assigned to [0, 2]
Error assiging 3 to [1, 3] since 0 is assigned to [0, 2]
Error assiging 3 to [2, 0] since 0 is assigned to [0, 2]
Error assiging 3 to [2, 1] since 2 is assigned to [2, 1]
Error assiging 3 to [2, 2] since 0 is assigned to [0, 2]
Error assiging 3 to [2, 3] since 1 is assigned to [3, 3]
Error assiging 3 to [3, 0] since 1 is assigned to [3, 3]
Error assiging 3 to [3, 1] since 1 is assigned to [3, 3]
Error assiging 3 to [3, 2] since 0 is assigned to [0, 2]
Error assiging 3 to [3, 3] since 1 is assigned to [3, 3]
Error assiging 2 to [2, 2] since 0 is assigned to [0, 2]
Error assiging 2 to [2, 3] since 1 is assigned to [3, 3]
Error assiging 2 to [3, 0] since 1 is assigned to [3, 3]
Error assiging 2 to [3, 1] since 1 is assigned to [3, 3]
Error assiging 2 to [3, 2] since 0 is assigned to [0, 2]
Error assiging 2 to [3, 3] since 1 is assigned to [3, 3]
Assiging 0 to [0, 3]
Values cleared by AC3 : 0
Error assiging 1 to [0, 0] since 0 is assigned to [0, 3]
Error assiging 1 to [0, 1] since 0 is assigned to [0, 3]
Error assiging 1 to [0, 2] since 0 is assigned to [0, 3]
Error assiging 1 to [0, 3] since 0 is assigned to [0, 3]
Assiging 1 to [1, 0]
Values cleared by AC3 : 0
Error assiging 2 to [0, 0] since 0 is assigned to [0, 3]
Error assiging 2 to [0, 1] since 0 is assigned to [0, 3]
Error assiging 2 to [0, 2] since 0 is assigned to [0, 3]
Error assiging 2 to [0, 3] since 0 is assigned to [0, 3]
Error assiging 2 to [1, 0] since 1 is assigned to [1, 0]
Error assiging 2 to [1, 1] since 1 is assigned to [1, 0]
Error assiging 2 to [1, 2] since 0 is assigned to [0, 3]
Error assiging 2 to [1, 3] since 0 is assigned to [0, 3]
Error assiging 2 to [2, 0] since 1 is assigned to [1, 0]
Error assiging 2 to [2, 1] since 0 is assigned to [0, 3]
Assiging 2 to [2, 2]
Values cleared by AC3 : 0
Error assiging 3 to [0, 0] since 0 is assigned to [0, 3]
Error assiging 3 to [0, 1] since 0 is assigned to [0, 3]
Error assiging 3 to [0, 2] since 0 is assigned to [0, 3]
Error assiging 3 to [0, 3] since 0 is assigned to [0, 3]
Error assiging 3 to [1, 0] since 1 is assigned to [1, 0]
Error assiging 3 to [1, 1] since 1 is assigned to [1, 0]
Error assiging 3 to [1, 2] since 0 is assigned to [0, 3]
Error assiging 3 to [1, 3] since 0 is assigned to [0, 3]
Error assiging 3 to [2, 0] since 1 is assigned to [1, 0]
Error assiging 3 to [2, 1] since 0 is assigned to [0, 3]
Error assiging 3 to [2, 2] since 2 is assigned to [2, 2]
Error assiging 3 to [2, 3] since 0 is assigned to [0, 3]
Error assiging 3 to [3, 0] since 0 is assigned to [0, 3]
Error assiging 3 to [3, 1] since 2 is assigned to [2, 2]
Error assiging 3 to [3, 2] since 1 is assigned to [1, 0]
Error assiging 3 to [3, 3] since 0 is assigned to [0, 3]
Error assiging 2 to [2, 3] since 0 is assigned to [0, 3]
Error assiging 2 to [3, 0] since 0 is assigned to [0, 3]
Assiging 2 to [3, 1]
Values cleared by AC3 : 0
Error assiging 3 to [0, 0] since 0 is assigned to [0, 3]
Error assiging 3 to [0, 1] since 0 is assigned to [0, 3]
Error assiging 3 to [0, 2] since 0 is assigned to [0, 3]
Error assiging 3 to [0, 3] since 0 is assigned to [0, 3]
Error assiging 3 to [1, 0] since 1 is assigned to [1, 0]
Error assiging 3 to [1, 1] since 1 is assigned to [1, 0]
Error assiging 3 to [1, 2] since 0 is assigned to [0, 3]
Error assiging 3 to [1, 3] since 0 is assigned to [0, 3]
Error assiging 3 to [2, 0] since 1 is assigned to [1, 0]
Error assiging 3 to [2, 1] since 0 is assigned to [0, 3]
Error assiging 3 to [2, 2] since 2 is assigned to [3, 1]
Error assiging 3 to [2, 3] since 0 is assigned to [0, 3]
Error assiging 3 to [3, 0] since 0 is assigned to [0, 3]
Error assiging 3 to [3, 1] since 2 is assigned to [3, 1]
Error assiging 3 to [3, 2] since 1 is assigned to [1, 0]
Error assiging 3 to [3, 3] since 0 is assigned to [0, 3]
Error assiging 2 to [3, 2] since 1 is assigned to [1, 0]
Error assiging 2 to [3, 3] since 0 is assigned to [0, 3]
Assiging 1 to [1, 1]
Values cleared by AC3 : 0
Error assiging 2 to [0, 0] since 0 is assigned to [0, 3]
Error assiging 2 to [0, 1] since 0 is assigned to [0, 3]
Error assiging 2 to [0, 2] since 0 is assigned to [0, 3]
Error assiging 2 to [0, 3] since 0 is assigned to [0, 3]
Error assiging 2 to [1, 0] since 1 is assigned to [1, 1]
Error assiging 2 to [1, 1] since 1 is assigned to [1, 1]
Error assiging 2 to [1, 2] since 0 is assigned to [0, 3]
Error assiging 2 to [1, 3] since 0 is assigned to [0, 3]
Error assiging 2 to [2, 0] since 1 is assigned to [1, 1]
Error assiging 2 to [2, 1] since 0 is assigned to [0, 3]
Error assiging 2 to [2, 2] since 1 is assigned to [1, 1]
Error assiging 2 to [2, 3] since 0 is assigned to [0, 3]
Error assiging 2 to [3, 0] since 0 is assigned to [0, 3]
Error assiging 2 to [3, 1] since 1 is assigned to [1, 1]
Assiging 2 to [3, 2]
Values cleared by AC3 : 0
Error assiging 3 to [0, 0] since 0 is assigned to [0, 3]
Error assiging 3 to [0, 1] since 0 is assigned to [0, 3]
Error assiging 3 to [0, 2] since 0 is assigned to [0, 3]
Error assiging 3 to [0, 3] since 0 is assigned to [0, 3]
Error assiging 3 to [1, 0] since 1 is assigned to [1, 1]
Error assiging 3 to [1, 1] since 1 is assigned to [1, 1]
Error assiging 3 to [1, 2] since 0 is assigned to [0, 3]
Error assiging 3 to [1, 3] since 0 is assigned to [0, 3]
Error assiging 3 to [2, 0] since 1 is assigned to [1, 1]
Error assiging 3 to [2, 1] since 0 is assigned to [0, 3]
Error assiging 3 to [2, 2] since 1 is assigned to [1, 1]
Error assiging 3 to [2, 3] since 0 is assigned to [0, 3]
Error assiging 3 to [3, 0] since 0 is assigned to [0, 3]
Error assiging 3 to [3, 1] since 1 is assigned to [1, 1]
Error assiging 3 to [3, 2] since 2 is assigned to [3, 2]
Error assiging 3 to [3, 3] since 0 is assigned to [0, 3]
Error assiging 2 to [3, 3] since 0 is assigned to [0, 3]
Error assiging 1 to [1, 2] since 0 is assigned to [0, 3]
Error assiging 1 to [1, 3] since 0 is assigned to [0, 3]
Assiging 1 to [2, 0]
Values cleared by AC3 : 0
Error assiging 2 to [0, 0] since 0 is assigned to [0, 3]
Error assiging 2 to [0, 1] since 0 is assigned to [0, 3]
Error assiging 2 to [0, 2] since 0 is assigned to [0, 3]
Error assiging 2 to [0, 3] since 0 is assigned to [0, 3]
Error assiging 2 to [1, 0] since 1 is assigned to [2, 0]
Error assiging 2 to [1, 1] since 1 is assigned to [2, 0]
Error assiging 2 to [1, 2] since 0 is assigned to [0, 3]
Error assiging 2 to [1, 3] since 0 is assigned to [0, 3]
Error assiging 2 to [2, 0] since 1 is assigned to [2, 0]
Error assiging 2 to [2, 1] since 0 is assigned to [0, 3]
Error assiging 2 to [2, 2] since 1 is assigned to [2, 0]
Error assiging 2 to [2, 3] since 0 is assigned to [0, 3]
Error assiging 2 to [3, 0] since 0 is assigned to [0, 3]
Error assiging 2 to [3, 1] since 1 is assigned to [2, 0]
Assiging 2 to [3, 2]
Values cleared by AC3 : 0
Error assiging 3 to [0, 0] since 0 is assigned to [0, 3]
Error assiging 3 to [0, 1] since 0 is assigned to [0, 3]
Error assiging 3 to [0, 2] since 0 is assigned to [0, 3]
Error assiging 3 to [0, 3] since 0 is assigned to [0, 3]
Error assiging 3 to [1, 0] since 1 is assigned to [2, 0]
Error assiging 3 to [1, 1] since 1 is assigned to [2, 0]
Error assiging 3 to [1, 2] since 0 is assigned to [0, 3]
Error assiging 3 to [1, 3] since 0 is assigned to [0, 3]
Error assiging 3 to [2, 0] since 1 is assigned to [2, 0]
Error assiging 3 to [2, 1] since 0 is assigned to [0, 3]
Error assiging 3 to [2, 2] since 1 is assigned to [2, 0]
Error assiging 3 to [2, 3] since 0 is assigned to [0, 3]
Error assiging 3 to [3, 0] since 0 is assigned to [0, 3]
Error assiging 3 to [3, 1] since 1 is assigned to [2, 0]
Error assiging 3 to [3, 2] since 2 is assigned to [3, 2]
Error assiging 3 to [3, 3] since 0 is assigned to [0, 3]
Error assiging 2 to [3, 3] since 0 is assigned to [0, 3]
Error assiging 1 to [2, 1] since 0 is assigned to [0, 3]
Assiging 1 to [2, 2]
Values cleared by AC3 : 0
Error assiging 2 to [0, 0] since 0 is assigned to [0, 3]
Error assiging 2 to [0, 1] since 0 is assigned to [0, 3]
Error assiging 2 to [0, 2] since 0 is assigned to [0, 3]
Error assiging 2 to [0, 3] since 0 is assigned to [0, 3]
Assiging 2 to [1, 0]
Values cleared by AC3 : 0
Error assiging 3 to [0, 0] since 0 is assigned to [0, 3]
Error assiging 3 to [0, 1] since 0 is assigned to [0, 3]
Error assiging 3 to [0, 2] since 0 is assigned to [0, 3]
Error assiging 3 to [0, 3] since 0 is assigned to [0, 3]
Error assiging 3 to [1, 0] since 2 is assigned to [1, 0]
Error assiging 3 to [1, 1] since 1 is assigned to [2, 2]
Error assiging 3 to [1, 2] since 0 is assigned to [0, 3]
Error assiging 3 to [1, 3] since 0 is assigned to [0, 3]
Error assiging 3 to [2, 0] since 1 is assigned to [2, 2]
Error assiging 3 to [2, 1] since 0 is assigned to [0, 3]
Error assiging 3 to [2, 2] since 1 is assigned to [2, 2]
Error assiging 3 to [2, 3] since 0 is assigned to [0, 3]
Error assiging 3 to [3, 0] since 0 is assigned to [0, 3]
Error assiging 3 to [3, 1] since 1 is assigned to [2, 2]
Error assiging 3 to [3, 2] since 1 is assigned to [2, 2]
Error assiging 3 to [3, 3] since 0 is assigned to [0, 3]
Error assiging 2 to [1, 1] since 1 is assigned to [2, 2]
Error assiging 2 to [1, 2] since 0 is assigned to [0, 3]
Error assiging 2 to [1, 3] since 0 is assigned to [0, 3]
Error assiging 2 to [2, 0] since 1 is assigned to [2, 2]
Error assiging 2 to [2, 1] since 0 is assigned to [0, 3]
Error assiging 2 to [2, 2] since 1 is assigned to [2, 2]
Error assiging 2 to [2, 3] since 0 is assigned to [0, 3]
Error assiging 2 to [3, 0] since 0 is assigned to [0, 3]
Error assiging 2 to [3, 1] since 1 is assigned to [2, 2]
Error assiging 2 to [3, 2] since 1 is assigned to [2, 2]
Error assiging 2 to [3, 3] since 0 is assigned to [0, 3]
Error assiging 1 to [2, 3] since 0 is assigned to [0, 3]
Error assiging 1 to [3, 0] since 0 is assigned to [0, 3]
Assiging 1 to [3, 1]
Values cleared by AC3 : 0
Error assiging 2 to [0, 0] since 0 is assigned to [0, 3]
Error assiging 2 to [0, 1] since 0 is assigned to [0, 3]
Error assiging 2 to [0, 2] since 0 is assigned to [0, 3]
Error assiging 2 to [0, 3] since 0 is assigned to [0, 3]
Assiging 2 to [1, 0]
Values cleared by AC3 : 0
Error assiging 3 to [0, 0] since 0 is assigned to [0, 3]
Error assiging 3 to [0, 1] since 0 is assigned to [0, 3]
Error assiging 3 to [0, 2] since 0 is assigned to [0, 3]
Error assiging 3 to [0, 3] since 0 is assigned to [0, 3]
Error assiging 3 to [1, 0] since 2 is assigned to [1, 0]
Error assiging 3 to [1, 1] since 1 is assigned to [3, 1]
Error assiging 3 to [1, 2] since 0 is assigned to [0, 3]
Error assiging 3 to [1, 3] since 0 is assigned to [0, 3]
Error assiging 3 to [2, 0] since 1 is assigned to [3, 1]
Error assiging 3 to [2, 1] since 0 is assigned to [0, 3]
Error assiging 3 to [2, 2] since 1 is assigned to [3, 1]
Error assiging 3 to [2, 3] since 0 is assigned to [0, 3]
Error assiging 3 to [3, 0] since 0 is assigned to [0, 3]
Error assiging 3 to [3, 1] since 1 is assigned to [3, 1]
Error assiging 3 to [3, 2] since 1 is assigned to [3, 1]
Error assiging 3 to [3, 3] since 0 is assigned to [0, 3]
Error assiging 2 to [1, 1] since 1 is assigned to [3, 1]
Error assiging 2 to [1, 2] since 0 is assigned to [0, 3]
Error assiging 2 to [1, 3] since 0 is assigned to [0, 3]
Error assiging 2 to [2, 0] since 1 is assigned to [3, 1]
Error assiging 2 to [2, 1] since 0 is assigned to [0, 3]
Error assiging 2 to [2, 2] since 1 is assigned to [3, 1]
Error assiging 2 to [2, 3] since 0 is assigned to [0, 3]
Error assiging 2 to [3, 0] since 0 is assigned to [0, 3]
Error assiging 2 to [3, 1] since 1 is assigned to [3, 1]
Error assiging 2 to [3, 2] since 1 is assigned to [3, 1]
Error assiging 2 to [3, 3] since 0 is assigned to [0, 3]
Assiging 1 to [3, 2]
Values cleared by AC3 : 0
Error assiging 2 to [0, 0] since 0 is assigned to [0, 3]
Error assiging 2 to [0, 1] since 0 is assigned to [0, 3]
Error assiging 2 to [0, 2] since 0 is assigned to [0, 3]
Error assiging 2 to [0, 3] since 0 is assigned to [0, 3]
Error assiging 2 to [1, 0] since 1 is assigned to [3, 2]
Assiging 2 to [1, 1]
Values cleared by AC3 : 0
Error assiging 3 to [0, 0] since 0 is assigned to [0, 3]
Error assiging 3 to [0, 1] since 0 is assigned to [0, 3]
Error assiging 3 to [0, 2] since 0 is assigned to [0, 3]
Error assiging 3 to [0, 3] since 0 is assigned to [0, 3]
Error assiging 3 to [1, 0] since 1 is assigned to [3, 2]
Error assiging 3 to [1, 1] since 2 is assigned to [1, 1]
Error assiging 3 to [1, 2] since 0 is assigned to [0, 3]
Error assiging 3 to [1, 3] since 0 is assigned to [0, 3]
Error assiging 3 to [2, 0] since 2 is assigned to [1, 1]
Error assiging 3 to [2, 1] since 0 is assigned to [0, 3]
Error assiging 3 to [2, 2] since 1 is assigned to [3, 2]
Error assiging 3 to [2, 3] since 0 is assigned to [0, 3]
Error assiging 3 to [3, 0] since 0 is assigned to [0, 3]
Error assiging 3 to [3, 1] since 1 is assigned to [3, 2]
Error assiging 3 to [3, 2] since 1 is assigned to [3, 2]
Error assiging 3 to [3, 3] since 0 is assigned to [0, 3]
Error assiging 2 to [1, 2] since 0 is assigned to [0, 3]
Error assiging 2 to [1, 3] since 0 is assigned to [0, 3]
Assiging 2 to [2, 0]
Values cleared by AC3 : 0
Error assiging 3 to [0, 0] since 0 is assigned to [0, 3]
Error assiging 3 to [0, 1] since 0 is assigned to [0, 3]
Error assiging 3 to [0, 2] since 0 is assigned to [0, 3]
Error assiging 3 to [0, 3] since 0 is assigned to [0, 3]
Error assiging 3 to [1, 0] since 1 is assigned to [3, 2]
Error assiging 3 to [1, 1] since 2 is assigned to [2, 0]
Error assiging 3 to [1, 2] since 0 is assigned to [0, 3]
Error assiging 3 to [1, 3] since 0 is assigned to [0, 3]
Error assiging 3 to [2, 0] since 2 is assigned to [2, 0]
Error assiging 3 to [2, 1] since 0 is assigned to [0, 3]
Error assiging 3 to [2, 2] since 1 is assigned to [3, 2]
Error assiging 3 to [2, 3] since 0 is assigned to [0, 3]
Error assiging 3 to [3, 0] since 0 is assigned to [0, 3]
Error assiging 3 to [3, 1] since 1 is assigned to [3, 2]
Error assiging 3 to [3, 2] since 1 is assigned to [3, 2]
Error assiging 3 to [3, 3] since 0 is assigned to [0, 3]
Error assiging 2 to [2, 1] since 0 is assigned to [0, 3]
Error assiging 2 to [2, 2] since 1 is assigned to [3, 2]
Error assiging 2 to [2, 3] since 0 is assigned to [0, 3]
Error assiging 2 to [3, 0] since 0 is assigned to [0, 3]
Error assiging 2 to [3, 1] since 1 is assigned to [3, 2]
Error assiging 2 to [3, 2] since 1 is assigned to [3, 2]
Error assiging 2 to [3, 3] since 0 is assigned to [0, 3]
Error assiging 1 to [3, 3] since 0 is assigned to [0, 3]
Assiging 0 to [1, 0]
Values cleared by AC3 : 0
Error assiging 1 to [0, 0] since 0 is assigned to [1, 0]
Error assiging 1 to [0, 1] since 0 is assigned to [1, 0]
Assiging 1 to [0, 2]
Values cleared by AC3 : 0
Error assiging 2 to [0, 0] since 0 is assigned to [1, 0]
Error assiging 2 to [0, 1] since 0 is assigned to [1, 0]
Error assiging 2 to [0, 2] since 1 is assigned to [0, 2]
Error assiging 2 to [0, 3] since 1 is assigned to [0, 2]
Error assiging 2 to [1, 0] since 0 is assigned to [1, 0]
Error assiging 2 to [1, 1] since 0 is assigned to [1, 0]
Error assiging 2 to [1, 2] since 0 is assigned to [1, 0]
Error assiging 2 to [1, 3] since 0 is assigned to [1, 0]
Error assiging 2 to [2, 0] since 0 is assigned to [1, 0]
Error assiging 2 to [2, 1] since 0 is assigned to [1, 0]
Error assiging 2 to [2, 2] since 1 is assigned to [0, 2]
Assiging 2 to [2, 3]
Values cleared by AC3 : 0
Error assiging 3 to [0, 0] since 0 is assigned to [1, 0]
Error assiging 3 to [0, 1] since 0 is assigned to [1, 0]
Error assiging 3 to [0, 2] since 1 is assigned to [0, 2]
Error assiging 3 to [0, 3] since 1 is assigned to [0, 2]
Error assiging 3 to [1, 0] since 0 is assigned to [1, 0]
Error assiging 3 to [1, 1] since 0 is assigned to [1, 0]
Error assiging 3 to [1, 2] since 0 is assigned to [1, 0]
Error assiging 3 to [1, 3] since 0 is assigned to [1, 0]
Error assiging 3 to [2, 0] since 0 is assigned to [1, 0]
Error assiging 3 to [2, 1] since 0 is assigned to [1, 0]
Error assiging 3 to [2, 2] since 1 is assigned to [0, 2]
Error assiging 3 to [2, 3] since 2 is assigned to [2, 3]
Error assiging 3 to [3, 0] since 0 is assigned to [1, 0]
Assiging 3 to [3, 1]
Values cleared by AC3 : 0
Error assiging 3 to [3, 2] since 0 is assigned to [1, 0]
Error assiging 3 to [3, 3] since 2 is assigned to [2, 3]
Error assiging 2 to [3, 0] since 0 is assigned to [1, 0]
Assiging 2 to [3, 1]
Values cleared by AC3 : 0
Error assiging 3 to [0, 0] since 0 is assigned to [1, 0]
Error assiging 3 to [0, 1] since 0 is assigned to [1, 0]
Error assiging 3 to [0, 2] since 1 is assigned to [0, 2]
Error assiging 3 to [0, 3] since 1 is assigned to [0, 2]
Error assiging 3 to [1, 0] since 0 is assigned to [1, 0]
Error assiging 3 to [1, 1] since 0 is assigned to [1, 0]
Error assiging 3 to [1, 2] since 0 is assigned to [1, 0]
Error assiging 3 to [1, 3] since 0 is assigned to [1, 0]
Error assiging 3 to [2, 0] since 0 is assigned to [1, 0]
Error assiging 3 to [2, 1] since 0 is assigned to [1, 0]
Error assiging 3 to [2, 2] since 1 is assigned to [0, 2]
Assiging 3 to [2, 3]
Values cleared by AC3 : 0
Error assiging 3 to [3, 0] since 0 is assigned to [1, 0]
Error assiging 3 to [3, 1] since 2 is assigned to [3, 1]
Error assiging 3 to [3, 2] since 0 is assigned to [1, 0]
Error assiging 3 to [3, 3] since 2 is assigned to [3, 1]
Error assiging 2 to [3, 2] since 0 is assigned to [1, 0]
Assiging 2 to [3, 3]
Values cleared by AC3 : 0
Error assiging 3 to [0, 0] since 0 is assigned to [1, 0]
Error assiging 3 to [0, 1] since 0 is assigned to [1, 0]
Error assiging 3 to [0, 2] since 1 is assigned to [0, 2]
Error assiging 3 to [0, 3] since 1 is assigned to [0, 2]
Error assiging 3 to [1, 0] since 0 is assigned to [1, 0]
Error assiging 3 to [1, 1] since 0 is assigned to [1, 0]
Error assiging 3 to [1, 2] since 0 is assigned to [1, 0]
Error assiging 3 to [1, 3] since 0 is assigned to [1, 0]
Error assiging 3 to [2, 0] since 0 is assigned to [1, 0]
Error assiging 3 to [2, 1] since 0 is assigned to [1, 0]
Error assiging 3 to [2, 2] since 1 is assigned to [0, 2]
Error assiging 3 to [2, 3] since 2 is assigned to [3, 3]
Error assiging 3 to [3, 0] since 0 is assigned to [1, 0]
Error assiging 3 to [3, 1] since 2 is assigned to [3, 3]
Error assiging 3 to [3, 2] since 0 is assigned to [1, 0]
Error assiging 3 to [3, 3] since 2 is assigned to [3, 3]
Assiging 1 to [0, 3]
Values cleared by AC3 : 0
Error assiging 2 to [0, 0] since 0 is assigned to [1, 0]
Error assiging 2 to [0, 1] since 0 is assigned to [1, 0]
Error assiging 2 to [0, 2] since 1 is assigned to [0, 3]
Error assiging 2 to [0, 3] since 1 is assigned to [0, 3]
Error assiging 2 to [1, 0] since 0 is assigned to [1, 0]
Error assiging 2 to [1, 1] since 0 is assigned to [1, 0]
Error assiging 2 to [1, 2] since 0 is assigned to [1, 0]
Error assiging 2 to [1, 3] since 0 is assigned to [1, 0]
Error assiging 2 to [2, 0] since 0 is assigned to [1, 0]
Error assiging 2 to [2, 1] since 0 is assigned to [1, 0]
Assiging 2 to [2, 2]
Values cleared by AC3 : 0
Error assiging 3 to [0, 0] since 0 is assigned to [1, 0]
Error assiging 3 to [0, 1] since 0 is assigned to [1, 0]
Error assiging 3 to [0, 2] since 1 is assigned to [0, 3]
Error assiging 3 to [0, 3] since 1 is assigned to [0, 3]
Error assiging 3 to [1, 0] since 0 is assigned to [1, 0]
Error assiging 3 to [1, 1] since 0 is assigned to [1, 0]
Error assiging 3 to [1, 2] since 0 is assigned to [1, 0]
Error assiging 3 to [1, 3] since 0 is assigned to [1, 0]
Error assiging 3 to [2, 0] since 0 is assigned to [1, 0]
Error assiging 3 to [2, 1] since 0 is assigned to [1, 0]
Error assiging 3 to [2, 2] since 2 is assigned to [2, 2]
Error assiging 3 to [2, 3] since 1 is assigned to [0, 3]
Error assiging 3 to [3, 0] since 0 is assigned to [1, 0]
Error assiging 3 to [3, 1] since 2 is assigned to [2, 2]
Error assiging 3 to [3, 2] since 0 is assigned to [1, 0]
Error assiging 3 to [3, 3] since 1 is assigned to [0, 3]
Error assiging 2 to [2, 3] since 1 is assigned to [0, 3]
Error assiging 2 to [3, 0] since 0 is assigned to [1, 0]
Assiging 2 to [3, 1]
Values cleared by AC3 : 0
Error assiging 3 to [0, 0] since 0 is assigned to [1, 0]
Error assiging 3 to [0, 1] since 0 is assigned to [1, 0]
Error assiging 3 to [0, 2] since 1 is assigned to [0, 3]
Error assiging 3 to [0, 3] since 1 is assigned to [0, 3]
Error assiging 3 to [1, 0] since 0 is assigned to [1, 0]
Error assiging 3 to [1, 1] since 0 is assigned to [1, 0]
Error assiging 3 to [1, 2] since 0 is assigned to [1, 0]
Error assiging 3 to [1, 3] since 0 is assigned to [1, 0]
Error assiging 3 to [2, 0] since 0 is assigned to [1, 0]
Error assiging 3 to [2, 1] since 0 is assigned to [1, 0]
Error assiging 3 to [2, 2] since 2 is assigned to [3, 1]
Error assiging 3 to [2, 3] since 1 is assigned to [0, 3]
Error assiging 3 to [3, 0] since 0 is assigned to [1, 0]
Error assiging 3 to [3, 1] since 2 is assigned to [3, 1]
Error assiging 3 to [3, 2] since 0 is assigned to [1, 0]
Error assiging 3 to [3, 3] since 1 is assigned to [0, 3]
Error assiging 2 to [3, 2] since 0 is assigned to [1, 0]
Error assiging 2 to [3, 3] since 1 is assigned to [0, 3]
Error assiging 1 to [1, 0] since 0 is assigned to [1, 0]
Error assiging 1 to [1, 1] since 0 is assigned to [1, 0]
Error assiging 1 to [1, 2] since 0 is assigned to [1, 0]
Error assiging 1 to [1, 3] since 0 is assigned to [1, 0]
Error assiging 1 to [2, 0] since 0 is assigned to [1, 0]
Error assiging 1 to [2, 1] since 0 is assigned to [1, 0]
Assiging 1 to [2, 2]
Values cleared by AC3 : 0
Error assiging 2 to [0, 0] since 0 is assigned to [1, 0]
Error assiging 2 to [0, 1] since 0 is assigned to [1, 0]
Error assiging 2 to [0, 2] since 1 is assigned to [2, 2]
Assiging 2 to [0, 3]
Values cleared by AC3 : 0
Error assiging 3 to [0, 0] since 0 is assigned to [1, 0]
Error assiging 3 to [0, 1] since 0 is assigned to [1, 0]
Error assiging 3 to [0, 2] since 1 is assigned to [2, 2]
Error assiging 3 to [0, 3] since 2 is assigned to [0, 3]
Error assiging 3 to [1, 0] since 0 is assigned to [1, 0]
Error assiging 3 to [1, 1] since 0 is assigned to [1, 0]
Error assiging 3 to [1, 2] since 0 is assigned to [1, 0]
Error assiging 3 to [1, 3] since 0 is assigned to [1, 0]
Error assiging 3 to [2, 0] since 0 is assigned to [1, 0]
Error assiging 3 to [2, 1] since 0 is assigned to [1, 0]
Error assiging 3 to [2, 2] since 1 is assigned to [2, 2]
Error assiging 3 to [2, 3] since 1 is assigned to [2, 2]
Error assiging 3 to [3, 0] since 0 is assigned to [1, 0]
Error assiging 3 to [3, 1] since 1 is assigned to [2, 2]
Error assiging 3 to [3, 2] since 0 is assigned to [1, 0]
Error assiging 3 to [3, 3] since 1 is assigned to [2, 2]
Error assiging 2 to [1, 0] since 0 is assigned to [1, 0]
Error assiging 2 to [1, 1] since 0 is assigned to [1, 0]
Error assiging 2 to [1, 2] since 0 is assigned to [1, 0]
Error assiging 2 to [1, 3] since 0 is assigned to [1, 0]
Error assiging 2 to [2, 0] since 0 is assigned to [1, 0]
Error assiging 2 to [2, 1] since 0 is assigned to [1, 0]
Error assiging 2 to [2, 2] since 1 is assigned to [2, 2]
Error assiging 2 to [2, 3] since 1 is assigned to [2, 2]
Error assiging 2 to [3, 0] since 0 is assigned to [1, 0]
Error assiging 2 to [3, 1] since 1 is assigned to [2, 2]
Error assiging 2 to [3, 2] since 0 is assigned to [1, 0]
Error assiging 2 to [3, 3] since 1 is assigned to [2, 2]
Assiging 1 to [2, 3]
Values cleared by AC3 : 0
Error assiging 2 to [0, 0] since 0 is assigned to [1, 0]
Error assiging 2 to [0, 1] since 0 is assigned to [1, 0]
Assiging 2 to [0, 2]
Values cleared by AC3 : 0
Error assiging 3 to [0, 0] since 0 is assigned to [1, 0]
Error assiging 3 to [0, 1] since 0 is assigned to [1, 0]
Error assiging 3 to [0, 2] since 2 is assigned to [0, 2]
Error assiging 3 to [0, 3] since 1 is assigned to [2, 3]
Error assiging 3 to [1, 0] since 0 is assigned to [1, 0]
Error assiging 3 to [1, 1] since 0 is assigned to [1, 0]
Error assiging 3 to [1, 2] since 0 is assigned to [1, 0]
Error assiging 3 to [1, 3] since 0 is assigned to [1, 0]
Error assiging 3 to [2, 0] since 0 is assigned to [1, 0]
Error assiging 3 to [2, 1] since 0 is assigned to [1, 0]
Error assiging 3 to [2, 2] since 1 is assigned to [2, 3]
Error assiging 3 to [2, 3] since 1 is assigned to [2, 3]
Error assiging 3 to [3, 0] since 0 is assigned to [1, 0]
Assiging 3 to [3, 1]
Values cleared by AC3 : 0
Error assiging 3 to [3, 2] since 0 is assigned to [1, 0]
Error assiging 3 to [3, 3] since 1 is assigned to [2, 3]
Error assiging 2 to [0, 3] since 1 is assigned to [2, 3]
Error assiging 2 to [1, 0] since 0 is assigned to [1, 0]
Error assiging 2 to [1, 1] since 0 is assigned to [1, 0]
Error assiging 2 to [1, 2] since 0 is assigned to [1, 0]
Error assiging 2 to [1, 3] since 0 is assigned to [1, 0]
Error assiging 2 to [2, 0] since 0 is assigned to [1, 0]
Error assiging 2 to [2, 1] since 0 is assigned to [1, 0]
Error assiging 2 to [2, 2] since 1 is assigned to [2, 3]
Error assiging 2 to [2, 3] since 1 is assigned to [2, 3]
Error assiging 2 to [3, 0] since 0 is assigned to [1, 0]
Assiging 2 to [3, 1]
Values cleared by AC3 : 0
Error assiging 3 to [0, 0] since 0 is assigned to [1, 0]
Error assiging 3 to [0, 1] since 0 is assigned to [1, 0]
Assiging 3 to [0, 2]
Values cleared by AC3 : 0
Error assiging 3 to [0, 3] since 1 is assigned to [2, 3]
Error assiging 3 to [1, 0] since 0 is assigned to [1, 0]
Error assiging 3 to [1, 1] since 0 is assigned to [1, 0]
Error assiging 3 to [1, 2] since 0 is assigned to [1, 0]
Error assiging 3 to [1, 3] since 0 is assigned to [1, 0]
Error assiging 3 to [2, 0] since 0 is assigned to [1, 0]
Error assiging 3 to [2, 1] since 0 is assigned to [1, 0]
Error assiging 3 to [2, 2] since 1 is assigned to [2, 3]
Error assiging 3 to [2, 3] since 1 is assigned to [2, 3]
Error assiging 3 to [3, 0] since 0 is assigned to [1, 0]
Error assiging 3 to [3, 1] since 2 is assigned to [3, 1]
Error assiging 3 to [3, 2] since 0 is assigned to [1, 0]
Error assiging 3 to [3, 3] since 1 is assigned to [2, 3]
Error assiging 2 to [3, 2] since 0 is assigned to [1, 0]
Error assiging 2 to [3, 3] since 1 is assigned to [2, 3]
Error assiging 1 to [3, 0] since 0 is assigned to [1, 0]
Assiging 1 to [3, 1]
Values cleared by AC3 : 0
Error assiging 2 to [0, 0] since 0 is assigned to [1, 0]
Error assiging 2 to [0, 1] since 0 is assigned to [1, 0]
Assiging 2 to [0, 2]
Values cleared by AC3 : 0
Error assiging 3 to [0, 0] since 0 is assigned to [1, 0]
Error assiging 3 to [0, 1] since 0 is assigned to [1, 0]
Error assiging 3 to [0, 2] since 2 is assigned to [0, 2]
Error assiging 3 to [0, 3] since 2 is assigned to [0, 2]
Error assiging 3 to [1, 0] since 0 is assigned to [1, 0]
Error assiging 3 to [1, 1] since 0 is assigned to [1, 0]
Error assiging 3 to [1, 2] since 0 is assigned to [1, 0]
Error assiging 3 to [1, 3] since 0 is assigned to [1, 0]
Error assiging 3 to [2, 0] since 0 is assigned to [1, 0]
Error assiging 3 to [2, 1] since 0 is assigned to [1, 0]
Error assiging 3 to [2, 2] since 1 is assigned to [3, 1]
Assiging 3 to [2, 3]
Values cleared by AC3 : 0
Error assiging 3 to [3, 0] since 0 is assigned to [1, 0]
Error assiging 3 to [3, 1] since 1 is assigned to [3, 1]
Error assiging 3 to [3, 2] since 0 is assigned to [1, 0]
Error assiging 3 to [3, 3] since 1 is assigned to [3, 1]
Assiging 2 to [0, 3]
Values cleared by AC3 : 0
Error assiging 3 to [0, 0] since 0 is assigned to [1, 0]
Error assiging 3 to [0, 1] since 0 is assigned to [1, 0]
Error assiging 3 to [0, 2] since 2 is assigned to [0, 3]
Error assiging 3 to [0, 3] since 2 is assigned to [0, 3]
Error assiging 3 to [1, 0] since 0 is assigned to [1, 0]
Error assiging 3 to [1, 1] since 0 is assigned to [1, 0]
Error assiging 3 to [1, 2] since 0 is assigned to [1, 0]
Error assiging 3 to [1, 3] since 0 is assigned to [1, 0]
Error assiging 3 to [2, 0] since 0 is assigned to [1, 0]
Error assiging 3 to [2, 1] since 0 is assigned to [1, 0]
Error assiging 3 to [2, 2] since 1 is assigned to [3, 1]
Error assiging 3 to [2, 3] since 2 is assigned to [0, 3]
Error assiging 3 to [3, 0] since 0 is assigned to [1, 0]
Error assiging 3 to [3, 1] since 1 is assigned to [3, 1]
Error assiging 3 to [3, 2] since 0 is assigned to [1, 0]
Error assiging 3 to [3, 3] since 1 is assigned to [3, 1]
Error assiging 2 to [1, 0] since 0 is assigned to [1, 0]
Error assiging 2 to [1, 1] since 0 is assigned to [1, 0]
Error assiging 2 to [1, 2] since 0 is assigned to [1, 0]
Error assiging 2 to [1, 3] since 0 is assigned to [1, 0]
Error assiging 2 to [2, 0] since 0 is assigned to [1, 0]
Error assiging 2 to [2, 1] since 0 is assigned to [1, 0]
Error assiging 2 to [2, 2] since 1 is assigned to [3, 1]
Assiging 2 to [2, 3]
Values cleared by AC3 : 0
Error assiging 3 to [0, 0] since 0 is assigned to [1, 0]
Error assiging 3 to [0, 1] since 0 is assigned to [1, 0]
Assiging 3 to [0, 2]
Values cleared by AC3 : 0
Error assiging 3 to [0, 3] since 2 is assigned to [2, 3]
Error assiging 3 to [1, 0] since 0 is assigned to [1, 0]
Error assiging 3 to [1, 1] since 0 is assigned to [1, 0]
Error assiging 3 to [1, 2] since 0 is assigned to [1, 0]
Error assiging 3 to [1, 3] since 0 is assigned to [1, 0]
Error assiging 3 to [2, 0] since 0 is assigned to [1, 0]
Error assiging 3 to [2, 1] since 0 is assigned to [1, 0]
Error assiging 3 to [2, 2] since 1 is assigned to [3, 1]
Error assiging 3 to [2, 3] since 2 is assigned to [2, 3]
Error assiging 3 to [3, 0] since 0 is assigned to [1, 0]
Error assiging 3 to [3, 1] since 1 is assigned to [3, 1]
Error assiging 3 to [3, 2] since 0 is assigned to [1, 0]
Error assiging 3 to [3, 3] since 1 is assigned to [3, 1]
Error assiging 2 to [3, 0] since 0 is assigned to [1, 0]
Error assiging 2 to [3, 1] since 1 is assigned to [3, 1]
Error assiging 2 to [3, 2] since 0 is assigned to [1, 0]
Error assiging 2 to [3, 3] since 1 is assigned to [3, 1]
Error assiging 1 to [3, 2] since 0 is assigned to [1, 0]
Assiging 1 to [3, 3]
Values cleared by AC3 : 0
Error assiging 2 to [0, 0] since 0 is assigned to [1, 0]
Error assiging 2 to [0, 1] since 0 is assigned to [1, 0]
Assiging 2 to [0, 2]
Values cleared by AC3 : 0
Error assiging 3 to [0, 0] since 0 is assigned to [1, 0]
Error assiging 3 to [0, 1] since 0 is assigned to [1, 0]
Error assiging 3 to [0, 2] since 2 is assigned to [0, 2]
Error assiging 3 to [0, 3] since 1 is assigned to [3, 3]
Error assiging 3 to [1, 0] since 0 is assigned to [1, 0]
Error assiging 3 to [1, 1] since 0 is assigned to [1, 0]
Error assiging 3 to [1, 2] since 0 is assigned to [1, 0]
Error assiging 3 to [1, 3] since 0 is assigned to [1, 0]
Error assiging 3 to [2, 0] since 0 is assigned to [1, 0]
Error assiging 3 to [2, 1] since 0 is assigned to [1, 0]
Error assiging 3 to [2, 2] since 1 is assigned to [3, 3]
Error assiging 3 to [2, 3] since 1 is assigned to [3, 3]
Error assiging 3 to [3, 0] since 0 is assigned to [1, 0]
Error assiging 3 to [3, 1] since 1 is assigned to [3, 3]
Error assiging 3 to [3, 2] since 0 is assigned to [1, 0]
Error assiging 3 to [3, 3] since 1 is assigned to [3, 3]
Error assiging 2 to [0, 3] since 1 is assigned to [3, 3]
Error assiging 2 to [1, 0] since 0 is assigned to [1, 0]
Error assiging 2 to [1, 1] since 0 is assigned to [1, 0]
Error assiging 2 to [1, 2] since 0 is assigned to [1, 0]
Error assiging 2 to [1, 3] since 0 is assigned to [1, 0]
Error assiging 2 to [2, 0] since 0 is assigned to [1, 0]
Error assiging 2 to [2, 1] since 0 is assigned to [1, 0]
Error assiging 2 to [2, 2] since 1 is assigned to [3, 3]
Error assiging 2 to [2, 3] since 1 is assigned to [3, 3]
Error assiging 2 to [3, 0] since 0 is assigned to [1, 0]
Error assiging 2 to [3, 1] since 1 is assigned to [3, 3]
Error assiging 2 to [3, 2] since 0 is assigned to [1, 0]
Error assiging 2 to [3, 3] since 1 is assigned to [3, 3]
Assiging 0 to [1, 1]
Values cleared by AC3 : 0
Error assiging 1 to [0, 0] since 0 is assigned to [1, 1]
Error assiging 1 to [0, 1] since 0 is assigned to [1, 1]
Error assiging 1 to [0, 2] since 0 is assigned to [1, 1]
Assiging 1 to [0, 3]
Values cleared by AC3 : 0
Error assiging 2 to [0, 0] since 0 is assigned to [1, 1]
Error assiging 2 to [0, 1] since 0 is assigned to [1, 1]
Error assiging 2 to [0, 2] since 0 is assigned to [1, 1]
Error assiging 2 to [0, 3] since 1 is assigned to [0, 3]
Error assiging 2 to [1, 0] since 0 is assigned to [1, 1]
Error assiging 2 to [1, 1] since 0 is assigned to [1, 1]
Error assiging 2 to [1, 2] since 0 is assigned to [1, 1]
Error assiging 2 to [1, 3] since 0 is assigned to [1, 1]
Error assiging 2 to [2, 0] since 0 is assigned to [1, 1]
Error assiging 2 to [2, 1] since 0 is assigned to [1, 1]
Error assiging 2 to [2, 2] since 0 is assigned to [1, 1]
Error assiging 2 to [2, 3] since 1 is assigned to [0, 3]
Error assiging 2 to [3, 0] since 1 is assigned to [0, 3]
Error assiging 2 to [3, 1] since 0 is assigned to [1, 1]
Assiging 2 to [3, 2]
Values cleared by AC3 : 0
Error assiging 3 to [0, 0] since 0 is assigned to [1, 1]
Error assiging 3 to [0, 1] since 0 is assigned to [1, 1]
Error assiging 3 to [0, 2] since 0 is assigned to [1, 1]
Error assiging 3 to [0, 3] since 1 is assigned to [0, 3]
Error assiging 3 to [1, 0] since 0 is assigned to [1, 1]
Error assiging 3 to [1, 1] since 0 is assigned to [1, 1]
Error assiging 3 to [1, 2] since 0 is assigned to [1, 1]
Error assiging 3 to [1, 3] since 0 is assigned to [1, 1]
Error assiging 3 to [2, 0] since 0 is assigned to [1, 1]
Error assiging 3 to [2, 1] since 0 is assigned to [1, 1]
Error assiging 3 to [2, 2] since 0 is assigned to [1, 1]
Error assiging 3 to [2, 3] since 1 is assigned to [0, 3]
Error assiging 3 to [3, 0] since 1 is assigned to [0, 3]
Error assiging 3 to [3, 1] since 0 is assigned to [1, 1]
Error assiging 3 to [3, 2] since 2 is assigned to [3, 2]
Error assiging 3 to [3, 3] since 0 is assigned to [1, 1]
Error assiging 2 to [3, 3] since 0 is assigned to [1, 1]
Error assiging 1 to [1, 0] since 0 is assigned to [1, 1]
Error assiging 1 to [1, 1] since 0 is assigned to [1, 1]
Error assiging 1 to [1, 2] since 0 is assigned to [1, 1]
Error assiging 1 to [1, 3] since 0 is assigned to [1, 1]
Error assiging 1 to [2, 0] since 0 is assigned to [1, 1]
Error assiging 1 to [2, 1] since 0 is assigned to [1, 1]
Error assiging 1 to [2, 2] since 0 is assigned to [1, 1]
Assiging 1 to [2, 3]
Values cleared by AC3 : 0
Error assiging 2 to [0, 0] since 0 is assigned to [1, 1]
Error assiging 2 to [0, 1] since 0 is assigned to [1, 1]
Error assiging 2 to [0, 2] since 0 is assigned to [1, 1]
Error assiging 2 to [0, 3] since 1 is assigned to [2, 3]
Error assiging 2 to [1, 0] since 0 is assigned to [1, 1]
Error assiging 2 to [1, 1] since 0 is assigned to [1, 1]
Error assiging 2 to [1, 2] since 0 is assigned to [1, 1]
Error assiging 2 to [1, 3] since 0 is assigned to [1, 1]
Error assiging 2 to [2, 0] since 0 is assigned to [1, 1]
Error assiging 2 to [2, 1] since 0 is assigned to [1, 1]
Error assiging 2 to [2, 2] since 0 is assigned to [1, 1]
Error assiging 2 to [2, 3] since 1 is assigned to [2, 3]
Assiging 2 to [3, 0]
Values cleared by AC3 : 0
Error assiging 3 to [0, 0] since 0 is assigned to [1, 1]
Error assiging 3 to [0, 1] since 0 is assigned to [1, 1]
Error assiging 3 to [0, 2] since 0 is assigned to [1, 1]
Error assiging 3 to [0, 3] since 1 is assigned to [2, 3]
Error assiging 3 to [1, 0] since 0 is assigned to [1, 1]
Error assiging 3 to [1, 1] since 0 is assigned to [1, 1]
Error assiging 3 to [1, 2] since 0 is assigned to [1, 1]
Error assiging 3 to [1, 3] since 0 is assigned to [1, 1]
Error assiging 3 to [2, 0] since 0 is assigned to [1, 1]
Error assiging 3 to [2, 1] since 0 is assigned to [1, 1]
Error assiging 3 to [2, 2] since 0 is assigned to [1, 1]
Error assiging 3 to [2, 3] since 1 is assigned to [2, 3]
Error assiging 3 to [3, 0] since 2 is assigned to [3, 0]
Error assiging 3 to [3, 1] since 0 is assigned to [1, 1]
Error assiging 3 to [3, 2] since 1 is assigned to [2, 3]
Error assiging 3 to [3, 3] since 0 is assigned to [1, 1]
Error assiging 2 to [3, 1] since 0 is assigned to [1, 1]
Error assiging 2 to [3, 2] since 1 is assigned to [2, 3]
Error assiging 2 to [3, 3] since 0 is assigned to [1, 1]
Assiging 1 to [3, 0]
Values cleared by AC3 : 0
Error assiging 2 to [0, 0] since 0 is assigned to [1, 1]
Error assiging 2 to [0, 1] since 0 is assigned to [1, 1]
Error assiging 2 to [0, 2] since 0 is assigned to [1, 1]
Error assiging 2 to [0, 3] since 1 is assigned to [3, 0]
Error assiging 2 to [1, 0] since 0 is assigned to [1, 1]
Error assiging 2 to [1, 1] since 0 is assigned to [1, 1]
Error assiging 2 to [1, 2] since 0 is assigned to [1, 1]
Error assiging 2 to [1, 3] since 0 is assigned to [1, 1]
Error assiging 2 to [2, 0] since 0 is assigned to [1, 1]
Error assiging 2 to [2, 1] since 0 is assigned to [1, 1]
Error assiging 2 to [2, 2] since 0 is assigned to [1, 1]
Assiging 2 to [2, 3]
Values cleared by AC3 : 0
Error assiging 3 to [0, 0] since 0 is assigned to [1, 1]
Error assiging 3 to [0, 1] since 0 is assigned to [1, 1]
Error assiging 3 to [0, 2] since 0 is assigned to [1, 1]
Error assiging 3 to [0, 3] since 1 is assigned to [3, 0]
Error assiging 3 to [1, 0] since 0 is assigned to [1, 1]
Error assiging 3 to [1, 1] since 0 is assigned to [1, 1]
Error assiging 3 to [1, 2] since 0 is assigned to [1, 1]
Error assiging 3 to [1, 3] since 0 is assigned to [1, 1]
Error assiging 3 to [2, 0] since 0 is assigned to [1, 1]
Error assiging 3 to [2, 1] since 0 is assigned to [1, 1]
Error assiging 3 to [2, 2] since 0 is assigned to [1, 1]
Error assiging 3 to [2, 3] since 2 is assigned to [2, 3]
Error assiging 3 to [3, 0] since 1 is assigned to [3, 0]
Error assiging 3 to [3, 1] since 0 is assigned to [1, 1]
Error assiging 3 to [3, 2] since 1 is assigned to [3, 0]
Error assiging 3 to [3, 3] since 0 is assigned to [1, 1]
Error assiging 2 to [3, 0] since 1 is assigned to [3, 0]
Error assiging 2 to [3, 1] since 0 is assigned to [1, 1]
Error assiging 2 to [3, 2] since 1 is assigned to [3, 0]
Error assiging 2 to [3, 3] since 0 is assigned to [1, 1]
Error assiging 1 to [3, 1] since 0 is assigned to [1, 1]
Assiging 1 to [3, 2]
Values cleared by AC3 : 0
Error assiging 2 to [0, 0] since 0 is assigned to [1, 1]
Error assiging 2 to [0, 1] since 0 is assigned to [1, 1]
Error assiging 2 to [0, 2] since 0 is assigned to [1, 1]
Assiging 2 to [0, 3]
Values cleared by AC3 : 0
Error assiging 3 to [0, 0] since 0 is assigned to [1, 1]
Error assiging 3 to [0, 1] since 0 is assigned to [1, 1]
Error assiging 3 to [0, 2] since 0 is assigned to [1, 1]
Error assiging 3 to [0, 3] since 2 is assigned to [0, 3]
Error assiging 3 to [1, 0] since 0 is assigned to [1, 1]
Error assiging 3 to [1, 1] since 0 is assigned to [1, 1]
Error assiging 3 to [1, 2] since 0 is assigned to [1, 1]
Error assiging 3 to [1, 3] since 0 is assigned to [1, 1]
Error assiging 3 to [2, 0] since 0 is assigned to [1, 1]
Error assiging 3 to [2, 1] since 0 is assigned to [1, 1]
Error assiging 3 to [2, 2] since 0 is assigned to [1, 1]
Error assiging 3 to [2, 3] since 1 is assigned to [3, 2]
Error assiging 3 to [3, 0] since 1 is assigned to [3, 2]
Error assiging 3 to [3, 1] since 0 is assigned to [1, 1]
Error assiging 3 to [3, 2] since 1 is assigned to [3, 2]
Error assiging 3 to [3, 3] since 0 is assigned to [1, 1]
Error assiging 2 to [1, 0] since 0 is assigned to [1, 1]
Error assiging 2 to [1, 1] since 0 is assigned to [1, 1]
Error assiging 2 to [1, 2] since 0 is assigned to [1, 1]
Error assiging 2 to [1, 3] since 0 is assigned to [1, 1]
Error assiging 2 to [2, 0] since 0 is assigned to [1, 1]
Error assiging 2 to [2, 1] since 0 is assigned to [1, 1]
Error assiging 2 to [2, 2] since 0 is assigned to [1, 1]
Error assiging 2 to [2, 3] since 1 is assigned to [3, 2]
Error assiging 2 to [3, 0] since 1 is assigned to [3, 2]
Error assiging 2 to [3, 1] since 0 is assigned to [1, 1]
Error assiging 2 to [3, 2] since 1 is assigned to [3, 2]
Error assiging 2 to [3, 3] since 0 is assigned to [1, 1]
Error assiging 1 to [3, 3] since 0 is assigned to [1, 1]
Assiging 0 to [1, 2]
Values cleared by AC3 : 0
Assiging 1 to [0, 0]
Values cleared by AC3 : 0
Error assiging 2 to [0, 0] since 1 is assigned to [0, 0]
Error assiging 2 to [0, 1] since 0 is assigned to [1, 2]
Error assiging 2 to [0, 2] since 0 is assigned to [1, 2]
Error assiging 2 to [0, 3] since 0 is assigned to [1, 2]
Error assiging 2 to [1, 0] since 0 is assigned to [1, 2]
Error assiging 2 to [1, 1] since 0 is assigned to [1, 2]
Error assiging 2 to [1, 2] since 0 is assigned to [1, 2]
Error assiging 2 to [1, 3] since 0 is assigned to [1, 2]
Error assiging 2 to [2, 0] since 1 is assigned to [0, 0]
Error assiging 2 to [2, 1] since 0 is assigned to [1, 2]
Error assiging 2 to [2, 2] since 0 is assigned to [1, 2]
Error assiging 2 to [2, 3] since 0 is assigned to [1, 2]
Error assiging 2 to [3, 0] since 0 is assigned to [1, 2]
Assiging 2 to [3, 1]
Values cleared by AC3 : 0
Error assiging 3 to [0, 0] since 1 is assigned to [0, 0]
Error assiging 3 to [0, 1] since 0 is assigned to [1, 2]
Error assiging 3 to [0, 2] since 0 is assigned to [1, 2]
Error assiging 3 to [0, 3] since 0 is assigned to [1, 2]
Error assiging 3 to [1, 0] since 0 is assigned to [1, 2]
Error assiging 3 to [1, 1] since 0 is assigned to [1, 2]
Error assiging 3 to [1, 2] since 0 is assigned to [1, 2]
Error assiging 3 to [1, 3] since 0 is assigned to [1, 2]
Error assiging 3 to [2, 0] since 1 is assigned to [0, 0]
Error assiging 3 to [2, 1] since 0 is assigned to [1, 2]
Error assiging 3 to [2, 2] since 0 is assigned to [1, 2]
Error assiging 3 to [2, 3] since 0 is assigned to [1, 2]
Error assiging 3 to [3, 0] since 0 is assigned to [1, 2]
Error assiging 3 to [3, 1] since 2 is assigned to [3, 1]
Error assiging 3 to [3, 2] since 0 is assigned to [1, 2]
Error assiging 3 to [3, 3] since 1 is assigned to [0, 0]
Error assiging 2 to [3, 2] since 0 is assigned to [1, 2]
Error assiging 2 to [3, 3] since 1 is assigned to [0, 0]
Error assiging 1 to [0, 1] since 0 is assigned to [1, 2]
Error assiging 1 to [0, 2] since 0 is assigned to [1, 2]
Error assiging 1 to [0, 3] since 0 is assigned to [1, 2]
Error assiging 1 to [1, 0] since 0 is assigned to [1, 2]
Error assiging 1 to [1, 1] since 0 is assigned to [1, 2]
Error assiging 1 to [1, 2] since 0 is assigned to [1, 2]
Error assiging 1 to [1, 3] since 0 is assigned to [1, 2]
Assiging 1 to [2, 0]
Values cleared by AC3 : 0
Error assiging 2 to [0, 0] since 1 is assigned to [2, 0]
Error assiging 2 to [0, 1] since 0 is assigned to [1, 2]
Error assiging 2 to [0, 2] since 0 is assigned to [1, 2]
Error assiging 2 to [0, 3] since 0 is assigned to [1, 2]
Error assiging 2 to [1, 0] since 0 is assigned to [1, 2]
Error assiging 2 to [1, 1] since 0 is assigned to [1, 2]
Error assiging 2 to [1, 2] since 0 is assigned to [1, 2]
Error assiging 2 to [1, 3] since 0 is assigned to [1, 2]
Error assiging 2 to [2, 0] since 1 is assigned to [2, 0]
Error assiging 2 to [2, 1] since 0 is assigned to [1, 2]
Error assiging 2 to [2, 2] since 0 is assigned to [1, 2]
Error assiging 2 to [2, 3] since 0 is assigned to [1, 2]
Error assiging 2 to [3, 0] since 0 is assigned to [1, 2]
Error assiging 2 to [3, 1] since 1 is assigned to [2, 0]
Error assiging 2 to [3, 2] since 0 is assigned to [1, 2]
Assiging 2 to [3, 3]
Values cleared by AC3 : 0
Error assiging 3 to [0, 0] since 1 is assigned to [2, 0]
Error assiging 3 to [0, 1] since 0 is assigned to [1, 2]
Error assiging 3 to [0, 2] since 0 is assigned to [1, 2]
Error assiging 3 to [0, 3] since 0 is assigned to [1, 2]
Error assiging 3 to [1, 0] since 0 is assigned to [1, 2]
Error assiging 3 to [1, 1] since 0 is assigned to [1, 2]
Error assiging 3 to [1, 2] since 0 is assigned to [1, 2]
Error assiging 3 to [1, 3] since 0 is assigned to [1, 2]
Error assiging 3 to [2, 0] since 1 is assigned to [2, 0]
Error assiging 3 to [2, 1] since 0 is assigned to [1, 2]
Error assiging 3 to [2, 2] since 0 is assigned to [1, 2]
Error assiging 3 to [2, 3] since 0 is assigned to [1, 2]
Error assiging 3 to [3, 0] since 0 is assigned to [1, 2]
Error assiging 3 to [3, 1] since 1 is assigned to [2, 0]
Error assiging 3 to [3, 2] since 0 is assigned to [1, 2]
Error assiging 3 to [3, 3] since 2 is assigned to [3, 3]
Error assiging 1 to [2, 1] since 0 is assigned to [1, 2]
Error assiging 1 to [2, 2] since 0 is assigned to [1, 2]
Error assiging 1 to [2, 3] since 0 is assigned to [1, 2]
Error assiging 1 to [3, 0] since 0 is assigned to [1, 2]
Assiging 1 to [3, 1]
Values cleared by AC3 : 0
Assiging 2 to [0, 0]
Values cleared by AC3 : 0
Error assiging 3 to [0, 0] since 2 is assigned to [0, 0]
Error assiging 3 to [0, 1] since 0 is assigned to [1, 2]
Error assiging 3 to [0, 2] since 0 is assigned to [1, 2]
Error assiging 3 to [0, 3] since 0 is assigned to [1, 2]
Error assiging 3 to [1, 0] since 0 is assigned to [1, 2]
Error assiging 3 to [1, 1] since 0 is assigned to [1, 2]
Error assiging 3 to [1, 2] since 0 is assigned to [1, 2]
Error assiging 3 to [1, 3] since 0 is assigned to [1, 2]
Error assiging 3 to [2, 0] since 1 is assigned to [3, 1]
Error assiging 3 to [2, 1] since 0 is assigned to [1, 2]
Error assiging 3 to [2, 2] since 0 is assigned to [1, 2]
Error assiging 3 to [2, 3] since 0 is assigned to [1, 2]
Error assiging 3 to [3, 0] since 0 is assigned to [1, 2]
Error assiging 3 to [3, 1] since 1 is assigned to [3, 1]
Error assiging 3 to [3, 2] since 0 is assigned to [1, 2]
Error assiging 3 to [3, 3] since 1 is assigned to [3, 1]
Error assiging 2 to [0, 1] since 0 is assigned to [1, 2]
Error assiging 2 to [0, 2] since 0 is assigned to [1, 2]
Error assiging 2 to [0, 3] since 0 is assigned to [1, 2]
Error assiging 2 to [1, 0] since 0 is assigned to [1, 2]
Error assiging 2 to [1, 1] since 0 is assigned to [1, 2]
Error assiging 2 to [1, 2] since 0 is assigned to [1, 2]
Error assiging 2 to [1, 3] since 0 is assigned to [1, 2]
Error assiging 2 to [2, 0] since 1 is assigned to [3, 1]
Error assiging 2 to [2, 1] since 0 is assigned to [1, 2]
Error assiging 2 to [2, 2] since 0 is assigned to [1, 2]
Error assiging 2 to [2, 3] since 0 is assigned to [1, 2]
Error assiging 2 to [3, 0] since 0 is assigned to [1, 2]
Error assiging 2 to [3, 1] since 1 is assigned to [3, 1]
Error assiging 2 to [3, 2] since 0 is assigned to [1, 2]
Error assiging 2 to [3, 3] since 1 is assigned to [3, 1]
Error assiging 1 to [3, 2] since 0 is assigned to [1, 2]
Assiging 1 to [3, 3]
Values cleared by AC3 : 0
Error assiging 2 to [0, 0] since 1 is assigned to [3, 3]
Error assiging 2 to [0, 1] since 0 is assigned to [1, 2]
Error assiging 2 to [0, 2] since 0 is assigned to [1, 2]
Error assiging 2 to [0, 3] since 0 is assigned to [1, 2]
Error assiging 2 to [1, 0] since 0 is assigned to [1, 2]
Error assiging 2 to [1, 1] since 0 is assigned to [1, 2]
Error assiging 2 to [1, 2] since 0 is assigned to [1, 2]
Error assiging 2 to [1, 3] since 0 is assigned to [1, 2]
Assiging 2 to [2, 0]
Values cleared by AC3 : 0
Error assiging 3 to [0, 0] since 1 is assigned to [3, 3]
Error assiging 3 to [0, 1] since 0 is assigned to [1, 2]
Error assiging 3 to [0, 2] since 0 is assigned to [1, 2]
Error assiging 3 to [0, 3] since 0 is assigned to [1, 2]
Error assiging 3 to [1, 0] since 0 is assigned to [1, 2]
Error assiging 3 to [1, 1] since 0 is assigned to [1, 2]
Error assiging 3 to [1, 2] since 0 is assigned to [1, 2]
Error assiging 3 to [1, 3] since 0 is assigned to [1, 2]
Error assiging 3 to [2, 0] since 2 is assigned to [2, 0]
Error assiging 3 to [2, 1] since 0 is assigned to [1, 2]
Error assiging 3 to [2, 2] since 0 is assigned to [1, 2]
Error assiging 3 to [2, 3] since 0 is assigned to [1, 2]
Error assiging 3 to [3, 0] since 0 is assigned to [1, 2]
Error assiging 3 to [3, 1] since 1 is assigned to [3, 3]
Error assiging 3 to [3, 2] since 0 is assigned to [1, 2]
Error assiging 3 to [3, 3] since 1 is assigned to [3, 3]
Error assiging 2 to [2, 1] since 0 is assigned to [1, 2]
Error assiging 2 to [2, 2] since 0 is assigned to [1, 2]
Error assiging 2 to [2, 3] since 0 is assigned to [1, 2]
Error assiging 2 to [3, 0] since 0 is assigned to [1, 2]
Error assiging 2 to [3, 1] since 1 is assigned to [3, 3]
Error assiging 2 to [3, 2] since 0 is assigned to [1, 2]
Error assiging 2 to [3, 3] since 1 is assigned to [3, 3]
Assiging 0 to [1, 3]
Values cleared by AC3 : 0
Assiging 1 to [0, 0]
Values cleared by AC3 : 0
Error assiging 2 to [0, 0] since 1 is assigned to [0, 0]
Error assiging 2 to [0, 1] since 1 is assigned to [0, 0]
Error assiging 2 to [0, 2] since 0 is assigned to [1, 3]
Error assiging 2 to [0, 3] since 0 is assigned to [1, 3]
Error assiging 2 to [1, 0] since 0 is assigned to [1, 3]
Error assiging 2 to [1, 1] since 0 is assigned to [1, 3]
Error assiging 2 to [1, 2] since 0 is assigned to [1, 3]
Error assiging 2 to [1, 3] since 0 is assigned to [1, 3]
Error assiging 2 to [2, 0] since 1 is assigned to [0, 0]
Assiging 2 to [2, 1]
Values cleared by AC3 : 0
Error assiging 3 to [0, 0] since 1 is assigned to [0, 0]
Error assiging 3 to [0, 1] since 1 is assigned to [0, 0]
Error assiging 3 to [0, 2] since 0 is assigned to [1, 3]
Error assiging 3 to [0, 3] since 0 is assigned to [1, 3]
Error assiging 3 to [1, 0] since 0 is assigned to [1, 3]
Error assiging 3 to [1, 1] since 0 is assigned to [1, 3]
Error assiging 3 to [1, 2] since 0 is assigned to [1, 3]
Error assiging 3 to [1, 3] since 0 is assigned to [1, 3]
Error assiging 3 to [2, 0] since 1 is assigned to [0, 0]
Error assiging 3 to [2, 1] since 2 is assigned to [2, 1]
Error assiging 3 to [2, 2] since 0 is assigned to [1, 3]
Error assiging 3 to [2, 3] since 0 is assigned to [1, 3]
Error assiging 3 to [3, 0] since 1 is assigned to [0, 0]
Error assiging 3 to [3, 1] since 0 is assigned to [1, 3]
Error assiging 3 to [3, 2] since 2 is assigned to [2, 1]
Error assiging 3 to [3, 3] since 0 is assigned to [1, 3]
Error assiging 2 to [2, 2] since 0 is assigned to [1, 3]
Error assiging 2 to [2, 3] since 0 is assigned to [1, 3]
Error assiging 2 to [3, 0] since 1 is assigned to [0, 0]
Error assiging 2 to [3, 1] since 0 is assigned to [1, 3]
Assiging 2 to [3, 2]
Values cleared by AC3 : 0
Error assiging 3 to [0, 0] since 1 is assigned to [0, 0]
Error assiging 3 to [0, 1] since 1 is assigned to [0, 0]
Error assiging 3 to [0, 2] since 0 is assigned to [1, 3]
Error assiging 3 to [0, 3] since 0 is assigned to [1, 3]
Error assiging 3 to [1, 0] since 0 is assigned to [1, 3]
Error assiging 3 to [1, 1] since 0 is assigned to [1, 3]
Error assiging 3 to [1, 2] since 0 is assigned to [1, 3]
Error assiging 3 to [1, 3] since 0 is assigned to [1, 3]
Error assiging 3 to [2, 0] since 1 is assigned to [0, 0]
Error assiging 3 to [2, 1] since 2 is assigned to [3, 2]
Error assiging 3 to [2, 2] since 0 is assigned to [1, 3]
Error assiging 3 to [2, 3] since 0 is assigned to [1, 3]
Error assiging 3 to [3, 0] since 1 is assigned to [0, 0]
Error assiging 3 to [3, 1] since 0 is assigned to [1, 3]
Error assiging 3 to [3, 2] since 2 is assigned to [3, 2]
Error assiging 3 to [3, 3] since 0 is assigned to [1, 3]
Error assiging 2 to [3, 3] since 0 is assigned to [1, 3]
Assiging 1 to [0, 1]
Values cleared by AC3 : 0
Error assiging 2 to [0, 0] since 1 is assigned to [0, 1]
Error assiging 2 to [0, 1] since 1 is assigned to [0, 1]
Error assiging 2 to [0, 2] since 0 is assigned to [1, 3]
Error assiging 2 to [0, 3] since 0 is assigned to [1, 3]
Error assiging 2 to [1, 0] since 0 is assigned to [1, 3]
Error assiging 2 to [1, 1] since 0 is assigned to [1, 3]
Error assiging 2 to [1, 2] since 0 is assigned to [1, 3]
Error assiging 2 to [1, 3] since 0 is assigned to [1, 3]
Assiging 2 to [2, 0]
Values cleared by AC3 : 0
Error assiging 3 to [0, 0] since 1 is assigned to [0, 1]
Error assiging 3 to [0, 1] since 1 is assigned to [0, 1]
Error assiging 3 to [0, 2] since 0 is assigned to [1, 3]
Error assiging 3 to [0, 3] since 0 is assigned to [1, 3]
Error assiging 3 to [1, 0] since 0 is assigned to [1, 3]
Error assiging 3 to [1, 1] since 0 is assigned to [1, 3]
Error assiging 3 to [1, 2] since 0 is assigned to [1, 3]
Error assiging 3 to [1, 3] since 0 is assigned to [1, 3]
Error assiging 3 to [2, 0] since 2 is assigned to [2, 0]
Error assiging 3 to [2, 1] since 1 is assigned to [0, 1]
Error assiging 3 to [2, 2] since 0 is assigned to [1, 3]
Error assiging 3 to [2, 3] since 0 is assigned to [1, 3]
Error assiging 3 to [3, 0] since 2 is assigned to [2, 0]
Error assiging 3 to [3, 1] since 0 is assigned to [1, 3]
Assiging 3 to [3, 2]
Values cleared by AC3 : 0
Error assiging 3 to [3, 3] since 0 is assigned to [1, 3]
Error assiging 2 to [2, 1] since 1 is assigned to [0, 1]
Error assiging 2 to [2, 2] since 0 is assigned to [1, 3]
Error assiging 2 to [2, 3] since 0 is assigned to [1, 3]
Assiging 2 to [3, 0]
Values cleared by AC3 : 0
Error assiging 3 to [0, 0] since 1 is assigned to [0, 1]
Error assiging 3 to [0, 1] since 1 is assigned to [0, 1]
Error assiging 3 to [0, 2] since 0 is assigned to [1, 3]
Error assiging 3 to [0, 3] since 0 is assigned to [1, 3]
Error assiging 3 to [1, 0] since 0 is assigned to [1, 3]
Error assiging 3 to [1, 1] since 0 is assigned to [1, 3]
Error assiging 3 to [1, 2] since 0 is assigned to [1, 3]
Error assiging 3 to [1, 3] since 0 is assigned to [1, 3]
Error assiging 3 to [2, 0] since 2 is assigned to [3, 0]
Error assiging 3 to [2, 1] since 1 is assigned to [0, 1]
Error assiging 3 to [2, 2] since 0 is assigned to [1, 3]
Error assiging 3 to [2, 3] since 0 is assigned to [1, 3]
Error assiging 3 to [3, 0] since 2 is assigned to [3, 0]
Error assiging 3 to [3, 1] since 0 is assigned to [1, 3]
Error assiging 3 to [3, 2] since 2 is assigned to [3, 0]
Error assiging 3 to [3, 3] since 0 is assigned to [1, 3]
Error assiging 2 to [3, 1] since 0 is assigned to [1, 3]
Assiging 2 to [3, 2]
Values cleared by AC3 : 0
Error assiging 3 to [0, 0] since 1 is assigned to [0, 1]
Error assiging 3 to [0, 1] since 1 is assigned to [0, 1]
Error assiging 3 to [0, 2] since 0 is assigned to [1, 3]
Error assiging 3 to [0, 3] since 0 is assigned to [1, 3]
Error assiging 3 to [1, 0] since 0 is assigned to [1, 3]
Error assiging 3 to [1, 1] since 0 is assigned to [1, 3]
Error assiging 3 to [1, 2] since 0 is assigned to [1, 3]
Error assiging 3 to [1, 3] since 0 is assigned to [1, 3]
Assiging 3 to [2, 0]
Values cleared by AC3 : 0
Error assiging 3 to [2, 1] since 1 is assigned to [0, 1]
Error assiging 3 to [2, 2] since 0 is assigned to [1, 3]
Error assiging 3 to [2, 3] since 0 is assigned to [1, 3]
Error assiging 3 to [3, 0] since 2 is assigned to [3, 2]
Error assiging 3 to [3, 1] since 0 is assigned to [1, 3]
Error assiging 3 to [3, 2] since 2 is assigned to [3, 2]
Error assiging 3 to [3, 3] since 0 is assigned to [1, 3]
Error assiging 2 to [3, 3] since 0 is assigned to [1, 3]
Error assiging 1 to [0, 2] since 0 is assigned to [1, 3]
Error assiging 1 to [0, 3] since 0 is assigned to [1, 3]
Error assiging 1 to [1, 0] since 0 is assigned to [1, 3]
Error assiging 1 to [1, 1] since 0 is assigned to [1, 3]
Error assiging 1 to [1, 2] since 0 is assigned to [1, 3]
Error assiging 1 to [1, 3] since 0 is assigned to [1, 3]
Assiging 1 to [2, 0]
Values cleared by AC3 : 0
Error assiging 2 to [0, 0] since 1 is assigned to [2, 0]
Assiging 2 to [0, 1]
Values cleared by AC3 : 0
Error assiging 3 to [0, 0] since 1 is assigned to [2, 0]
Error assiging 3 to [0, 1] since 2 is assigned to [0, 1]
Error assiging 3 to [0, 2] since 0 is assigned to [1, 3]
Error assiging 3 to [0, 3] since 0 is assigned to [1, 3]
Error assiging 3 to [1, 0] since 0 is assigned to [1, 3]
Error assiging 3 to [1, 1] since 0 is assigned to [1, 3]
Error assiging 3 to [1, 2] since 0 is assigned to [1, 3]
Error assiging 3 to [1, 3] since 0 is assigned to [1, 3]
Error assiging 3 to [2, 0] since 1 is assigned to [2, 0]
Error assiging 3 to [2, 1] since 1 is assigned to [2, 0]
Error assiging 3 to [2, 2] since 0 is assigned to [1, 3]
Error assiging 3 to [2, 3] since 0 is assigned to [1, 3]
Error assiging 3 to [3, 0] since 1 is assigned to [2, 0]
Error assiging 3 to [3, 1] since 0 is assigned to [1, 3]
Assiging 3 to [3, 2]
Values cleared by AC3 : 0
Error assiging 3 to [3, 3] since 0 is assigned to [1, 3]
Error assiging 2 to [0, 2] since 0 is assigned to [1, 3]
Error assiging 2 to [0, 3] since 0 is assigned to [1, 3]
Error assiging 2 to [1, 0] since 0 is assigned to [1, 3]
Error assiging 2 to [1, 1] since 0 is assigned to [1, 3]
Error assiging 2 to [1, 2] since 0 is assigned to [1, 3]
Error assiging 2 to [1, 3] since 0 is assigned to [1, 3]
Error assiging 2 to [2, 0] since 1 is assigned to [2, 0]
Error assiging 2 to [2, 1] since 1 is assigned to [2, 0]
Error assiging 2 to [2, 2] since 0 is assigned to [1, 3]
Error assiging 2 to [2, 3] since 0 is assigned to [1, 3]
Error assiging 2 to [3, 0] since 1 is assigned to [2, 0]
Error assiging 2 to [3, 1] since 0 is assigned to [1, 3]
Assiging 2 to [3, 2]
Values cleared by AC3 : 0
Error assiging 3 to [0, 0] since 1 is assigned to [2, 0]
Assiging 3 to [0, 1]
Values cleared by AC3 : 0
Error assiging 3 to [0, 2] since 0 is assigned to [1, 3]
Error assiging 3 to [0, 3] since 0 is assigned to [1, 3]
Error assiging 3 to [1, 0] since 0 is assigned to [1, 3]
Error assiging 3 to [1, 1] since 0 is assigned to [1, 3]
Error assiging 3 to [1, 2] since 0 is assigned to [1, 3]
Error assiging 3 to [1, 3] since 0 is assigned to [1, 3]
Error assiging 3 to [2, 0] since 1 is assigned to [2, 0]
Error assiging 3 to [2, 1] since 1 is assigned to [2, 0]
Error assiging 3 to [2, 2] since 0 is assigned to [1, 3]
Error assiging 3 to [2, 3] since 0 is assigned to [1, 3]
Error assiging 3 to [3, 0] since 1 is assigned to [2, 0]
Error assiging 3 to [3, 1] since 0 is assigned to [1, 3]
Error assiging 3 to [3, 2] since 2 is assigned to [3, 2]
Error assiging 3 to [3, 3] since 0 is assigned to [1, 3]
Error assiging 2 to [3, 3] since 0 is assigned to [1, 3]
Assiging 1 to [2, 1]
Values cleared by AC3 : 0
Assiging 2 to [0, 0]
Values cleared by AC3 : 0
Error assiging 3 to [0, 0] since 2 is assigned to [0, 0]
Error assiging 3 to [0, 1] since 1 is assigned to [2, 1]
Error assiging 3 to [0, 2] since 0 is assigned to [1, 3]
Error assiging 3 to [0, 3] since 0 is assigned to [1, 3]
Error assiging 3 to [1, 0] since 0 is assigned to [1, 3]
Error assiging 3 to [1, 1] since 0 is assigned to [1, 3]
Error assiging 3 to [1, 2] since 0 is assigned to [1, 3]
Error assiging 3 to [1, 3] since 0 is assigned to [1, 3]
Error assiging 3 to [2, 0] since 1 is assigned to [2, 1]
Error assiging 3 to [2, 1] since 1 is assigned to [2, 1]
Error assiging 3 to [2, 2] since 0 is assigned to [1, 3]
Error assiging 3 to [2, 3] since 0 is assigned to [1, 3]
Error assiging 3 to [3, 0] since 1 is assigned to [2, 1]
Error assiging 3 to [3, 1] since 0 is assigned to [1, 3]
Error assiging 3 to [3, 2] since 1 is assigned to [2, 1]
Error assiging 3 to [3, 3] since 0 is assigned to [1, 3]
Error assiging 2 to [0, 1] since 1 is assigned to [2, 1]
Error assiging 2 to [0, 2] since 0 is assigned to [1, 3]
Error assiging 2 to [0, 3] since 0 is assigned to [1, 3]
Error assiging 2 to [1, 0] since 0 is assigned to [1, 3]
Error assiging 2 to [1, 1] since 0 is assigned to [1, 3]
Error assiging 2 to [1, 2] since 0 is assigned to [1, 3]
Error assiging 2 to [1, 3] since 0 is assigned to [1, 3]
Error assiging 2 to [2, 0] since 1 is assigned to [2, 1]
Error assiging 2 to [2, 1] since 1 is assigned to [2, 1]
Error assiging 2 to [2, 2] since 0 is assigned to [1, 3]
Error assiging 2 to [2, 3] since 0 is assigned to [1, 3]
Error assiging 2 to [3, 0] since 1 is assigned to [2, 1]
Error assiging 2 to [3, 1] since 0 is assigned to [1, 3]
Error assiging 2 to [3, 2] since 1 is assigned to [2, 1]
Error assiging 2 to [3, 3] since 0 is assigned to [1, 3]
Error assiging 1 to [2, 2] since 0 is assigned to [1, 3]
Error assiging 1 to [2, 3] since 0 is assigned to [1, 3]
Assiging 1 to [3, 0]
Values cleared by AC3 : 0
Error assiging 2 to [0, 0] since 1 is assigned to [3, 0]
Assiging 2 to [0, 1]
Values cleared by AC3 : 0
Error assiging 3 to [0, 0] since 1 is assigned to [3, 0]
Error assiging 3 to [0, 1] since 2 is assigned to [0, 1]
Error assiging 3 to [0, 2] since 0 is assigned to [1, 3]
Error assiging 3 to [0, 3] since 0 is assigned to [1, 3]
Error assiging 3 to [1, 0] since 0 is assigned to [1, 3]
Error assiging 3 to [1, 1] since 0 is assigned to [1, 3]
Error assiging 3 to [1, 2] since 0 is assigned to [1, 3]
Error assiging 3 to [1, 3] since 0 is assigned to [1, 3]
Error assiging 3 to [2, 0] since 1 is assigned to [3, 0]
Error assiging 3 to [2, 1] since 1 is assigned to [3, 0]
Error assiging 3 to [2, 2] since 0 is assigned to [1, 3]
Error assiging 3 to [2, 3] since 0 is assigned to [1, 3]
Error assiging 3 to [3, 0] since 1 is assigned to [3, 0]
Error assiging 3 to [3, 1] since 0 is assigned to [1, 3]
Error assiging 3 to [3, 2] since 1 is assigned to [3, 0]
Error assiging 3 to [3, 3] since 0 is assigned to [1, 3]
Error assiging 2 to [0, 2] since 0 is assigned to [1, 3]
Error assiging 2 to [0, 3] since 0 is assigned to [1, 3]
Error assiging 2 to [1, 0] since 0 is assigned to [1, 3]
Error assiging 2 to [1, 1] since 0 is assigned to [1, 3]
Error assiging 2 to [1, 2] since 0 is assigned to [1, 3]
Error assiging 2 to [1, 3] since 0 is assigned to [1, 3]
Error assiging 2 to [2, 0] since 1 is assigned to [3, 0]
Error assiging 2 to [2, 1] since 1 is assigned to [3, 0]
Error assiging 2 to [2, 2] since 0 is assigned to [1, 3]
Error assiging 2 to [2, 3] since 0 is assigned to [1, 3]
Error assiging 2 to [3, 0] since 1 is assigned to [3, 0]
Error assiging 2 to [3, 1] since 0 is assigned to [1, 3]
Error assiging 2 to [3, 2] since 1 is assigned to [3, 0]
Error assiging 2 to [3, 3] since 0 is assigned to [1, 3]
Error assiging 1 to [3, 1] since 0 is assigned to [1, 3]
Assiging 1 to [3, 2]
Values cleared by AC3 : 0
Assiging 2 to [0, 0]
Values cleared by AC3 : 0
Error assiging 3 to [0, 0] since 2 is assigned to [0, 0]
Error assiging 3 to [0, 1] since 2 is assigned to [0, 0]
Error assiging 3 to [0, 2] since 0 is assigned to [1, 3]
Error assiging 3 to [0, 3] since 0 is assigned to [1, 3]
Error assiging 3 to [1, 0] since 0 is assigned to [1, 3]
Error assiging 3 to [1, 1] since 0 is assigned to [1, 3]
Error assiging 3 to [1, 2] since 0 is assigned to [1, 3]
Error assiging 3 to [1, 3] since 0 is assigned to [1, 3]
Error assiging 3 to [2, 0] since 2 is assigned to [0, 0]
Error assiging 3 to [2, 1] since 1 is assigned to [3, 2]
Error assiging 3 to [2, 2] since 0 is assigned to [1, 3]
Error assiging 3 to [2, 3] since 0 is assigned to [1, 3]
Error assiging 3 to [3, 0] since 1 is assigned to [3, 2]
Error assiging 3 to [3, 1] since 0 is assigned to [1, 3]
Error assiging 3 to [3, 2] since 1 is assigned to [3, 2]
Error assiging 3 to [3, 3] since 0 is assigned to [1, 3]
Assiging 2 to [0, 1]
Values cleared by AC3 : 0
Error assiging 3 to [0, 0] since 2 is assigned to [0, 1]
Error assiging 3 to [0, 1] since 2 is assigned to [0, 1]
Error assiging 3 to [0, 2] since 0 is assigned to [1, 3]
Error assiging 3 to [0, 3] since 0 is assigned to [1, 3]
Error assiging 3 to [1, 0] since 0 is assigned to [1, 3]
Error assiging 3 to [1, 1] since 0 is assigned to [1, 3]
Error assiging 3 to [1, 2] since 0 is assigned to [1, 3]
Error assiging 3 to [1, 3] since 0 is assigned to [1, 3]
Assiging 3 to [2, 0]
Values cleared by AC3 : 0
Error assiging 3 to [2, 1] since 1 is assigned to [3, 2]
Error assiging 3 to [2, 2] since 0 is assigned to [1, 3]
Error assiging 3 to [2, 3] since 0 is assigned to [1, 3]
Error assiging 3 to [3, 0] since 1 is assigned to [3, 2]
Error assiging 3 to [3, 1] since 0 is assigned to [1, 3]
Error assiging 3 to [3, 2] since 1 is assigned to [3, 2]
Error assiging 3 to [3, 3] since 0 is assigned to [1, 3]
Error assiging 2 to [0, 2] since 0 is assigned to [1, 3]
Error assiging 2 to [0, 3] since 0 is assigned to [1, 3]
Error assiging 2 to [1, 0] since 0 is assigned to [1, 3]
Error assiging 2 to [1, 1] since 0 is assigned to [1, 3]
Error assiging 2 to [1, 2] since 0 is assigned to [1, 3]
Error assiging 2 to [1, 3] since 0 is assigned to [1, 3]
Assiging 2 to [2, 0]
Values cleared by AC3 : 0
Error assiging 3 to [0, 0] since 2 is assigned to [2, 0]
Assiging 3 to [0, 1]
Values cleared by AC3 : 0
Error assiging 3 to [0, 2] since 0 is assigned to [1, 3]
Error assiging 3 to [0, 3] since 0 is assigned to [1, 3]
Error assiging 3 to [1, 0] since 0 is assigned to [1, 3]
Error assiging 3 to [1, 1] since 0 is assigned to [1, 3]
Error assiging 3 to [1, 2] since 0 is assigned to [1, 3]
Error assiging 3 to [1, 3] since 0 is assigned to [1, 3]
Error assiging 3 to [2, 0] since 2 is assigned to [2, 0]
Error assiging 3 to [2, 1] since 1 is assigned to [3, 2]
Error assiging 3 to [2, 2] since 0 is assigned to [1, 3]
Error assiging 3 to [2, 3] since 0 is assigned to [1, 3]
Error assiging 3 to [3, 0] since 1 is assigned to [3, 2]
Error assiging 3 to [3, 1] since 0 is assigned to [1, 3]
Error assiging 3 to [3, 2] since 1 is assigned to [3, 2]
Error assiging 3 to [3, 3] since 0 is assigned to [1, 3]
Error assiging 2 to [2, 1] since 1 is assigned to [3, 2]
Error assiging 2 to [2, 2] since 0 is assigned to [1, 3]
Error assiging 2 to [2, 3] since 0 is assigned to [1, 3]
Error assiging 2 to [3, 0] since 1 is assigned to [3, 2]
Error assiging 2 to [3, 1] since 0 is assigned to [1, 3]
Error assiging 2 to [3, 2] since 1 is assigned to [3, 2]
Error assiging 2 to [3, 3] since 0 is assigned to [1, 3]
Error assiging 1 to [3, 3] since 0 is assigned to [1, 3]
Assiging 0 to [2, 0]
Values cleared by AC3 : 0
Error assiging 1 to [0, 0] since 0 is assigned to [2, 0]
Assiging 1 to [0, 1]
Values cleared by AC3 : 0
Error assiging 2 to [0, 0] since 0 is assigned to [2, 0]
Error assiging 2 to [0, 1] since 1 is assigned to [0, 1]
Error assiging 2 to [0, 2] since 0 is assigned to [2, 0]
Error assiging 2 to [0, 3] since 1 is assigned to [0, 1]
Error assiging 2 to [1, 0] since 0 is assigned to [2, 0]
Error assiging 2 to [1, 1] since 0 is assigned to [2, 0]
Error assiging 2 to [1, 2] since 1 is assigned to [0, 1]
Assiging 2 to [1, 3]
Values cleared by AC3 : 0
Error assiging 3 to [0, 0] since 0 is assigned to [2, 0]
Error assiging 3 to [0, 1] since 1 is assigned to [0, 1]
Error assiging 3 to [0, 2] since 0 is assigned to [2, 0]
Error assiging 3 to [0, 3] since 1 is assigned to [0, 1]
Error assiging 3 to [1, 0] since 0 is assigned to [2, 0]
Error assiging 3 to [1, 1] since 0 is assigned to [2, 0]
Error assiging 3 to [1, 2] since 1 is assigned to [0, 1]
Error assiging 3 to [1, 3] since 2 is assigned to [1, 3]
Error assiging 3 to [2, 0] since 0 is assigned to [2, 0]
Error assiging 3 to [2, 1] since 0 is assigned to [2, 0]
Error assiging 3 to [2, 2] since 0 is assigned to [2, 0]
Error assiging 3 to [2, 3] since 0 is assigned to [2, 0]
Error assiging 3 to [3, 0] since 0 is assigned to [2, 0]
Error assiging 3 to [3, 1] since 0 is assigned to [2, 0]
Assiging 3 to [3, 2]
Values cleared by AC3 : 0
Error assiging 3 to [3, 3] since 2 is assigned to [1, 3]
Error assiging 2 to [2, 0] since 0 is assigned to [2, 0]
Error assiging 2 to [2, 1] since 0 is assigned to [2, 0]
Error assiging 2 to [2, 2] since 0 is assigned to [2, 0]
Error assiging 2 to [2, 3] since 0 is assigned to [2, 0]
Error assiging 2 to [3, 0] since 0 is assigned to [2, 0]
Error assiging 2 to [3, 1] since 0 is assigned to [2, 0]
Assiging 2 to [3, 2]
Values cleared by AC3 : 0
Error assiging 3 to [0, 0] since 0 is assigned to [2, 0]
Error assiging 3 to [0, 1] since 1 is assigned to [0, 1]
Error assiging 3 to [0, 2] since 0 is assigned to [2, 0]
Error assiging 3 to [0, 3] since 1 is assigned to [0, 1]
Error assiging 3 to [1, 0] since 0 is assigned to [2, 0]
Error assiging 3 to [1, 1] since 0 is assigned to [2, 0]
Error assiging 3 to [1, 2] since 1 is assigned to [0, 1]
Assiging 3 to [1, 3]
Values cleared by AC3 : 0
Error assiging 3 to [2, 0] since 0 is assigned to [2, 0]
Error assiging 3 to [2, 1] since 0 is assigned to [2, 0]
Error assiging 3 to [2, 2] since 0 is assigned to [2, 0]
Error assiging 3 to [2, 3] since 0 is assigned to [2, 0]
Error assiging 3 to [3, 0] since 0 is assigned to [2, 0]
Error assiging 3 to [3, 1] since 0 is assigned to [2, 0]
Error assiging 3 to [3, 2] since 2 is assigned to [3, 2]
Error assiging 3 to [3, 3] since 2 is assigned to [3, 2]
Assiging 2 to [3, 3]
Values cleared by AC3 : 0
Error assiging 3 to [0, 0] since 0 is assigned to [2, 0]
Error assiging 3 to [0, 1] since 1 is assigned to [0, 1]
Error assiging 3 to [0, 2] since 0 is assigned to [2, 0]
Error assiging 3 to [0, 3] since 1 is assigned to [0, 1]
Error assiging 3 to [1, 0] since 0 is assigned to [2, 0]
Error assiging 3 to [1, 1] since 0 is assigned to [2, 0]
Error assiging 3 to [1, 2] since 1 is assigned to [0, 1]
Error assiging 3 to [1, 3] since 2 is assigned to [3, 3]
Error assiging 3 to [2, 0] since 0 is assigned to [2, 0]
Error assiging 3 to [2, 1] since 0 is assigned to [2, 0]
Error assiging 3 to [2, 2] since 0 is assigned to [2, 0]
Error assiging 3 to [2, 3] since 0 is assigned to [2, 0]
Error assiging 3 to [3, 0] since 0 is assigned to [2, 0]
Error assiging 3 to [3, 1] since 0 is assigned to [2, 0]
Error assiging 3 to [3, 2] since 2 is assigned to [3, 3]
Error assiging 3 to [3, 3] since 2 is assigned to [3, 3]
Error assiging 1 to [0, 2] since 0 is assigned to [2, 0]
Assiging 1 to [0, 3]
Values cleared by AC3 : 0
Error assiging 2 to [0, 0] since 0 is assigned to [2, 0]
Error assiging 2 to [0, 1] since 1 is assigned to [0, 3]
Error assiging 2 to [0, 2] since 0 is assigned to [2, 0]
Error assiging 2 to [0, 3] since 1 is assigned to [0, 3]
Error assiging 2 to [1, 0] since 0 is assigned to [2, 0]
Error assiging 2 to [1, 1] since 0 is assigned to [2, 0]
Error assiging 2 to [1, 2] since 1 is assigned to [0, 3]
Error assiging 2 to [1, 3] since 1 is assigned to [0, 3]
Error assiging 2 to [2, 0] since 0 is assigned to [2, 0]
Error assiging 2 to [2, 1] since 0 is assigned to [2, 0]
Error assiging 2 to [2, 2] since 0 is assigned to [2, 0]
Error assiging 2 to [2, 3] since 0 is assigned to [2, 0]
Error assiging 2 to [3, 0] since 0 is assigned to [2, 0]
Error assiging 2 to [3, 1] since 0 is assigned to [2, 0]
Assiging 2 to [3, 2]
Values cleared by AC3 : 0
Error assiging 3 to [0, 0] since 0 is assigned to [2, 0]
Error assiging 3 to [0, 1] since 1 is assigned to [0, 3]
Error assiging 3 to [0, 2] since 0 is assigned to [2, 0]
Error assiging 3 to [0, 3] since 1 is assigned to [0, 3]
Error assiging 3 to [1, 0] since 0 is assigned to [2, 0]
Error assiging 3 to [1, 1] since 0 is assigned to [2, 0]
Error assiging 3 to [1, 2] since 1 is assigned to [0, 3]
Error assiging 3 to [1, 3] since 1 is assigned to [0, 3]
Error assiging 3 to [2, 0] since 0 is assigned to [2, 0]
Error assiging 3 to [2, 1] since 0 is assigned to [2, 0]
Error assiging 3 to [2, 2] since 0 is assigned to [2, 0]
Error assiging 3 to [2, 3] since 0 is assigned to [2, 0]
Error assiging 3 to [3, 0] since 0 is assigned to [2, 0]
Error assiging 3 to [3, 1] since 0 is assigned to [2, 0]
Error assiging 3 to [3, 2] since 2 is assigned to [3, 2]
Error assiging 3 to [3, 3] since 1 is assigned to [0, 3]
Error assiging 2 to [3, 3] since 1 is assigned to [0, 3]
Error assiging 1 to [1, 0] since 0 is assigned to [2, 0]
Error assiging 1 to [1, 1] since 0 is assigned to [2, 0]
Assiging 1 to [1, 2]
Values cleared by AC3 : 0
Error assiging 2 to [0, 0] since 0 is assigned to [2, 0]
Error assiging 2 to [0, 1] since 1 is assigned to [1, 2]
Error assiging 2 to [0, 2] since 0 is assigned to [2, 0]
Error assiging 2 to [0, 3] since 1 is assigned to [1, 2]
Error assiging 2 to [1, 0] since 0 is assigned to [2, 0]
Error assiging 2 to [1, 1] since 0 is assigned to [2, 0]
Error assiging 2 to [1, 2] since 1 is assigned to [1, 2]
Error assiging 2 to [1, 3] since 1 is assigned to [1, 2]
Error assiging 2 to [2, 0] since 0 is assigned to [2, 0]
Error assiging 2 to [2, 1] since 0 is assigned to [2, 0]
Error assiging 2 to [2, 2] since 0 is assigned to [2, 0]
Error assiging 2 to [2, 3] since 0 is assigned to [2, 0]
Error assiging 2 to [3, 0] since 0 is assigned to [2, 0]
Error assiging 2 to [3, 1] since 0 is assigned to [2, 0]
Error assiging 2 to [3, 2] since 1 is assigned to [1, 2]
Assiging 2 to [3, 3]
Values cleared by AC3 : 0
Error assiging 3 to [0, 0] since 0 is assigned to [2, 0]
Error assiging 3 to [0, 1] since 1 is assigned to [1, 2]
Error assiging 3 to [0, 2] since 0 is assigned to [2, 0]
Error assiging 3 to [0, 3] since 1 is assigned to [1, 2]
Error assiging 3 to [1, 0] since 0 is assigned to [2, 0]
Error assiging 3 to [1, 1] since 0 is assigned to [2, 0]
Error assiging 3 to [1, 2] since 1 is assigned to [1, 2]
Error assiging 3 to [1, 3] since 1 is assigned to [1, 2]
Error assiging 3 to [2, 0] since 0 is assigned to [2, 0]
Error assiging 3 to [2, 1] since 0 is assigned to [2, 0]
Error assiging 3 to [2, 2] since 0 is assigned to [2, 0]
Error assiging 3 to [2, 3] since 0 is assigned to [2, 0]
Error assiging 3 to [3, 0] since 0 is assigned to [2, 0]
Error assiging 3 to [3, 1] since 0 is assigned to [2, 0]
Error assiging 3 to [3, 2] since 1 is assigned to [1, 2]
Error assiging 3 to [3, 3] since 2 is assigned to [3, 3]
Assiging 1 to [1, 3]
Values cleared by AC3 : 0
Error assiging 2 to [0, 0] since 0 is assigned to [2, 0]
Assiging 2 to [0, 1]
Values cleared by AC3 : 0
Error assiging 3 to [0, 0] since 0 is assigned to [2, 0]
Error assiging 3 to [0, 1] since 2 is assigned to [0, 1]
Error assiging 3 to [0, 2] since 0 is assigned to [2, 0]
Error assiging 3 to [0, 3] since 1 is assigned to [1, 3]
Error assiging 3 to [1, 0] since 0 is assigned to [2, 0]
Error assiging 3 to [1, 1] since 0 is assigned to [2, 0]
Error assiging 3 to [1, 2] since 1 is assigned to [1, 3]
Error assiging 3 to [1, 3] since 1 is assigned to [1, 3]
Error assiging 3 to [2, 0] since 0 is assigned to [2, 0]
Error assiging 3 to [2, 1] since 0 is assigned to [2, 0]
Error assiging 3 to [2, 2] since 0 is assigned to [2, 0]
Error assiging 3 to [2, 3] since 0 is assigned to [2, 0]
Error assiging 3 to [3, 0] since 0 is assigned to [2, 0]
Error assiging 3 to [3, 1] since 0 is assigned to [2, 0]
Assiging 3 to [3, 2]
Values cleared by AC3 : 0
Error assiging 3 to [3, 3] since 1 is assigned to [1, 3]
Error assiging 2 to [0, 2] since 0 is assigned to [2, 0]
Error assiging 2 to [0, 3] since 1 is assigned to [1, 3]
Error assiging 2 to [1, 0] since 0 is assigned to [2, 0]
Error assiging 2 to [1, 1] since 0 is assigned to [2, 0]
Error assiging 2 to [1, 2] since 1 is assigned to [1, 3]
Error assiging 2 to [1, 3] since 1 is assigned to [1, 3]
Error assiging 2 to [2, 0] since 0 is assigned to [2, 0]
Error assiging 2 to [2, 1] since 0 is assigned to [2, 0]
Error assiging 2 to [2, 2] since 0 is assigned to [2, 0]
Error assiging 2 to [2, 3] since 0 is assigned to [2, 0]
Error assiging 2 to [3, 0] since 0 is assigned to [2, 0]
Error assiging 2 to [3, 1] since 0 is assigned to [2, 0]
Assiging 2 to [3, 2]
Values cleared by AC3 : 0
Error assiging 3 to [0, 0] since 0 is assigned to [2, 0]
Assiging 3 to [0, 1]
Values cleared by AC3 : 0
Error assiging 3 to [0, 2] since 0 is assigned to [2, 0]
Error assiging 3 to [0, 3] since 1 is assigned to [1, 3]
Error assiging 3 to [1, 0] since 0 is assigned to [2, 0]
Error assiging 3 to [1, 1] since 0 is assigned to [2, 0]
Error assiging 3 to [1, 2] since 1 is assigned to [1, 3]
Error assiging 3 to [1, 3] since 1 is assigned to [1, 3]
Error assiging 3 to [2, 0] since 0 is assigned to [2, 0]
Error assiging 3 to [2, 1] since 0 is assigned to [2, 0]
Error assiging 3 to [2, 2] since 0 is assigned to [2, 0]
Error assiging 3 to [2, 3] since 0 is assigned to [2, 0]
Error assiging 3 to [3, 0] since 0 is assigned to [2, 0]
Error assiging 3 to [3, 1] since 0 is assigned to [2, 0]
Error assiging 3 to [3, 2] since 2 is assigned to [3, 2]
Error assiging 3 to [3, 3] since 1 is assigned to [1, 3]
Error assiging 2 to [3, 3] since 1 is assigned to [1, 3]
Error assiging 1 to [2, 0] since 0 is assigned to [2, 0]
Error assiging 1 to [2, 1] since 0 is assigned to [2, 0]
Error assiging 1 to [2, 2] since 0 is assigned to [2, 0]
Error assiging 1 to [2, 3] since 0 is assigned to [2, 0]
Error assiging 1 to [3, 0] since 0 is assigned to [2, 0]
Error assiging 1 to [3, 1] since 0 is assigned to [2, 0]
Assiging 1 to [3, 2]
Values cleared by AC3 : 0
Error assiging 2 to [0, 0] since 0 is assigned to [2, 0]
Assiging 2 to [0, 1]
Values cleared by AC3 : 0
Error assiging 3 to [0, 0] since 0 is assigned to [2, 0]
Error assiging 3 to [0, 1] since 2 is assigned to [0, 1]
Error assiging 3 to [0, 2] since 0 is assigned to [2, 0]
Error assiging 3 to [0, 3] since 2 is assigned to [0, 1]
Error assiging 3 to [1, 0] since 0 is assigned to [2, 0]
Error assiging 3 to [1, 1] since 0 is assigned to [2, 0]
Error assiging 3 to [1, 2] since 1 is assigned to [3, 2]
Assiging 3 to [1, 3]
Values cleared by AC3 : 0
Error assiging 3 to [2, 0] since 0 is assigned to [2, 0]
Error assiging 3 to [2, 1] since 0 is assigned to [2, 0]
Error assiging 3 to [2, 2] since 0 is assigned to [2, 0]
Error assiging 3 to [2, 3] since 0 is assigned to [2, 0]
Error assiging 3 to [3, 0] since 0 is assigned to [2, 0]
Error assiging 3 to [3, 1] since 0 is assigned to [2, 0]
Error assiging 3 to [3, 2] since 1 is assigned to [3, 2]
Error assiging 3 to [3, 3] since 1 is assigned to [3, 2]
Error assiging 2 to [0, 2] since 0 is assigned to [2, 0]
Assiging 2 to [0, 3]
Values cleared by AC3 : 0
Error assiging 3 to [0, 0] since 0 is assigned to [2, 0]
Error assiging 3 to [0, 1] since 2 is assigned to [0, 3]
Error assiging 3 to [0, 2] since 0 is assigned to [2, 0]
Error assiging 3 to [0, 3] since 2 is assigned to [0, 3]
Error assiging 3 to [1, 0] since 0 is assigned to [2, 0]
Error assiging 3 to [1, 1] since 0 is assigned to [2, 0]
Error assiging 3 to [1, 2] since 1 is assigned to [3, 2]
Error assiging 3 to [1, 3] since 2 is assigned to [0, 3]
Error assiging 3 to [2, 0] since 0 is assigned to [2, 0]
Error assiging 3 to [2, 1] since 0 is assigned to [2, 0]
Error assiging 3 to [2, 2] since 0 is assigned to [2, 0]
Error assiging 3 to [2, 3] since 0 is assigned to [2, 0]
Error assiging 3 to [3, 0] since 0 is assigned to [2, 0]
Error assiging 3 to [3, 1] since 0 is assigned to [2, 0]
Error assiging 3 to [3, 2] since 1 is assigned to [3, 2]
Error assiging 3 to [3, 3] since 1 is assigned to [3, 2]
Error assiging 2 to [1, 0] since 0 is assigned to [2, 0]
Error assiging 2 to [1, 1] since 0 is assigned to [2, 0]
Error assiging 2 to [1, 2] since 1 is assigned to [3, 2]
Assiging 2 to [1, 3]
Values cleared by AC3 : 0
Error assiging 3 to [0, 0] since 0 is assigned to [2, 0]
Assiging 3 to [0, 1]
Values cleared by AC3 : 0
Error assiging 3 to [0, 2] since 0 is assigned to [2, 0]
Error assiging 3 to [0, 3] since 2 is assigned to [1, 3]
Error assiging 3 to [1, 0] since 0 is assigned to [2, 0]
Error assiging 3 to [1, 1] since 0 is assigned to [2, 0]
Error assiging 3 to [1, 2] since 1 is assigned to [3, 2]
Error assiging 3 to [1, 3] since 2 is assigned to [1, 3]
Error assiging 3 to [2, 0] since 0 is assigned to [2, 0]
Error assiging 3 to [2, 1] since 0 is assigned to [2, 0]
Error assiging 3 to [2, 2] since 0 is assigned to [2, 0]
Error assiging 3 to [2, 3] since 0 is assigned to [2, 0]
Error assiging 3 to [3, 0] since 0 is assigned to [2, 0]
Error assiging 3 to [3, 1] since 0 is assigned to [2, 0]
Error assiging 3 to [3, 2] since 1 is assigned to [3, 2]
Error assiging 3 to [3, 3] since 1 is assigned to [3, 2]
Error assiging 2 to [2, 0] since 0 is assigned to [2, 0]
Error assiging 2 to [2, 1] since 0 is assigned to [2, 0]
Error assiging 2 to [2, 2] since 0 is assigned to [2, 0]
Error assiging 2 to [2, 3] since 0 is assigned to [2, 0]
Error assiging 2 to [3, 0] since 0 is assigned to [2, 0]
Error assiging 2 to [3, 1] since 0 is assigned to [2, 0]
Error assiging 2 to [3, 2] since 1 is assigned to [3, 2]
Error assiging 2 to [3, 3] since 1 is assigned to [3, 2]
Assiging 1 to [3, 3]
Values cleared by AC3 : 0
Error assiging 2 to [0, 0] since 0 is assigned to [2, 0]
Assiging 2 to [0, 1]
Values cleared by AC3 : 0
Error assiging 3 to [0, 0] since 0 is assigned to [2, 0]
Error assiging 3 to [0, 1] since 2 is assigned to [0, 1]
Error assiging 3 to [0, 2] since 0 is assigned to [2, 0]
Error assiging 3 to [0, 3] since 1 is assigned to [3, 3]
Error assiging 3 to [1, 0] since 0 is assigned to [2, 0]
Error assiging 3 to [1, 1] since 0 is assigned to [2, 0]
Error assiging 3 to [1, 2] since 2 is assigned to [0, 1]
Error assiging 3 to [1, 3] since 1 is assigned to [3, 3]
Error assiging 3 to [2, 0] since 0 is assigned to [2, 0]
Error assiging 3 to [2, 1] since 0 is assigned to [2, 0]
Error assiging 3 to [2, 2] since 0 is assigned to [2, 0]
Error assiging 3 to [2, 3] since 0 is assigned to [2, 0]
Error assiging 3 to [3, 0] since 0 is assigned to [2, 0]
Error assiging 3 to [3, 1] since 0 is assigned to [2, 0]
Error assiging 3 to [3, 2] since 1 is assigned to [3, 3]
Error assiging 3 to [3, 3] since 1 is assigned to [3, 3]
Error assiging 2 to [0, 2] since 0 is assigned to [2, 0]
Error assiging 2 to [0, 3] since 1 is assigned to [3, 3]
Error assiging 2 to [1, 0] since 0 is assigned to [2, 0]
Error assiging 2 to [1, 1] since 0 is assigned to [2, 0]
Assiging 2 to [1, 2]
Values cleared by AC3 : 0
Error assiging 3 to [0, 0] since 0 is assigned to [2, 0]
Error assiging 3 to [0, 1] since 2 is assigned to [1, 2]
Error assiging 3 to [0, 2] since 0 is assigned to [2, 0]
Error assiging 3 to [0, 3] since 1 is assigned to [3, 3]
Error assiging 3 to [1, 0] since 0 is assigned to [2, 0]
Error assiging 3 to [1, 1] since 0 is assigned to [2, 0]
Error assiging 3 to [1, 2] since 2 is assigned to [1, 2]
Error assiging 3 to [1, 3] since 1 is assigned to [3, 3]
Error assiging 3 to [2, 0] since 0 is assigned to [2, 0]
Error assiging 3 to [2, 1] since 0 is assigned to [2, 0]
Error assiging 3 to [2, 2] since 0 is assigned to [2, 0]
Error assiging 3 to [2, 3] since 0 is assigned to [2, 0]
Error assiging 3 to [3, 0] since 0 is assigned to [2, 0]
Error assiging 3 to [3, 1] since 0 is assigned to [2, 0]
Error assiging 3 to [3, 2] since 1 is assigned to [3, 3]
Error assiging 3 to [3, 3] since 1 is assigned to [3, 3]
Error assiging 2 to [1, 3] since 1 is assigned to [3, 3]
Error assiging 2 to [2, 0] since 0 is assigned to [2, 0]
Error assiging 2 to [2, 1] since 0 is assigned to [2, 0]
Error assiging 2 to [2, 2] since 0 is assigned to [2, 0]
Error assiging 2 to [2, 3] since 0 is assigned to [2, 0]
Error assiging 2 to [3, 0] since 0 is assigned to [2, 0]
Error assiging 2 to [3, 1] since 0 is assigned to [2, 0]
Error assiging 2 to [3, 2] since 1 is assigned to [3, 3]
Error assiging 2 to [3, 3] since 1 is assigned to [3, 3]
Assiging 0 to [2, 1]
Values cleared by AC3 : 0
Assiging 1 to [0, 0]
Values cleared by AC3 : 0
Error assiging 2 to [0, 0] since 1 is assigned to [0, 0]
Error assiging 2 to [0, 1] since 0 is assigned to [2, 1]
Error assiging 2 to [0, 2] since 1 is assigned to [0, 0]
Error assiging 2 to [0, 3] since 0 is assigned to [2, 1]
Error assiging 2 to [1, 0] since 0 is assigned to [2, 1]
Error assiging 2 to [1, 1] since 0 is assigned to [2, 1]
Error assiging 2 to [1, 2] since 0 is assigned to [2, 1]
Assiging 2 to [1, 3]
Values cleared by AC3 : 0
Error assiging 3 to [0, 0] since 1 is assigned to [0, 0]
Error assiging 3 to [0, 1] since 0 is assigned to [2, 1]
Error assiging 3 to [0, 2] since 1 is assigned to [0, 0]
Error assiging 3 to [0, 3] since 0 is assigned to [2, 1]
Error assiging 3 to [1, 0] since 0 is assigned to [2, 1]
Error assiging 3 to [1, 1] since 0 is assigned to [2, 1]
Error assiging 3 to [1, 2] since 0 is assigned to [2, 1]
Error assiging 3 to [1, 3] since 2 is assigned to [1, 3]
Error assiging 3 to [2, 0] since 0 is assigned to [2, 1]
Error assiging 3 to [2, 1] since 0 is assigned to [2, 1]
Error assiging 3 to [2, 2] since 0 is assigned to [2, 1]
Error assiging 3 to [2, 3] since 0 is assigned to [2, 1]
Error assiging 3 to [3, 0] since 0 is assigned to [2, 1]
Error assiging 3 to [3, 1] since 0 is assigned to [2, 1]
Error assiging 3 to [3, 2] since 0 is assigned to [2, 1]
Error assiging 3 to [3, 3] since 1 is assigned to [0, 0]
Error assiging 2 to [2, 0] since 0 is assigned to [2, 1]
Error assiging 2 to [2, 1] since 0 is assigned to [2, 1]
Error assiging 2 to [2, 2] since 0 is assigned to [2, 1]
Error assiging 2 to [2, 3] since 0 is assigned to [2, 1]
Error assiging 2 to [3, 0] since 0 is assigned to [2, 1]
Error assiging 2 to [3, 1] since 0 is assigned to [2, 1]
Error assiging 2 to [3, 2] since 0 is assigned to [2, 1]
Error assiging 2 to [3, 3] since 1 is assigned to [0, 0]
Error assiging 1 to [0, 1] since 0 is assigned to [2, 1]
Assiging 1 to [0, 2]
Values cleared by AC3 : 0
Error assiging 2 to [0, 0] since 1 is assigned to [0, 2]
Error assiging 2 to [0, 1] since 0 is assigned to [2, 1]
Error assiging 2 to [0, 2] since 1 is assigned to [0, 2]
Error assiging 2 to [0, 3] since 0 is assigned to [2, 1]
Error assiging 2 to [1, 0] since 0 is assigned to [2, 1]
Error assiging 2 to [1, 1] since 0 is assigned to [2, 1]
Error assiging 2 to [1, 2] since 0 is assigned to [2, 1]
Error assiging 2 to [1, 3] since 1 is assigned to [0, 2]
Error assiging 2 to [2, 0] since 0 is assigned to [2, 1]
Error assiging 2 to [2, 1] since 0 is assigned to [2, 1]
Error assiging 2 to [2, 2] since 0 is assigned to [2, 1]
Error assiging 2 to [2, 3] since 0 is assigned to [2, 1]
Error assiging 2 to [3, 0] since 0 is assigned to [2, 1]
Error assiging 2 to [3, 1] since 0 is assigned to [2, 1]
Error assiging 2 to [3, 2] since 0 is assigned to [2, 1]
Assiging 2 to [3, 3]
Values cleared by AC3 : 0
Error assiging 3 to [0, 0] since 1 is assigned to [0, 2]
Error assiging 3 to [0, 1] since 0 is assigned to [2, 1]
Error assiging 3 to [0, 2] since 1 is assigned to [0, 2]
Error assiging 3 to [0, 3] since 0 is assigned to [2, 1]
Error assiging 3 to [1, 0] since 0 is assigned to [2, 1]
Error assiging 3 to [1, 1] since 0 is assigned to [2, 1]
Error assiging 3 to [1, 2] since 0 is assigned to [2, 1]
Error assiging 3 to [1, 3] since 1 is assigned to [0, 2]
Error assiging 3 to [2, 0] since 0 is assigned to [2, 1]
Error assiging 3 to [2, 1] since 0 is assigned to [2, 1]
Error assiging 3 to [2, 2] since 0 is assigned to [2, 1]
Error assiging 3 to [2, 3] since 0 is assigned to [2, 1]
Error assiging 3 to [3, 0] since 0 is assigned to [2, 1]
Error assiging 3 to [3, 1] since 0 is assigned to [2, 1]
Error assiging 3 to [3, 2] since 0 is assigned to [2, 1]
Error assiging 3 to [3, 3] since 2 is assigned to [3, 3]
Error assiging 1 to [0, 3] since 0 is assigned to [2, 1]
Error assiging 1 to [1, 0] since 0 is assigned to [2, 1]
Error assiging 1 to [1, 1] since 0 is assigned to [2, 1]
Error assiging 1 to [1, 2] since 0 is assigned to [2, 1]
Assiging 1 to [1, 3]
Values cleared by AC3 : 0
Assiging 2 to [0, 0]
Values cleared by AC3 : 0
Error assiging 3 to [0, 0] since 2 is assigned to [0, 0]
Error assiging 3 to [0, 1] since 0 is assigned to [2, 1]
Error assiging 3 to [0, 2] since 1 is assigned to [1, 3]
Error assiging 3 to [0, 3] since 0 is assigned to [2, 1]
Error assiging 3 to [1, 0] since 0 is assigned to [2, 1]
Error assiging 3 to [1, 1] since 0 is assigned to [2, 1]
Error assiging 3 to [1, 2] since 0 is assigned to [2, 1]
Error assiging 3 to [1, 3] since 1 is assigned to [1, 3]
Error assiging 3 to [2, 0] since 0 is assigned to [2, 1]
Error assiging 3 to [2, 1] since 0 is assigned to [2, 1]
Error assiging 3 to [2, 2] since 0 is assigned to [2, 1]
Error assiging 3 to [2, 3] since 0 is assigned to [2, 1]
Error assiging 3 to [3, 0] since 0 is assigned to [2, 1]
Error assiging 3 to [3, 1] since 0 is assigned to [2, 1]
Error assiging 3 to [3, 2] since 0 is assigned to [2, 1]
Error assiging 3 to [3, 3] since 1 is assigned to [1, 3]
Error assiging 2 to [0, 1] since 0 is assigned to [2, 1]
Error assiging 2 to [0, 2] since 1 is assigned to [1, 3]
Error assiging 2 to [0, 3] since 0 is assigned to [2, 1]
Error assiging 2 to [1, 0] since 0 is assigned to [2, 1]
Error assiging 2 to [1, 1] since 0 is assigned to [2, 1]
Error assiging 2 to [1, 2] since 0 is assigned to [2, 1]
Error assiging 2 to [1, 3] since 1 is assigned to [1, 3]
Error assiging 2 to [2, 0] since 0 is assigned to [2, 1]
Error assiging 2 to [2, 1] since 0 is assigned to [2, 1]
Error assiging 2 to [2, 2] since 0 is assigned to [2, 1]
Error assiging 2 to [2, 3] since 0 is assigned to [2, 1]
Error assiging 2 to [3, 0] since 0 is assigned to [2, 1]
Error assiging 2 to [3, 1] since 0 is assigned to [2, 1]
Error assiging 2 to [3, 2] since 0 is assigned to [2, 1]
Error assiging 2 to [3, 3] since 1 is assigned to [1, 3]
Error assiging 1 to [2, 0] since 0 is assigned to [2, 1]
Error assiging 1 to [2, 1] since 0 is assigned to [2, 1]
Error assiging 1 to [2, 2] since 0 is assigned to [2, 1]
Error assiging 1 to [2, 3] since 0 is assigned to [2, 1]
Error assiging 1 to [3, 0] since 0 is assigned to [2, 1]
Error assiging 1 to [3, 1] since 0 is assigned to [2, 1]
Error assiging 1 to [3, 2] since 0 is assigned to [2, 1]
Assiging 1 to [3, 3]
Values cleared by AC3 : 0
Error assiging 2 to [0, 0] since 1 is assigned to [3, 3]
Error assiging 2 to [0, 1] since 0 is assigned to [2, 1]
Assiging 2 to [0, 2]
Values cleared by AC3 : 0
Error assiging 3 to [0, 0] since 1 is assigned to [3, 3]
Error assiging 3 to [0, 1] since 0 is assigned to [2, 1]
Error assiging 3 to [0, 2] since 2 is assigned to [0, 2]
Error assiging 3 to [0, 3] since 0 is assigned to [2, 1]
Error assiging 3 to [1, 0] since 0 is assigned to [2, 1]
Error assiging 3 to [1, 1] since 0 is assigned to [2, 1]
Error assiging 3 to [1, 2] since 0 is assigned to [2, 1]
Error assiging 3 to [1, 3] since 1 is assigned to [3, 3]
Error assiging 3 to [2, 0] since 0 is assigned to [2, 1]
Error assiging 3 to [2, 1] since 0 is assigned to [2, 1]
Error assiging 3 to [2, 2] since 0 is assigned to [2, 1]
Error assiging 3 to [2, 3] since 0 is assigned to [2, 1]
Error assiging 3 to [3, 0] since 0 is assigned to [2, 1]
Error assiging 3 to [3, 1] since 0 is assigned to [2, 1]
Error assiging 3 to [3, 2] since 0 is assigned to [2, 1]
Error assiging 3 to [3, 3] since 1 is assigned to [3, 3]
Error assiging 2 to [0, 3] since 0 is assigned to [2, 1]
Error assiging 2 to [1, 0] since 0 is assigned to [2, 1]
Error assiging 2 to [1, 1] since 0 is assigned to [2, 1]
Error assiging 2 to [1, 2] since 0 is assigned to [2, 1]
Error assiging 2 to [1, 3] since 1 is assigned to [3, 3]
Error assiging 2 to [2, 0] since 0 is assigned to [2, 1]
Error assiging 2 to [2, 1] since 0 is assigned to [2, 1]
Error assiging 2 to [2, 2] since 0 is assigned to [2, 1]
Error assiging 2 to [2, 3] since 0 is assigned to [2, 1]
Error assiging 2 to [3, 0] since 0 is assigned to [2, 1]
Error assiging 2 to [3, 1] since 0 is assigned to [2, 1]
Error assiging 2 to [3, 2] since 0 is assigned to [2, 1]
Error assiging 2 to [3, 3] since 1 is assigned to [3, 3]
Assiging 0 to [2, 2]
Values cleared by AC3 : 0
Error assiging 1 to [0, 0] since 0 is assigned to [2, 2]
Assiging 1 to [0, 1]
Values cleared by AC3 : 0
Error assiging 2 to [0, 0] since 0 is assigned to [2, 2]
Error assiging 2 to [0, 1] since 1 is assigned to [0, 1]
Error assiging 2 to [0, 2] since 0 is assigned to [2, 2]
Error assiging 2 to [0, 3] since 1 is assigned to [0, 1]
Error assiging 2 to [1, 0] since 1 is assigned to [0, 1]
Error assiging 2 to [1, 1] since 0 is assigned to [2, 2]
Error assiging 2 to [1, 2] since 0 is assigned to [2, 2]
Error assiging 2 to [1, 3] since 0 is assigned to [2, 2]
Error assiging 2 to [2, 0] since 0 is assigned to [2, 2]
Error assiging 2 to [2, 1] since 0 is assigned to [2, 2]
Error assiging 2 to [2, 2] since 0 is assigned to [2, 2]
Error assiging 2 to [2, 3] since 0 is assigned to [2, 2]
Assiging 2 to [3, 0]
Values cleared by AC3 : 0
Error assiging 3 to [0, 0] since 0 is assigned to [2, 2]
Error assiging 3 to [0, 1] since 1 is assigned to [0, 1]
Error assiging 3 to [0, 2] since 0 is assigned to [2, 2]
Error assiging 3 to [0, 3] since 1 is assigned to [0, 1]
Error assiging 3 to [1, 0] since 1 is assigned to [0, 1]
Error assiging 3 to [1, 1] since 0 is assigned to [2, 2]
Error assiging 3 to [1, 2] since 0 is assigned to [2, 2]
Error assiging 3 to [1, 3] since 0 is assigned to [2, 2]
Error assiging 3 to [2, 0] since 0 is assigned to [2, 2]
Error assiging 3 to [2, 1] since 0 is assigned to [2, 2]
Error assiging 3 to [2, 2] since 0 is assigned to [2, 2]
Error assiging 3 to [2, 3] since 0 is assigned to [2, 2]
Error assiging 3 to [3, 0] since 2 is assigned to [3, 0]
Error assiging 3 to [3, 1] since 0 is assigned to [2, 2]
Error assiging 3 to [3, 2] since 0 is assigned to [2, 2]
Error assiging 3 to [3, 3] since 0 is assigned to [2, 2]
Error assiging 2 to [3, 1] since 0 is assigned to [2, 2]
Error assiging 2 to [3, 2] since 0 is assigned to [2, 2]
Error assiging 2 to [3, 3] since 0 is assigned to [2, 2]
Error assiging 1 to [0, 2] since 0 is assigned to [2, 2]
Assiging 1 to [0, 3]
Values cleared by AC3 : 0
Error assiging 2 to [0, 0] since 0 is assigned to [2, 2]
Error assiging 2 to [0, 1] since 1 is assigned to [0, 3]
Error assiging 2 to [0, 2] since 0 is assigned to [2, 2]
Error assiging 2 to [0, 3] since 1 is assigned to [0, 3]
Assiging 2 to [1, 0]
Values cleared by AC3 : 0
Error assiging 3 to [0, 0] since 0 is assigned to [2, 2]
Error assiging 3 to [0, 1] since 1 is assigned to [0, 3]
Error assiging 3 to [0, 2] since 0 is assigned to [2, 2]
Error assiging 3 to [0, 3] since 1 is assigned to [0, 3]
Error assiging 3 to [1, 0] since 2 is assigned to [1, 0]
Error assiging 3 to [1, 1] since 0 is assigned to [2, 2]
Error assiging 3 to [1, 2] since 0 is assigned to [2, 2]
Error assiging 3 to [1, 3] since 0 is assigned to [2, 2]
Error assiging 3 to [2, 0] since 0 is assigned to [2, 2]
Error assiging 3 to [2, 1] since 0 is assigned to [2, 2]
Error assiging 3 to [2, 2] since 0 is assigned to [2, 2]
Error assiging 3 to [2, 3] since 0 is assigned to [2, 2]
Error assiging 3 to [3, 0] since 1 is assigned to [0, 3]
Error assiging 3 to [3, 1] since 0 is assigned to [2, 2]
Error assiging 3 to [3, 2] since 0 is assigned to [2, 2]
Error assiging 3 to [3, 3] since 0 is assigned to [2, 2]
Error assiging 2 to [1, 1] since 0 is assigned to [2, 2]
Error assiging 2 to [1, 2] since 0 is assigned to [2, 2]
Error assiging 2 to [1, 3] since 0 is assigned to [2, 2]
Error assiging 2 to [2, 0] since 0 is assigned to [2, 2]
Error assiging 2 to [2, 1] since 0 is assigned to [2, 2]
Error assiging 2 to [2, 2] since 0 is assigned to [2, 2]
Error assiging 2 to [2, 3] since 0 is assigned to [2, 2]
Error assiging 2 to [3, 0] since 1 is assigned to [0, 3]
Error assiging 2 to [3, 1] since 0 is assigned to [2, 2]
Error assiging 2 to [3, 2] since 0 is assigned to [2, 2]
Error assiging 2 to [3, 3] since 0 is assigned to [2, 2]
Assiging 1 to [1, 0]
Values cleared by AC3 : 0
Error assiging 2 to [0, 0] since 0 is assigned to [2, 2]
Error assiging 2 to [0, 1] since 1 is assigned to [1, 0]
Error assiging 2 to [0, 2] since 0 is assigned to [2, 2]
Assiging 2 to [0, 3]
Values cleared by AC3 : 0
Error assiging 3 to [0, 0] since 0 is assigned to [2, 2]
Error assiging 3 to [0, 1] since 1 is assigned to [1, 0]
Error assiging 3 to [0, 2] since 0 is assigned to [2, 2]
Error assiging 3 to [0, 3] since 2 is assigned to [0, 3]
Error assiging 3 to [1, 0] since 1 is assigned to [1, 0]
Error assiging 3 to [1, 1] since 0 is assigned to [2, 2]
Error assiging 3 to [1, 2] since 0 is assigned to [2, 2]
Error assiging 3 to [1, 3] since 0 is assigned to [2, 2]
Error assiging 3 to [2, 0] since 0 is assigned to [2, 2]
Error assiging 3 to [2, 1] since 0 is assigned to [2, 2]
Error assiging 3 to [2, 2] since 0 is assigned to [2, 2]
Error assiging 3 to [2, 3] since 0 is assigned to [2, 2]
Error assiging 3 to [3, 0] since 1 is assigned to [1, 0]
Error assiging 3 to [3, 1] since 0 is assigned to [2, 2]
Error assiging 3 to [3, 2] since 0 is assigned to [2, 2]
Error assiging 3 to [3, 3] since 0 is assigned to [2, 2]
Error assiging 2 to [1, 0] since 1 is assigned to [1, 0]
Error assiging 2 to [1, 1] since 0 is assigned to [2, 2]
Error assiging 2 to [1, 2] since 0 is assigned to [2, 2]
Error assiging 2 to [1, 3] since 0 is assigned to [2, 2]
Error assiging 2 to [2, 0] since 0 is assigned to [2, 2]
Error assiging 2 to [2, 1] since 0 is assigned to [2, 2]
Error assiging 2 to [2, 2] since 0 is assigned to [2, 2]
Error assiging 2 to [2, 3] since 0 is assigned to [2, 2]
Error assiging 2 to [3, 0] since 1 is assigned to [1, 0]
Error assiging 2 to [3, 1] since 0 is assigned to [2, 2]
Error assiging 2 to [3, 2] since 0 is assigned to [2, 2]
Error assiging 2 to [3, 3] since 0 is assigned to [2, 2]
Error assiging 1 to [1, 1] since 0 is assigned to [2, 2]
Error assiging 1 to [1, 2] since 0 is assigned to [2, 2]
Error assiging 1 to [1, 3] since 0 is assigned to [2, 2]
Error assiging 1 to [2, 0] since 0 is assigned to [2, 2]
Error assiging 1 to [2, 1] since 0 is assigned to [2, 2]
Error assiging 1 to [2, 2] since 0 is assigned to [2, 2]
Error assiging 1 to [2, 3] since 0 is assigned to [2, 2]
Assiging 1 to [3, 0]
Values cleared by AC3 : 0
Error assiging 2 to [0, 0] since 0 is assigned to [2, 2]
Assiging 2 to [0, 1]
Values cleared by AC3 : 0
Error assiging 3 to [0, 0] since 0 is assigned to [2, 2]
Error assiging 3 to [0, 1] since 2 is assigned to [0, 1]
Error assiging 3 to [0, 2] since 0 is assigned to [2, 2]
Error assiging 3 to [0, 3] since 1 is assigned to [3, 0]
Error assiging 3 to [1, 0] since 1 is assigned to [3, 0]
Error assiging 3 to [1, 1] since 0 is assigned to [2, 2]
Error assiging 3 to [1, 2] since 0 is assigned to [2, 2]
Error assiging 3 to [1, 3] since 0 is assigned to [2, 2]
Error assiging 3 to [2, 0] since 0 is assigned to [2, 2]
Error assiging 3 to [2, 1] since 0 is assigned to [2, 2]
Error assiging 3 to [2, 2] since 0 is assigned to [2, 2]
Error assiging 3 to [2, 3] since 0 is assigned to [2, 2]
Error assiging 3 to [3, 0] since 1 is assigned to [3, 0]
Error assiging 3 to [3, 1] since 0 is assigned to [2, 2]
Error assiging 3 to [3, 2] since 0 is assigned to [2, 2]
Error assiging 3 to [3, 3] since 0 is assigned to [2, 2]
Error assiging 2 to [0, 2] since 0 is assigned to [2, 2]
Error assiging 2 to [0, 3] since 1 is assigned to [3, 0]
Error assiging 2 to [1, 0] since 1 is assigned to [3, 0]
Error assiging 2 to [1, 1] since 0 is assigned to [2, 2]
Error assiging 2 to [1, 2] since 0 is assigned to [2, 2]
Error assiging 2 to [1, 3] since 0 is assigned to [2, 2]
Error assiging 2 to [2, 0] since 0 is assigned to [2, 2]
Error assiging 2 to [2, 1] since 0 is assigned to [2, 2]
Error assiging 2 to [2, 2] since 0 is assigned to [2, 2]
Error assiging 2 to [2, 3] since 0 is assigned to [2, 2]
Error assiging 2 to [3, 0] since 1 is assigned to [3, 0]
Error assiging 2 to [3, 1] since 0 is assigned to [2, 2]
Error assiging 2 to [3, 2] since 0 is assigned to [2, 2]
Error assiging 2 to [3, 3] since 0 is assigned to [2, 2]
Error assiging 1 to [3, 1] since 0 is assigned to [2, 2]
Error assiging 1 to [3, 2] since 0 is assigned to [2, 2]
Error assiging 1 to [3, 3] since 0 is assigned to [2, 2]
Assiging 0 to [2, 3]
Values cleared by AC3 : 0
Assiging 1 to [0, 0]
Values cleared by AC3 : 0
Error assiging 2 to [0, 0] since 1 is assigned to [0, 0]
Error assiging 2 to [0, 1] since 0 is assigned to [2, 3]
Error assiging 2 to [0, 2] since 1 is assigned to [0, 0]
Error assiging 2 to [0, 3] since 0 is assigned to [2, 3]
Error assiging 2 to [1, 0] since 1 is assigned to [0, 0]
Error assiging 2 to [1, 1] since 1 is assigned to [0, 0]
Error assiging 2 to [1, 2] since 0 is assigned to [2, 3]
Error assiging 2 to [1, 3] since 0 is assigned to [2, 3]
Error assiging 2 to [2, 0] since 0 is assigned to [2, 3]
Error assiging 2 to [2, 1] since 0 is assigned to [2, 3]
Error assiging 2 to [2, 2] since 0 is assigned to [2, 3]
Error assiging 2 to [2, 3] since 0 is assigned to [2, 3]
Error assiging 2 to [3, 0] since 1 is assigned to [0, 0]
Assiging 2 to [3, 1]
Values cleared by AC3 : 0
Error assiging 3 to [0, 0] since 1 is assigned to [0, 0]
Error assiging 3 to [0, 1] since 0 is assigned to [2, 3]
Error assiging 3 to [0, 2] since 1 is assigned to [0, 0]
Error assiging 3 to [0, 3] since 0 is assigned to [2, 3]
Error assiging 3 to [1, 0] since 1 is assigned to [0, 0]
Error assiging 3 to [1, 1] since 1 is assigned to [0, 0]
Error assiging 3 to [1, 2] since 0 is assigned to [2, 3]
Error assiging 3 to [1, 3] since 0 is assigned to [2, 3]
Error assiging 3 to [2, 0] since 0 is assigned to [2, 3]
Error assiging 3 to [2, 1] since 0 is assigned to [2, 3]
Error assiging 3 to [2, 2] since 0 is assigned to [2, 3]
Error assiging 3 to [2, 3] since 0 is assigned to [2, 3]
Error assiging 3 to [3, 0] since 1 is assigned to [0, 0]
Error assiging 3 to [3, 1] since 2 is assigned to [3, 1]
Error assiging 3 to [3, 2] since 0 is assigned to [2, 3]
Error assiging 3 to [3, 3] since 0 is assigned to [2, 3]
Error assiging 2 to [3, 2] since 0 is assigned to [2, 3]
Error assiging 2 to [3, 3] since 0 is assigned to [2, 3]
Error assiging 1 to [0, 1] since 0 is assigned to [2, 3]
Assiging 1 to [0, 2]
Values cleared by AC3 : 0
Error assiging 2 to [0, 0] since 1 is assigned to [0, 2]
Error assiging 2 to [0, 1] since 0 is assigned to [2, 3]
Error assiging 2 to [0, 2] since 1 is assigned to [0, 2]
Error assiging 2 to [0, 3] since 0 is assigned to [2, 3]
Assiging 2 to [1, 0]
Values cleared by AC3 : 0
Error assiging 3 to [0, 0] since 1 is assigned to [0, 2]
Error assiging 3 to [0, 1] since 0 is assigned to [2, 3]
Error assiging 3 to [0, 2] since 1 is assigned to [0, 2]
Error assiging 3 to [0, 3] since 0 is assigned to [2, 3]
Error assiging 3 to [1, 0] since 2 is assigned to [1, 0]
Error assiging 3 to [1, 1] since 1 is assigned to [0, 2]
Error assiging 3 to [1, 2] since 0 is assigned to [2, 3]
Error assiging 3 to [1, 3] since 0 is assigned to [2, 3]
Error assiging 3 to [2, 0] since 0 is assigned to [2, 3]
Error assiging 3 to [2, 1] since 0 is assigned to [2, 3]
Error assiging 3 to [2, 2] since 0 is assigned to [2, 3]
Error assiging 3 to [2, 3] since 0 is assigned to [2, 3]
Error assiging 3 to [3, 0] since 2 is assigned to [1, 0]
Assiging 3 to [3, 1]
Values cleared by AC3 : 0
Error assiging 3 to [3, 2] since 0 is assigned to [2, 3]
Error assiging 3 to [3, 3] since 0 is assigned to [2, 3]
Error assiging 2 to [1, 1] since 1 is assigned to [0, 2]
Error assiging 2 to [1, 2] since 0 is assigned to [2, 3]
Error assiging 2 to [1, 3] since 0 is assigned to [2, 3]
Error assiging 2 to [2, 0] since 0 is assigned to [2, 3]
Error assiging 2 to [2, 1] since 0 is assigned to [2, 3]
Error assiging 2 to [2, 2] since 0 is assigned to [2, 3]
Error assiging 2 to [2, 3] since 0 is assigned to [2, 3]
Assiging 2 to [3, 0]
Values cleared by AC3 : 0
Error assiging 3 to [0, 0] since 1 is assigned to [0, 2]
Error assiging 3 to [0, 1] since 0 is assigned to [2, 3]
Error assiging 3 to [0, 2] since 1 is assigned to [0, 2]
Error assiging 3 to [0, 3] since 0 is assigned to [2, 3]
Error assiging 3 to [1, 0] since 2 is assigned to [3, 0]
Error assiging 3 to [1, 1] since 1 is assigned to [0, 2]
Error assiging 3 to [1, 2] since 0 is assigned to [2, 3]
Error assiging 3 to [1, 3] since 0 is assigned to [2, 3]
Error assiging 3 to [2, 0] since 0 is assigned to [2, 3]
Error assiging 3 to [2, 1] since 0 is assigned to [2, 3]
Error assiging 3 to [2, 2] since 0 is assigned to [2, 3]
Error assiging 3 to [2, 3] since 0 is assigned to [2, 3]
Error assiging 3 to [3, 0] since 2 is assigned to [3, 0]
Error assiging 3 to [3, 1] since 2 is assigned to [3, 0]
Error assiging 3 to [3, 2] since 0 is assigned to [2, 3]
Error assiging 3 to [3, 3] since 0 is assigned to [2, 3]
Assiging 2 to [3, 1]
Values cleared by AC3 : 0
Error assiging 3 to [0, 0] since 1 is assigned to [0, 2]
Error assiging 3 to [0, 1] since 0 is assigned to [2, 3]
Error assiging 3 to [0, 2] since 1 is assigned to [0, 2]
Error assiging 3 to [0, 3] since 0 is assigned to [2, 3]
Assiging 3 to [1, 0]
Values cleared by AC3 : 0
Error assiging 3 to [1, 1] since 1 is assigned to [0, 2]
Error assiging 3 to [1, 2] since 0 is assigned to [2, 3]
Error assiging 3 to [1, 3] since 0 is assigned to [2, 3]
Error assiging 3 to [2, 0] since 0 is assigned to [2, 3]
Error assiging 3 to [2, 1] since 0 is assigned to [2, 3]
Error assiging 3 to [2, 2] since 0 is assigned to [2, 3]
Error assiging 3 to [2, 3] since 0 is assigned to [2, 3]
Error assiging 3 to [3, 0] since 2 is assigned to [3, 1]
Error assiging 3 to [3, 1] since 2 is assigned to [3, 1]
Error assiging 3 to [3, 2] since 0 is assigned to [2, 3]
Error assiging 3 to [3, 3] since 0 is assigned to [2, 3]
Error assiging 2 to [3, 2] since 0 is assigned to [2, 3]
Error assiging 2 to [3, 3] since 0 is assigned to [2, 3]
Error assiging 1 to [0, 3] since 0 is assigned to [2, 3]
Assiging 1 to [1, 0]
Values cleared by AC3 : 0
Error assiging 2 to [0, 0] since 1 is assigned to [1, 0]
Error assiging 2 to [0, 1] since 0 is assigned to [2, 3]
Assiging 2 to [0, 2]
Values cleared by AC3 : 0
Error assiging 3 to [0, 0] since 1 is assigned to [1, 0]
Error assiging 3 to [0, 1] since 0 is assigned to [2, 3]
Error assiging 3 to [0, 2] since 2 is assigned to [0, 2]
Error assiging 3 to [0, 3] since 0 is assigned to [2, 3]
Error assiging 3 to [1, 0] since 1 is assigned to [1, 0]
Error assiging 3 to [1, 1] since 1 is assigned to [1, 0]
Error assiging 3 to [1, 2] since 0 is assigned to [2, 3]
Error assiging 3 to [1, 3] since 0 is assigned to [2, 3]
Error assiging 3 to [2, 0] since 0 is assigned to [2, 3]
Error assiging 3 to [2, 1] since 0 is assigned to [2, 3]
Error assiging 3 to [2, 2] since 0 is assigned to [2, 3]
Error assiging 3 to [2, 3] since 0 is assigned to [2, 3]
Error assiging 3 to [3, 0] since 1 is assigned to [1, 0]
Assiging 3 to [3, 1]
Values cleared by AC3 : 0
Error assiging 3 to [3, 2] since 0 is assigned to [2, 3]
Error assiging 3 to [3, 3] since 0 is assigned to [2, 3]
Error assiging 2 to [0, 3] since 0 is assigned to [2, 3]
Error assiging 2 to [1, 0] since 1 is assigned to [1, 0]
Error assiging 2 to [1, 1] since 1 is assigned to [1, 0]
Error assiging 2 to [1, 2] since 0 is assigned to [2, 3]
Error assiging 2 to [1, 3] since 0 is assigned to [2, 3]
Error assiging 2 to [2, 0] since 0 is assigned to [2, 3]
Error assiging 2 to [2, 1] since 0 is assigned to [2, 3]
Error assiging 2 to [2, 2] since 0 is assigned to [2, 3]
Error assiging 2 to [2, 3] since 0 is assigned to [2, 3]
Error assiging 2 to [3, 0] since 1 is assigned to [1, 0]
Assiging 2 to [3, 1]
Values cleared by AC3 : 0
Error assiging 3 to [0, 0] since 1 is assigned to [1, 0]
Error assiging 3 to [0, 1] since 0 is assigned to [2, 3]
Assiging 3 to [0, 2]
Values cleared by AC3 : 0
Error assiging 3 to [0, 3] since 0 is assigned to [2, 3]
Error assiging 3 to [1, 0] since 1 is assigned to [1, 0]
Error assiging 3 to [1, 1] since 1 is assigned to [1, 0]
Error assiging 3 to [1, 2] since 0 is assigned to [2, 3]
Error assiging 3 to [1, 3] since 0 is assigned to [2, 3]
Error assiging 3 to [2, 0] since 0 is assigned to [2, 3]
Error assiging 3 to [2, 1] since 0 is assigned to [2, 3]
Error assiging 3 to [2, 2] since 0 is assigned to [2, 3]
Error assiging 3 to [2, 3] since 0 is assigned to [2, 3]
Error assiging 3 to [3, 0] since 1 is assigned to [1, 0]
Error assiging 3 to [3, 1] since 2 is assigned to [3, 1]
Error assiging 3 to [3, 2] since 0 is assigned to [2, 3]
Error assiging 3 to [3, 3] since 0 is assigned to [2, 3]
Error assiging 2 to [3, 2] since 0 is assigned to [2, 3]
Error assiging 2 to [3, 3] since 0 is assigned to [2, 3]
Assiging 1 to [1, 1]
Values cleared by AC3 : 0
Error assiging 2 to [0, 0] since 1 is assigned to [1, 1]
Error assiging 2 to [0, 1] since 0 is assigned to [2, 3]
Error assiging 2 to [0, 2] since 1 is assigned to [1, 1]
Error assiging 2 to [0, 3] since 0 is assigned to [2, 3]
Error assiging 2 to [1, 0] since 1 is assigned to [1, 1]
Error assiging 2 to [1, 1] since 1 is assigned to [1, 1]
Error assiging 2 to [1, 2] since 0 is assigned to [2, 3]
Error assiging 2 to [1, 3] since 0 is assigned to [2, 3]
Error assiging 2 to [2, 0] since 0 is assigned to [2, 3]
Error assiging 2 to [2, 1] since 0 is assigned to [2, 3]
Error assiging 2 to [2, 2] since 0 is assigned to [2, 3]
Error assiging 2 to [2, 3] since 0 is assigned to [2, 3]
Assiging 2 to [3, 0]
Values cleared by AC3 : 0
Error assiging 3 to [0, 0] since 1 is assigned to [1, 1]
Error assiging 3 to [0, 1] since 0 is assigned to [2, 3]
Error assiging 3 to [0, 2] since 1 is assigned to [1, 1]
Error assiging 3 to [0, 3] since 0 is assigned to [2, 3]
Error assiging 3 to [1, 0] since 1 is assigned to [1, 1]
Error assiging 3 to [1, 1] since 1 is assigned to [1, 1]
Error assiging 3 to [1, 2] since 0 is assigned to [2, 3]
Error assiging 3 to [1, 3] since 0 is assigned to [2, 3]
Error assiging 3 to [2, 0] since 0 is assigned to [2, 3]
Error assiging 3 to [2, 1] since 0 is assigned to [2, 3]
Error assiging 3 to [2, 2] since 0 is assigned to [2, 3]
Error assiging 3 to [2, 3] since 0 is assigned to [2, 3]
Error assiging 3 to [3, 0] since 2 is assigned to [3, 0]
Error assiging 3 to [3, 1] since 1 is assigned to [1, 1]
Error assiging 3 to [3, 2] since 0 is assigned to [2, 3]
Error assiging 3 to [3, 3] since 0 is assigned to [2, 3]
Error assiging 2 to [3, 1] since 1 is assigned to [1, 1]
Error assiging 2 to [3, 2] since 0 is assigned to [2, 3]
Error assiging 2 to [3, 3] since 0 is assigned to [2, 3]
Error assiging 1 to [1, 2] since 0 is assigned to [2, 3]
Error assiging 1 to [1, 3] since 0 is assigned to [2, 3]
Error assiging 1 to [2, 0] since 0 is assigned to [2, 3]
Error assiging 1 to [2, 1] since 0 is assigned to [2, 3]
Error assiging 1 to [2, 2] since 0 is assigned to [2, 3]
Error assiging 1 to [2, 3] since 0 is assigned to [2, 3]
Assiging 1 to [3, 0]
Values cleared by AC3 : 0
Error assiging 2 to [0, 0] since 1 is assigned to [3, 0]
Error assiging 2 to [0, 1] since 0 is assigned to [2, 3]
Assiging 2 to [0, 2]
Values cleared by AC3 : 0
Error assiging 3 to [0, 0] since 1 is assigned to [3, 0]
Error assiging 3 to [0, 1] since 0 is assigned to [2, 3]
Error assiging 3 to [0, 2] since 2 is assigned to [0, 2]
Error assiging 3 to [0, 3] since 0 is assigned to [2, 3]
Error assiging 3 to [1, 0] since 1 is assigned to [3, 0]
Error assiging 3 to [1, 1] since 2 is assigned to [0, 2]
Error assiging 3 to [1, 2] since 0 is assigned to [2, 3]
Error assiging 3 to [1, 3] since 0 is assigned to [2, 3]
Error assiging 3 to [2, 0] since 0 is assigned to [2, 3]
Error assiging 3 to [2, 1] since 0 is assigned to [2, 3]
Error assiging 3 to [2, 2] since 0 is assigned to [2, 3]
Error assiging 3 to [2, 3] since 0 is assigned to [2, 3]
Error assiging 3 to [3, 0] since 1 is assigned to [3, 0]
Error assiging 3 to [3, 1] since 1 is assigned to [3, 0]
Error assiging 3 to [3, 2] since 0 is assigned to [2, 3]
Error assiging 3 to [3, 3] since 0 is assigned to [2, 3]
Error assiging 2 to [0, 3] since 0 is assigned to [2, 3]
Error assiging 2 to [1, 0] since 1 is assigned to [3, 0]
Assiging 2 to [1, 1]
Values cleared by AC3 : 0
Error assiging 3 to [0, 0] since 1 is assigned to [3, 0]
Error assiging 3 to [0, 1] since 0 is assigned to [2, 3]
Error assiging 3 to [0, 2] since 2 is assigned to [1, 1]
Error assiging 3 to [0, 3] since 0 is assigned to [2, 3]
Error assiging 3 to [1, 0] since 1 is assigned to [3, 0]
Error assiging 3 to [1, 1] since 2 is assigned to [1, 1]
Error assiging 3 to [1, 2] since 0 is assigned to [2, 3]
Error assiging 3 to [1, 3] since 0 is assigned to [2, 3]
Error assiging 3 to [2, 0] since 0 is assigned to [2, 3]
Error assiging 3 to [2, 1] since 0 is assigned to [2, 3]
Error assiging 3 to [2, 2] since 0 is assigned to [2, 3]
Error assiging 3 to [2, 3] since 0 is assigned to [2, 3]
Error assiging 3 to [3, 0] since 1 is assigned to [3, 0]
Error assiging 3 to [3, 1] since 1 is assigned to [3, 0]
Error assiging 3 to [3, 2] since 0 is assigned to [2, 3]
Error assiging 3 to [3, 3] since 0 is assigned to [2, 3]
Error assiging 2 to [1, 2] since 0 is assigned to [2, 3]
Error assiging 2 to [1, 3] since 0 is assigned to [2, 3]
Error assiging 2 to [2, 0] since 0 is assigned to [2, 3]
Error assiging 2 to [2, 1] since 0 is assigned to [2, 3]
Error assiging 2 to [2, 2] since 0 is assigned to [2, 3]
Error assiging 2 to [2, 3] since 0 is assigned to [2, 3]
Error assiging 2 to [3, 0] since 1 is assigned to [3, 0]
Error assiging 2 to [3, 1] since 1 is assigned to [3, 0]
Error assiging 2 to [3, 2] since 0 is assigned to [2, 3]
Error assiging 2 to [3, 3] since 0 is assigned to [2, 3]
Assiging 1 to [3, 1]
Values cleared by AC3 : 0
Assiging 2 to [0, 0]
Values cleared by AC3 : 0
Error assiging 3 to [0, 0] since 2 is assigned to [0, 0]
Error assiging 3 to [0, 1] since 0 is assigned to [2, 3]
Error assiging 3 to [0, 2] since 2 is assigned to [0, 0]
Error assiging 3 to [0, 3] since 0 is assigned to [2, 3]
Error assiging 3 to [1, 0] since 2 is assigned to [0, 0]
Error assiging 3 to [1, 1] since 1 is assigned to [3, 1]
Error assiging 3 to [1, 2] since 0 is assigned to [2, 3]
Error assiging 3 to [1, 3] since 0 is assigned to [2, 3]
Error assiging 3 to [2, 0] since 0 is assigned to [2, 3]
Error assiging 3 to [2, 1] since 0 is assigned to [2, 3]
Error assiging 3 to [2, 2] since 0 is assigned to [2, 3]
Error assiging 3 to [2, 3] since 0 is assigned to [2, 3]
Error assiging 3 to [3, 0] since 1 is assigned to [3, 1]
Error assiging 3 to [3, 1] since 1 is assigned to [3, 1]
Error assiging 3 to [3, 2] since 0 is assigned to [2, 3]
Error assiging 3 to [3, 3] since 0 is assigned to [2, 3]
Error assiging 2 to [0, 1] since 0 is assigned to [2, 3]
Assiging 2 to [0, 2]
Values cleared by AC3 : 0
Error assiging 3 to [0, 0] since 2 is assigned to [0, 2]
Error assiging 3 to [0, 1] since 0 is assigned to [2, 3]
Error assiging 3 to [0, 2] since 2 is assigned to [0, 2]
Error assiging 3 to [0, 3] since 0 is assigned to [2, 3]
Assiging 3 to [1, 0]
Values cleared by AC3 : 0
Error assiging 3 to [1, 1] since 1 is assigned to [3, 1]
Error assiging 3 to [1, 2] since 0 is assigned to [2, 3]
Error assiging 3 to [1, 3] since 0 is assigned to [2, 3]
Error assiging 3 to [2, 0] since 0 is assigned to [2, 3]
Error assiging 3 to [2, 1] since 0 is assigned to [2, 3]
Error assiging 3 to [2, 2] since 0 is assigned to [2, 3]
Error assiging 3 to [2, 3] since 0 is assigned to [2, 3]
Error assiging 3 to [3, 0] since 1 is assigned to [3, 1]
Error assiging 3 to [3, 1] since 1 is assigned to [3, 1]
Error assiging 3 to [3, 2] since 0 is assigned to [2, 3]
Error assiging 3 to [3, 3] since 0 is assigned to [2, 3]
Error assiging 2 to [0, 3] since 0 is assigned to [2, 3]
Assiging 2 to [1, 0]
Values cleared by AC3 : 0
Error assiging 3 to [0, 0] since 2 is assigned to [1, 0]
Error assiging 3 to [0, 1] since 0 is assigned to [2, 3]
Assiging 3 to [0, 2]
Values cleared by AC3 : 0
Error assiging 3 to [0, 3] since 0 is assigned to [2, 3]
Error assiging 3 to [1, 0] since 2 is assigned to [1, 0]
Error assiging 3 to [1, 1] since 1 is assigned to [3, 1]
Error assiging 3 to [1, 2] since 0 is assigned to [2, 3]
Error assiging 3 to [1, 3] since 0 is assigned to [2, 3]
Error assiging 3 to [2, 0] since 0 is assigned to [2, 3]
Error assiging 3 to [2, 1] since 0 is assigned to [2, 3]
Error assiging 3 to [2, 2] since 0 is assigned to [2, 3]
Error assiging 3 to [2, 3] since 0 is assigned to [2, 3]
Error assiging 3 to [3, 0] since 1 is assigned to [3, 1]
Error assiging 3 to [3, 1] since 1 is assigned to [3, 1]
Error assiging 3 to [3, 2] since 0 is assigned to [2, 3]
Error assiging 3 to [3, 3] since 0 is assigned to [2, 3]
Error assiging 2 to [1, 1] since 1 is assigned to [3, 1]
Error assiging 2 to [1, 2] since 0 is assigned to [2, 3]
Error assiging 2 to [1, 3] since 0 is assigned to [2, 3]
Error assiging 2 to [2, 0] since 0 is assigned to [2, 3]
Error assiging 2 to [2, 1] since 0 is assigned to [2, 3]
Error assiging 2 to [2, 2] since 0 is assigned to [2, 3]
Error assiging 2 to [2, 3] since 0 is assigned to [2, 3]
Error assiging 2 to [3, 0] since 1 is assigned to [3, 1]
Error assiging 2 to [3, 1] since 1 is assigned to [3, 1]
Error assiging 2 to [3, 2] since 0 is assigned to [2, 3]
Error assiging 2 to [3, 3] since 0 is assigned to [2, 3]
Error assiging 1 to [3, 2] since 0 is assigned to [2, 3]
Error assiging 1 to [3, 3] since 0 is assigned to [2, 3]
Assiging 0 to [3, 0]
Values cleared by AC3 : 0
Error assiging 1 to [0, 0] since 0 is assigned to [3, 0]
Assiging 1 to [0, 1]
Values cleared by AC3 : 0
Error assiging 2 to [0, 0] since 0 is assigned to [3, 0]
Error assiging 2 to [0, 1] since 1 is assigned to [0, 1]
Error assiging 2 to [0, 2] since 1 is assigned to [0, 1]
Error assiging 2 to [0, 3] since 0 is assigned to [3, 0]
Error assiging 2 to [1, 0] since 0 is assigned to [3, 0]
Error assiging 2 to [1, 1] since 1 is assigned to [0, 1]
Error assiging 2 to [1, 2] since 0 is assigned to [3, 0]
Assiging 2 to [1, 3]
Values cleared by AC3 : 0
Error assiging 3 to [0, 0] since 0 is assigned to [3, 0]
Error assiging 3 to [0, 1] since 1 is assigned to [0, 1]
Error assiging 3 to [0, 2] since 1 is assigned to [0, 1]
Error assiging 3 to [0, 3] since 0 is assigned to [3, 0]
Error assiging 3 to [1, 0] since 0 is assigned to [3, 0]
Error assiging 3 to [1, 1] since 1 is assigned to [0, 1]
Error assiging 3 to [1, 2] since 0 is assigned to [3, 0]
Error assiging 3 to [1, 3] since 2 is assigned to [1, 3]
Error assiging 3 to [2, 0] since 0 is assigned to [3, 0]
Error assiging 3 to [2, 1] since 0 is assigned to [3, 0]
Error assiging 3 to [2, 2] since 2 is assigned to [1, 3]
Error assiging 3 to [2, 3] since 1 is assigned to [0, 1]
Error assiging 3 to [3, 0] since 0 is assigned to [3, 0]
Error assiging 3 to [3, 1] since 0 is assigned to [3, 0]
Error assiging 3 to [3, 2] since 0 is assigned to [3, 0]
Error assiging 3 to [3, 3] since 0 is assigned to [3, 0]
Error assiging 2 to [2, 0] since 0 is assigned to [3, 0]
Error assiging 2 to [2, 1] since 0 is assigned to [3, 0]
Assiging 2 to [2, 2]
Values cleared by AC3 : 0
Error assiging 3 to [0, 0] since 0 is assigned to [3, 0]
Error assiging 3 to [0, 1] since 1 is assigned to [0, 1]
Error assiging 3 to [0, 2] since 1 is assigned to [0, 1]
Error assiging 3 to [0, 3] since 0 is assigned to [3, 0]
Error assiging 3 to [1, 0] since 0 is assigned to [3, 0]
Error assiging 3 to [1, 1] since 1 is assigned to [0, 1]
Error assiging 3 to [1, 2] since 0 is assigned to [3, 0]
Error assiging 3 to [1, 3] since 2 is assigned to [2, 2]
Error assiging 3 to [2, 0] since 0 is assigned to [3, 0]
Error assiging 3 to [2, 1] since 0 is assigned to [3, 0]
Error assiging 3 to [2, 2] since 2 is assigned to [2, 2]
Error assiging 3 to [2, 3] since 1 is assigned to [0, 1]
Error assiging 3 to [3, 0] since 0 is assigned to [3, 0]
Error assiging 3 to [3, 1] since 0 is assigned to [3, 0]
Error assiging 3 to [3, 2] since 0 is assigned to [3, 0]
Error assiging 3 to [3, 3] since 0 is assigned to [3, 0]
Error assiging 2 to [2, 3] since 1 is assigned to [0, 1]
Error assiging 2 to [3, 0] since 0 is assigned to [3, 0]
Error assiging 2 to [3, 1] since 0 is assigned to [3, 0]
Error assiging 2 to [3, 2] since 0 is assigned to [3, 0]
Error assiging 2 to [3, 3] since 0 is assigned to [3, 0]
Assiging 1 to [0, 2]
Values cleared by AC3 : 0
Error assiging 2 to [0, 0] since 0 is assigned to [3, 0]
Error assiging 2 to [0, 1] since 1 is assigned to [0, 2]
Error assiging 2 to [0, 2] since 1 is assigned to [0, 2]
Error assiging 2 to [0, 3] since 0 is assigned to [3, 0]
Error assiging 2 to [1, 0] since 0 is assigned to [3, 0]
Error assiging 2 to [1, 1] since 1 is assigned to [0, 2]
Error assiging 2 to [1, 2] since 0 is assigned to [3, 0]
Error assiging 2 to [1, 3] since 1 is assigned to [0, 2]
Error assiging 2 to [2, 0] since 0 is assigned to [3, 0]
Error assiging 2 to [2, 1] since 0 is assigned to [3, 0]
Error assiging 2 to [2, 2] since 1 is assigned to [0, 2]
Assiging 2 to [2, 3]
Values cleared by AC3 : 0
Error assiging 3 to [0, 0] since 0 is assigned to [3, 0]
Error assiging 3 to [0, 1] since 1 is assigned to [0, 2]
Error assiging 3 to [0, 2] since 1 is assigned to [0, 2]
Error assiging 3 to [0, 3] since 0 is assigned to [3, 0]
Error assiging 3 to [1, 0] since 0 is assigned to [3, 0]
Error assiging 3 to [1, 1] since 1 is assigned to [0, 2]
Error assiging 3 to [1, 2] since 0 is assigned to [3, 0]
Error assiging 3 to [1, 3] since 1 is assigned to [0, 2]
Error assiging 3 to [2, 0] since 0 is assigned to [3, 0]
Error assiging 3 to [2, 1] since 0 is assigned to [3, 0]
Error assiging 3 to [2, 2] since 1 is assigned to [0, 2]
Error assiging 3 to [2, 3] since 2 is assigned to [2, 3]
Error assiging 3 to [3, 0] since 0 is assigned to [3, 0]
Error assiging 3 to [3, 1] since 0 is assigned to [3, 0]
Error assiging 3 to [3, 2] since 0 is assigned to [3, 0]
Error assiging 3 to [3, 3] since 0 is assigned to [3, 0]
Error assiging 2 to [3, 0] since 0 is assigned to [3, 0]
Error assiging 2 to [3, 1] since 0 is assigned to [3, 0]
Error assiging 2 to [3, 2] since 0 is assigned to [3, 0]
Error assiging 2 to [3, 3] since 0 is assigned to [3, 0]
Error assiging 1 to [0, 3] since 0 is assigned to [3, 0]
Error assiging 1 to [1, 0] since 0 is assigned to [3, 0]
Assiging 1 to [1, 1]
Values cleared by AC3 : 0
Error assiging 2 to [0, 0] since 0 is assigned to [3, 0]
Error assiging 2 to [0, 1] since 1 is assigned to [1, 1]
Error assiging 2 to [0, 2] since 1 is assigned to [1, 1]
Error assiging 2 to [0, 3] since 0 is assigned to [3, 0]
Error assiging 2 to [1, 0] since 0 is assigned to [3, 0]
Error assiging 2 to [1, 1] since 1 is assigned to [1, 1]
Error assiging 2 to [1, 2] since 0 is assigned to [3, 0]
Error assiging 2 to [1, 3] since 1 is assigned to [1, 1]
Error assiging 2 to [2, 0] since 0 is assigned to [3, 0]
Error assiging 2 to [2, 1] since 0 is assigned to [3, 0]
Error assiging 2 to [2, 2] since 1 is assigned to [1, 1]
Assiging 2 to [2, 3]
Values cleared by AC3 : 0
Error assiging 3 to [0, 0] since 0 is assigned to [3, 0]
Error assiging 3 to [0, 1] since 1 is assigned to [1, 1]
Error assiging 3 to [0, 2] since 1 is assigned to [1, 1]
Error assiging 3 to [0, 3] since 0 is assigned to [3, 0]
Error assiging 3 to [1, 0] since 0 is assigned to [3, 0]
Error assiging 3 to [1, 1] since 1 is assigned to [1, 1]
Error assiging 3 to [1, 2] since 0 is assigned to [3, 0]
Error assiging 3 to [1, 3] since 1 is assigned to [1, 1]
Error assiging 3 to [2, 0] since 0 is assigned to [3, 0]
Error assiging 3 to [2, 1] since 0 is assigned to [3, 0]
Error assiging 3 to [2, 2] since 1 is assigned to [1, 1]
Error assiging 3 to [2, 3] since 2 is assigned to [2, 3]
Error assiging 3 to [3, 0] since 0 is assigned to [3, 0]
Error assiging 3 to [3, 1] since 0 is assigned to [3, 0]
Error assiging 3 to [3, 2] since 0 is assigned to [3, 0]
Error assiging 3 to [3, 3] since 0 is assigned to [3, 0]
Error assiging 2 to [3, 0] since 0 is assigned to [3, 0]
Error assiging 2 to [3, 1] since 0 is assigned to [3, 0]
Error assiging 2 to [3, 2] since 0 is assigned to [3, 0]
Error assiging 2 to [3, 3] since 0 is assigned to [3, 0]
Error assiging 1 to [1, 2] since 0 is assigned to [3, 0]
Assiging 1 to [1, 3]
Values cleared by AC3 : 0
Error assiging 2 to [0, 0] since 0 is assigned to [3, 0]
Assiging 2 to [0, 1]
Values cleared by AC3 : 0
Error assiging 3 to [0, 0] since 0 is assigned to [3, 0]
Error assiging 3 to [0, 1] since 2 is assigned to [0, 1]
Error assiging 3 to [0, 2] since 1 is assigned to [1, 3]
Error assiging 3 to [0, 3] since 0 is assigned to [3, 0]
Error assiging 3 to [1, 0] since 0 is assigned to [3, 0]
Error assiging 3 to [1, 1] since 1 is assigned to [1, 3]
Error assiging 3 to [1, 2] since 0 is assigned to [3, 0]
Error assiging 3 to [1, 3] since 1 is assigned to [1, 3]
Error assiging 3 to [2, 0] since 0 is assigned to [3, 0]
Error assiging 3 to [2, 1] since 0 is assigned to [3, 0]
Error assiging 3 to [2, 2] since 1 is assigned to [1, 3]
Error assiging 3 to [2, 3] since 1 is assigned to [1, 3]
Error assiging 3 to [3, 0] since 0 is assigned to [3, 0]
Error assiging 3 to [3, 1] since 0 is assigned to [3, 0]
Error assiging 3 to [3, 2] since 0 is assigned to [3, 0]
Error assiging 3 to [3, 3] since 0 is assigned to [3, 0]
Error assiging 2 to [0, 2] since 1 is assigned to [1, 3]
Error assiging 2 to [0, 3] since 0 is assigned to [3, 0]
Error assiging 2 to [1, 0] since 0 is assigned to [3, 0]
Error assiging 2 to [1, 1] since 1 is assigned to [1, 3]
Error assiging 2 to [1, 2] since 0 is assigned to [3, 0]
Error assiging 2 to [1, 3] since 1 is assigned to [1, 3]
Error assiging 2 to [2, 0] since 0 is assigned to [3, 0]
Error assiging 2 to [2, 1] since 0 is assigned to [3, 0]
Error assiging 2 to [2, 2] since 1 is assigned to [1, 3]
Error assiging 2 to [2, 3] since 1 is assigned to [1, 3]
Error assiging 2 to [3, 0] since 0 is assigned to [3, 0]
Error assiging 2 to [3, 1] since 0 is assigned to [3, 0]
Error assiging 2 to [3, 2] since 0 is assigned to [3, 0]
Error assiging 2 to [3, 3] since 0 is assigned to [3, 0]
Error assiging 1 to [2, 0] since 0 is assigned to [3, 0]
Error assiging 1 to [2, 1] since 0 is assigned to [3, 0]
Assiging 1 to [2, 2]
Values cleared by AC3 : 0
Error assiging 2 to [0, 0] since 0 is assigned to [3, 0]
Assiging 2 to [0, 1]
Values cleared by AC3 : 0
Error assiging 3 to [0, 0] since 0 is assigned to [3, 0]
Error assiging 3 to [0, 1] since 2 is assigned to [0, 1]
Error assiging 3 to [0, 2] since 1 is assigned to [2, 2]
Error assiging 3 to [0, 3] since 0 is assigned to [3, 0]
Error assiging 3 to [1, 0] since 0 is assigned to [3, 0]
Error assiging 3 to [1, 1] since 1 is assigned to [2, 2]
Error assiging 3 to [1, 2] since 0 is assigned to [3, 0]
Error assiging 3 to [1, 3] since 1 is assigned to [2, 2]
Error assiging 3 to [2, 0] since 0 is assigned to [3, 0]
Error assiging 3 to [2, 1] since 0 is assigned to [3, 0]
Error assiging 3 to [2, 2] since 1 is assigned to [2, 2]
Error assiging 3 to [2, 3] since 1 is assigned to [2, 2]
Error assiging 3 to [3, 0] since 0 is assigned to [3, 0]
Error assiging 3 to [3, 1] since 0 is assigned to [3, 0]
Error assiging 3 to [3, 2] since 0 is assigned to [3, 0]
Error assiging 3 to [3, 3] since 0 is assigned to [3, 0]
Error assiging 2 to [0, 2] since 1 is assigned to [2, 2]
Error assiging 2 to [0, 3] since 0 is assigned to [3, 0]
Error assiging 2 to [1, 0] since 0 is assigned to [3, 0]
Error assiging 2 to [1, 1] since 1 is assigned to [2, 2]
Error assiging 2 to [1, 2] since 0 is assigned to [3, 0]
Error assiging 2 to [1, 3] since 1 is assigned to [2, 2]
Error assiging 2 to [2, 0] since 0 is assigned to [3, 0]
Error assiging 2 to [2, 1] since 0 is assigned to [3, 0]
Error assiging 2 to [2, 2] since 1 is assigned to [2, 2]
Error assiging 2 to [2, 3] since 1 is assigned to [2, 2]
Error assiging 2 to [3, 0] since 0 is assigned to [3, 0]
Error assiging 2 to [3, 1] since 0 is assigned to [3, 0]
Error assiging 2 to [3, 2] since 0 is assigned to [3, 0]
Error assiging 2 to [3, 3] since 0 is assigned to [3, 0]
Assiging 1 to [2, 3]
Values cleared by AC3 : 0
Error assiging 2 to [0, 0] since 0 is assigned to [3, 0]
Error assiging 2 to [0, 1] since 1 is assigned to [2, 3]
Assiging 2 to [0, 2]
Values cleared by AC3 : 0
Error assiging 3 to [0, 0] since 0 is assigned to [3, 0]
Error assiging 3 to [0, 1] since 1 is assigned to [2, 3]
Error assiging 3 to [0, 2] since 2 is assigned to [0, 2]
Error assiging 3 to [0, 3] since 0 is assigned to [3, 0]
Error assiging 3 to [1, 0] since 0 is assigned to [3, 0]
Error assiging 3 to [1, 1] since 2 is assigned to [0, 2]
Error assiging 3 to [1, 2] since 0 is assigned to [3, 0]
Error assiging 3 to [1, 3] since 1 is assigned to [2, 3]
Error assiging 3 to [2, 0] since 0 is assigned to [3, 0]
Error assiging 3 to [2, 1] since 0 is assigned to [3, 0]
Error assiging 3 to [2, 2] since 1 is assigned to [2, 3]
Error assiging 3 to [2, 3] since 1 is assigned to [2, 3]
Error assiging 3 to [3, 0] since 0 is assigned to [3, 0]
Error assiging 3 to [3, 1] since 0 is assigned to [3, 0]
Error assiging 3 to [3, 2] since 0 is assigned to [3, 0]
Error assiging 3 to [3, 3] since 0 is assigned to [3, 0]
Error assiging 2 to [0, 3] since 0 is assigned to [3, 0]
Error assiging 2 to [1, 0] since 0 is assigned to [3, 0]
Assiging 2 to [1, 1]
Values cleared by AC3 : 0
Error assiging 3 to [0, 0] since 0 is assigned to [3, 0]
Error assiging 3 to [0, 1] since 1 is assigned to [2, 3]
Error assiging 3 to [0, 2] since 2 is assigned to [1, 1]
Error assiging 3 to [0, 3] since 0 is assigned to [3, 0]
Error assiging 3 to [1, 0] since 0 is assigned to [3, 0]
Error assiging 3 to [1, 1] since 2 is assigned to [1, 1]
Error assiging 3 to [1, 2] since 0 is assigned to [3, 0]
Error assiging 3 to [1, 3] since 1 is assigned to [2, 3]
Error assiging 3 to [2, 0] since 0 is assigned to [3, 0]
Error assiging 3 to [2, 1] since 0 is assigned to [3, 0]
Error assiging 3 to [2, 2] since 1 is assigned to [2, 3]
Error assiging 3 to [2, 3] since 1 is assigned to [2, 3]
Error assiging 3 to [3, 0] since 0 is assigned to [3, 0]
Error assiging 3 to [3, 1] since 0 is assigned to [3, 0]
Error assiging 3 to [3, 2] since 0 is assigned to [3, 0]
Error assiging 3 to [3, 3] since 0 is assigned to [3, 0]
Error assiging 2 to [1, 2] since 0 is assigned to [3, 0]
Error assiging 2 to [1, 3] since 1 is assigned to [2, 3]
Error assiging 2 to [2, 0] since 0 is assigned to [3, 0]
Error assiging 2 to [2, 1] since 0 is assigned to [3, 0]
Error assiging 2 to [2, 2] since 1 is assigned to [2, 3]
Error assiging 2 to [2, 3] since 1 is assigned to [2, 3]
Error assiging 2 to [3, 0] since 0 is assigned to [3, 0]
Error assiging 2 to [3, 1] since 0 is assigned to [3, 0]
Error assiging 2 to [3, 2] since 0 is assigned to [3, 0]
Error assiging 2 to [3, 3] since 0 is assigned to [3, 0]
Error assiging 1 to [3, 0] since 0 is assigned to [3, 0]
Error assiging 1 to [3, 1] since 0 is assigned to [3, 0]
Error assiging 1 to [3, 2] since 0 is assigned to [3, 0]
Error assiging 1 to [3, 3] since 0 is assigned to [3, 0]
Assiging 0 to [3, 1]
Values cleared by AC3 : 0
Assiging 1 to [0, 0]
Values cleared by AC3 : 0
Error assiging 2 to [0, 0] since 1 is assigned to [0, 0]
Error assiging 2 to [0, 1] since 0 is assigned to [3, 1]
Error assiging 2 to [0, 2] since 1 is assigned to [0, 0]
Error assiging 2 to [0, 3] since 1 is assigned to [0, 0]
Error assiging 2 to [1, 0] since 1 is assigned to [0, 0]
Error assiging 2 to [1, 1] since 0 is assigned to [3, 1]
Assiging 2 to [1, 2]
Values cleared by AC3 : 0
Error assiging 3 to [0, 0] since 1 is assigned to [0, 0]
Error assiging 3 to [0, 1] since 0 is assigned to [3, 1]
Error assiging 3 to [0, 2] since 1 is assigned to [0, 0]
Error assiging 3 to [0, 3] since 1 is assigned to [0, 0]
Error assiging 3 to [1, 0] since 1 is assigned to [0, 0]
Error assiging 3 to [1, 1] since 0 is assigned to [3, 1]
Error assiging 3 to [1, 2] since 2 is assigned to [1, 2]
Error assiging 3 to [1, 3] since 0 is assigned to [3, 1]
Error assiging 3 to [2, 0] since 0 is assigned to [3, 1]
Error assiging 3 to [2, 1] since 0 is assigned to [3, 1]
Error assiging 3 to [2, 2] since 0 is assigned to [3, 1]
Error assiging 3 to [2, 3] since 2 is assigned to [1, 2]
Error assiging 3 to [3, 0] since 0 is assigned to [3, 1]
Error assiging 3 to [3, 1] since 0 is assigned to [3, 1]
Error assiging 3 to [3, 2] since 0 is assigned to [3, 1]
Error assiging 3 to [3, 3] since 0 is assigned to [3, 1]
Error assiging 2 to [1, 3] since 0 is assigned to [3, 1]
Error assiging 2 to [2, 0] since 0 is assigned to [3, 1]
Error assiging 2 to [2, 1] since 0 is assigned to [3, 1]
Error assiging 2 to [2, 2] since 0 is assigned to [3, 1]
Assiging 2 to [2, 3]
Values cleared by AC3 : 0
Error assiging 3 to [0, 0] since 1 is assigned to [0, 0]
Error assiging 3 to [0, 1] since 0 is assigned to [3, 1]
Error assiging 3 to [0, 2] since 1 is assigned to [0, 0]
Error assiging 3 to [0, 3] since 1 is assigned to [0, 0]
Error assiging 3 to [1, 0] since 1 is assigned to [0, 0]
Error assiging 3 to [1, 1] since 0 is assigned to [3, 1]
Error assiging 3 to [1, 2] since 2 is assigned to [2, 3]
Error assiging 3 to [1, 3] since 0 is assigned to [3, 1]
Error assiging 3 to [2, 0] since 0 is assigned to [3, 1]
Error assiging 3 to [2, 1] since 0 is assigned to [3, 1]
Error assiging 3 to [2, 2] since 0 is assigned to [3, 1]
Error assiging 3 to [2, 3] since 2 is assigned to [2, 3]
Error assiging 3 to [3, 0] since 0 is assigned to [3, 1]
Error assiging 3 to [3, 1] since 0 is assigned to [3, 1]
Error assiging 3 to [3, 2] since 0 is assigned to [3, 1]
Error assiging 3 to [3, 3] since 0 is assigned to [3, 1]
Error assiging 2 to [3, 0] since 0 is assigned to [3, 1]
Error assiging 2 to [3, 1] since 0 is assigned to [3, 1]
Error assiging 2 to [3, 2] since 0 is assigned to [3, 1]
Error assiging 2 to [3, 3] since 0 is assigned to [3, 1]
Error assiging 1 to [0, 1] since 0 is assigned to [3, 1]
Assiging 1 to [0, 2]
Values cleared by AC3 : 0
Error assiging 2 to [0, 0] since 1 is assigned to [0, 2]
Error assiging 2 to [0, 1] since 0 is assigned to [3, 1]
Error assiging 2 to [0, 2] since 1 is assigned to [0, 2]
Error assiging 2 to [0, 3] since 1 is assigned to [0, 2]
Assiging 2 to [1, 0]
Values cleared by AC3 : 0
Error assiging 3 to [0, 0] since 1 is assigned to [0, 2]
Error assiging 3 to [0, 1] since 0 is assigned to [3, 1]
Error assiging 3 to [0, 2] since 1 is assigned to [0, 2]
Error assiging 3 to [0, 3] since 1 is assigned to [0, 2]
Error assiging 3 to [1, 0] since 2 is assigned to [1, 0]
Error assiging 3 to [1, 1] since 0 is assigned to [3, 1]
Error assiging 3 to [1, 2] since 1 is assigned to [0, 2]
Error assiging 3 to [1, 3] since 0 is assigned to [3, 1]
Error assiging 3 to [2, 0] since 0 is assigned to [3, 1]
Error assiging 3 to [2, 1] since 0 is assigned to [3, 1]
Error assiging 3 to [2, 2] since 0 is assigned to [3, 1]
Assiging 3 to [2, 3]
Values cleared by AC3 : 0
Error assiging 3 to [3, 0] since 0 is assigned to [3, 1]
Error assiging 3 to [3, 1] since 0 is assigned to [3, 1]
Error assiging 3 to [3, 2] since 0 is assigned to [3, 1]
Error assiging 3 to [3, 3] since 0 is assigned to [3, 1]
Error assiging 2 to [1, 1] since 0 is assigned to [3, 1]
Error assiging 2 to [1, 2] since 1 is assigned to [0, 2]
Error assiging 2 to [1, 3] since 0 is assigned to [3, 1]
Error assiging 2 to [2, 0] since 0 is assigned to [3, 1]
Error assiging 2 to [2, 1] since 0 is assigned to [3, 1]
Error assiging 2 to [2, 2] since 0 is assigned to [3, 1]
Assiging 2 to [2, 3]
Values cleared by AC3 : 0
Error assiging 3 to [0, 0] since 1 is assigned to [0, 2]
Error assiging 3 to [0, 1] since 0 is assigned to [3, 1]
Error assiging 3 to [0, 2] since 1 is assigned to [0, 2]
Error assiging 3 to [0, 3] since 1 is assigned to [0, 2]
Assiging 3 to [1, 0]
Values cleared by AC3 : 0
Error assiging 3 to [1, 1] since 0 is assigned to [3, 1]
Error assiging 3 to [1, 2] since 1 is assigned to [0, 2]
Error assiging 3 to [1, 3] since 0 is assigned to [3, 1]
Error assiging 3 to [2, 0] since 0 is assigned to [3, 1]
Error assiging 3 to [2, 1] since 0 is assigned to [3, 1]
Error assiging 3 to [2, 2] since 0 is assigned to [3, 1]
Error assiging 3 to [2, 3] since 2 is assigned to [2, 3]
Error assiging 3 to [3, 0] since 0 is assigned to [3, 1]
Error assiging 3 to [3, 1] since 0 is assigned to [3, 1]
Error assiging 3 to [3, 2] since 0 is assigned to [3, 1]
Error assiging 3 to [3, 3] since 0 is assigned to [3, 1]
Error assiging 2 to [3, 0] since 0 is assigned to [3, 1]
Error assiging 2 to [3, 1] since 0 is assigned to [3, 1]
Error assiging 2 to [3, 2] since 0 is assigned to [3, 1]
Error assiging 2 to [3, 3] since 0 is assigned to [3, 1]
Assiging 1 to [0, 3]
Values cleared by AC3 : 0
Error assiging 2 to [0, 0] since 1 is assigned to [0, 3]
Error assiging 2 to [0, 1] since 0 is assigned to [3, 1]
Error assiging 2 to [0, 2] since 1 is assigned to [0, 3]
Error assiging 2 to [0, 3] since 1 is assigned to [0, 3]
Assiging 2 to [1, 0]
Values cleared by AC3 : 0
Error assiging 3 to [0, 0] since 1 is assigned to [0, 3]
Error assiging 3 to [0, 1] since 0 is assigned to [3, 1]
Error assiging 3 to [0, 2] since 1 is assigned to [0, 3]
Error assiging 3 to [0, 3] since 1 is assigned to [0, 3]
Error assiging 3 to [1, 0] since 2 is assigned to [1, 0]
Error assiging 3 to [1, 1] since 0 is assigned to [3, 1]
Error assiging 3 to [1, 2] since 1 is assigned to [0, 3]
Error assiging 3 to [1, 3] since 0 is assigned to [3, 1]
Error assiging 3 to [2, 0] since 0 is assigned to [3, 1]
Error assiging 3 to [2, 1] since 0 is assigned to [3, 1]
Error assiging 3 to [2, 2] since 0 is assigned to [3, 1]
Error assiging 3 to [2, 3] since 1 is assigned to [0, 3]
Error assiging 3 to [3, 0] since 0 is assigned to [3, 1]
Error assiging 3 to [3, 1] since 0 is assigned to [3, 1]
Error assiging 3 to [3, 2] since 0 is assigned to [3, 1]
Error assiging 3 to [3, 3] since 0 is assigned to [3, 1]
Error assiging 2 to [1, 1] since 0 is assigned to [3, 1]
Error assiging 2 to [1, 2] since 1 is assigned to [0, 3]
Error assiging 2 to [1, 3] since 0 is assigned to [3, 1]
Error assiging 2 to [2, 0] since 0 is assigned to [3, 1]
Error assiging 2 to [2, 1] since 0 is assigned to [3, 1]
Error assiging 2 to [2, 2] since 0 is assigned to [3, 1]
Error assiging 2 to [2, 3] since 1 is assigned to [0, 3]
Error assiging 2 to [3, 0] since 0 is assigned to [3, 1]
Error assiging 2 to [3, 1] since 0 is assigned to [3, 1]
Error assiging 2 to [3, 2] since 0 is assigned to [3, 1]
Error assiging 2 to [3, 3] since 0 is assigned to [3, 1]
Assiging 1 to [1, 0]
Values cleared by AC3 : 0
Error assiging 2 to [0, 0] since 1 is assigned to [1, 0]
Error assiging 2 to [0, 1] since 0 is assigned to [3, 1]
Assiging 2 to [0, 2]
Values cleared by AC3 : 0
Error assiging 3 to [0, 0] since 1 is assigned to [1, 0]
Error assiging 3 to [0, 1] since 0 is assigned to [3, 1]
Error assiging 3 to [0, 2] since 2 is assigned to [0, 2]
Error assiging 3 to [0, 3] since 2 is assigned to [0, 2]
Error assiging 3 to [1, 0] since 1 is assigned to [1, 0]
Error assiging 3 to [1, 1] since 0 is assigned to [3, 1]
Error assiging 3 to [1, 2] since 1 is assigned to [1, 0]
Error assiging 3 to [1, 3] since 0 is assigned to [3, 1]
Error assiging 3 to [2, 0] since 0 is assigned to [3, 1]
Error assiging 3 to [2, 1] since 0 is assigned to [3, 1]
Error assiging 3 to [2, 2] since 0 is assigned to [3, 1]
Assiging 3 to [2, 3]
Values cleared by AC3 : 0
Error assiging 3 to [3, 0] since 0 is assigned to [3, 1]
Error assiging 3 to [3, 1] since 0 is assigned to [3, 1]
Error assiging 3 to [3, 2] since 0 is assigned to [3, 1]
Error assiging 3 to [3, 3] since 0 is assigned to [3, 1]
Assiging 2 to [0, 3]
Values cleared by AC3 : 0
Error assiging 3 to [0, 0] since 1 is assigned to [1, 0]
Error assiging 3 to [0, 1] since 0 is assigned to [3, 1]
Error assiging 3 to [0, 2] since 2 is assigned to [0, 3]
Error assiging 3 to [0, 3] since 2 is assigned to [0, 3]
Error assiging 3 to [1, 0] since 1 is assigned to [1, 0]
Error assiging 3 to [1, 1] since 0 is assigned to [3, 1]
Error assiging 3 to [1, 2] since 1 is assigned to [1, 0]
Error assiging 3 to [1, 3] since 0 is assigned to [3, 1]
Error assiging 3 to [2, 0] since 0 is assigned to [3, 1]
Error assiging 3 to [2, 1] since 0 is assigned to [3, 1]
Error assiging 3 to [2, 2] since 0 is assigned to [3, 1]
Error assiging 3 to [2, 3] since 2 is assigned to [0, 3]
Error assiging 3 to [3, 0] since 0 is assigned to [3, 1]
Error assiging 3 to [3, 1] since 0 is assigned to [3, 1]
Error assiging 3 to [3, 2] since 0 is assigned to [3, 1]
Error assiging 3 to [3, 3] since 0 is assigned to [3, 1]
Error assiging 2 to [1, 0] since 1 is assigned to [1, 0]
Error assiging 2 to [1, 1] since 0 is assigned to [3, 1]
Error assiging 2 to [1, 2] since 1 is assigned to [1, 0]
Error assiging 2 to [1, 3] since 0 is assigned to [3, 1]
Error assiging 2 to [2, 0] since 0 is assigned to [3, 1]
Error assiging 2 to [2, 1] since 0 is assigned to [3, 1]
Error assiging 2 to [2, 2] since 0 is assigned to [3, 1]
Assiging 2 to [2, 3]
Values cleared by AC3 : 0
Error assiging 3 to [0, 0] since 1 is assigned to [1, 0]
Error assiging 3 to [0, 1] since 0 is assigned to [3, 1]
Assiging 3 to [0, 2]
Values cleared by AC3 : 0
Error assiging 3 to [0, 3] since 2 is assigned to [2, 3]
Error assiging 3 to [1, 0] since 1 is assigned to [1, 0]
Error assiging 3 to [1, 1] since 0 is assigned to [3, 1]
Error assiging 3 to [1, 2] since 1 is assigned to [1, 0]
Error assiging 3 to [1, 3] since 0 is assigned to [3, 1]
Error assiging 3 to [2, 0] since 0 is assigned to [3, 1]
Error assiging 3 to [2, 1] since 0 is assigned to [3, 1]
Error assiging 3 to [2, 2] since 0 is assigned to [3, 1]
Error assiging 3 to [2, 3] since 2 is assigned to [2, 3]
Error assiging 3 to [3, 0] since 0 is assigned to [3, 1]
Error assiging 3 to [3, 1] since 0 is assigned to [3, 1]
Error assiging 3 to [3, 2] since 0 is assigned to [3, 1]
Error assiging 3 to [3, 3] since 0 is assigned to [3, 1]
Error assiging 2 to [3, 0] since 0 is assigned to [3, 1]
Error assiging 2 to [3, 1] since 0 is assigned to [3, 1]
Error assiging 2 to [3, 2] since 0 is assigned to [3, 1]
Error assiging 2 to [3, 3] since 0 is assigned to [3, 1]
Error assiging 1 to [1, 1] since 0 is assigned to [3, 1]
Assiging 1 to [1, 2]
Values cleared by AC3 : 0
Assiging 2 to [0, 0]
Values cleared by AC3 : 0
Error assiging 3 to [0, 0] since 2 is assigned to [0, 0]
Error assiging 3 to [0, 1] since 0 is assigned to [3, 1]
Error assiging 3 to [0, 2] since 1 is assigned to [1, 2]
Error assiging 3 to [0, 3] since 1 is assigned to [1, 2]
Error assiging 3 to [1, 0] since 1 is assigned to [1, 2]
Error assiging 3 to [1, 1] since 0 is assigned to [3, 1]
Error assiging 3 to [1, 2] since 1 is assigned to [1, 2]
Error assiging 3 to [1, 3] since 0 is assigned to [3, 1]
Error assiging 3 to [2, 0] since 0 is assigned to [3, 1]
Error assiging 3 to [2, 1] since 0 is assigned to [3, 1]
Error assiging 3 to [2, 2] since 0 is assigned to [3, 1]
Error assiging 3 to [2, 3] since 1 is assigned to [1, 2]
Error assiging 3 to [3, 0] since 0 is assigned to [3, 1]
Error assiging 3 to [3, 1] since 0 is assigned to [3, 1]
Error assiging 3 to [3, 2] since 0 is assigned to [3, 1]
Error assiging 3 to [3, 3] since 0 is assigned to [3, 1]
Error assiging 2 to [0, 1] since 0 is assigned to [3, 1]
Error assiging 2 to [0, 2] since 1 is assigned to [1, 2]
Error assiging 2 to [0, 3] since 1 is assigned to [1, 2]
Error assiging 2 to [1, 0] since 1 is assigned to [1, 2]
Error assiging 2 to [1, 1] since 0 is assigned to [3, 1]
Error assiging 2 to [1, 2] since 1 is assigned to [1, 2]
Error assiging 2 to [1, 3] since 0 is assigned to [3, 1]
Error assiging 2 to [2, 0] since 0 is assigned to [3, 1]
Error assiging 2 to [2, 1] since 0 is assigned to [3, 1]
Error assiging 2 to [2, 2] since 0 is assigned to [3, 1]
Error assiging 2 to [2, 3] since 1 is assigned to [1, 2]
Error assiging 2 to [3, 0] since 0 is assigned to [3, 1]
Error assiging 2 to [3, 1] since 0 is assigned to [3, 1]
Error assiging 2 to [3, 2] since 0 is assigned to [3, 1]
Error assiging 2 to [3, 3] since 0 is assigned to [3, 1]
Error assiging 1 to [1, 3] since 0 is assigned to [3, 1]
Error assiging 1 to [2, 0] since 0 is assigned to [3, 1]
Error assiging 1 to [2, 1] since 0 is assigned to [3, 1]
Error assiging 1 to [2, 2] since 0 is assigned to [3, 1]
Assiging 1 to [2, 3]
Values cleared by AC3 : 0
Assiging 2 to [0, 0]
Values cleared by AC3 : 0
Error assiging 3 to [0, 0] since 2 is assigned to [0, 0]
Error assiging 3 to [0, 1] since 0 is assigned to [3, 1]
Error assiging 3 to [0, 2] since 2 is assigned to [0, 0]
Error assiging 3 to [0, 3] since 1 is assigned to [2, 3]
Error assiging 3 to [1, 0] since 2 is assigned to [0, 0]
Error assiging 3 to [1, 1] since 0 is assigned to [3, 1]
Error assiging 3 to [1, 2] since 1 is assigned to [2, 3]
Error assiging 3 to [1, 3] since 0 is assigned to [3, 1]
Error assiging 3 to [2, 0] since 0 is assigned to [3, 1]
Error assiging 3 to [2, 1] since 0 is assigned to [3, 1]
Error assiging 3 to [2, 2] since 0 is assigned to [3, 1]
Error assiging 3 to [2, 3] since 1 is assigned to [2, 3]
Error assiging 3 to [3, 0] since 0 is assigned to [3, 1]
Error assiging 3 to [3, 1] since 0 is assigned to [3, 1]
Error assiging 3 to [3, 2] since 0 is assigned to [3, 1]
Error assiging 3 to [3, 3] since 0 is assigned to [3, 1]
Error assiging 2 to [0, 1] since 0 is assigned to [3, 1]
Assiging 2 to [0, 2]
Values cleared by AC3 : 0
Error assiging 3 to [0, 0] since 2 is assigned to [0, 2]
Error assiging 3 to [0, 1] since 0 is assigned to [3, 1]
Error assiging 3 to [0, 2] since 2 is assigned to [0, 2]
Error assiging 3 to [0, 3] since 1 is assigned to [2, 3]
Assiging 3 to [1, 0]
Values cleared by AC3 : 0
Error assiging 3 to [1, 1] since 0 is assigned to [3, 1]
Error assiging 3 to [1, 2] since 1 is assigned to [2, 3]
Error assiging 3 to [1, 3] since 0 is assigned to [3, 1]
Error assiging 3 to [2, 0] since 0 is assigned to [3, 1]
Error assiging 3 to [2, 1] since 0 is assigned to [3, 1]
Error assiging 3 to [2, 2] since 0 is assigned to [3, 1]
Error assiging 3 to [2, 3] since 1 is assigned to [2, 3]
Error assiging 3 to [3, 0] since 0 is assigned to [3, 1]
Error assiging 3 to [3, 1] since 0 is assigned to [3, 1]
Error assiging 3 to [3, 2] since 0 is assigned to [3, 1]
Error assiging 3 to [3, 3] since 0 is assigned to [3, 1]
Error assiging 2 to [0, 3] since 1 is assigned to [2, 3]
Assiging 2 to [1, 0]
Values cleared by AC3 : 0
Error assiging 3 to [0, 0] since 2 is assigned to [1, 0]
Error assiging 3 to [0, 1] since 0 is assigned to [3, 1]
Assiging 3 to [0, 2]
Values cleared by AC3 : 0
Error assiging 3 to [0, 3] since 1 is assigned to [2, 3]
Error assiging 3 to [1, 0] since 2 is assigned to [1, 0]
Error assiging 3 to [1, 1] since 0 is assigned to [3, 1]
Error assiging 3 to [1, 2] since 1 is assigned to [2, 3]
Error assiging 3 to [1, 3] since 0 is assigned to [3, 1]
Error assiging 3 to [2, 0] since 0 is assigned to [3, 1]
Error assiging 3 to [2, 1] since 0 is assigned to [3, 1]
Error assiging 3 to [2, 2] since 0 is assigned to [3, 1]
Error assiging 3 to [2, 3] since 1 is assigned to [2, 3]
Error assiging 3 to [3, 0] since 0 is assigned to [3, 1]
Error assiging 3 to [3, 1] since 0 is assigned to [3, 1]
Error assiging 3 to [3, 2] since 0 is assigned to [3, 1]
Error assiging 3 to [3, 3] since 0 is assigned to [3, 1]
Error assiging 2 to [1, 1] since 0 is assigned to [3, 1]
Error assiging 2 to [1, 2] since 1 is assigned to [2, 3]
Error assiging 2 to [1, 3] since 0 is assigned to [3, 1]
Error assiging 2 to [2, 0] since 0 is assigned to [3, 1]
Error assiging 2 to [2, 1] since 0 is assigned to [3, 1]
Error assiging 2 to [2, 2] since 0 is assigned to [3, 1]
Error assiging 2 to [2, 3] since 1 is assigned to [2, 3]
Error assiging 2 to [3, 0] since 0 is assigned to [3, 1]
Error assiging 2 to [3, 1] since 0 is assigned to [3, 1]
Error assiging 2 to [3, 2] since 0 is assigned to [3, 1]
Error assiging 2 to [3, 3] since 0 is assigned to [3, 1]
Error assiging 1 to [3, 0] since 0 is assigned to [3, 1]
Error assiging 1 to [3, 1] since 0 is assigned to [3, 1]
Error assiging 1 to [3, 2] since 0 is assigned to [3, 1]
Error assiging 1 to [3, 3] since 0 is assigned to [3, 1]
Assiging 0 to [3, 2]
Values cleared by AC3 : 0
Assiging 1 to [0, 0]
Values cleared by AC3 : 0
Error assiging 2 to [0, 0] since 1 is assigned to [0, 0]
Error assiging 2 to [0, 1] since 1 is assigned to [0, 0]
Error assiging 2 to [0, 2] since 0 is assigned to [3, 2]
Error assiging 2 to [0, 3] since 1 is assigned to [0, 0]
Error assiging 2 to [1, 0] since 0 is assigned to [3, 2]
Error assiging 2 to [1, 1] since 1 is assigned to [0, 0]
Error assiging 2 to [1, 2] since 0 is assigned to [3, 2]
Assiging 2 to [1, 3]
Values cleared by AC3 : 0
Error assiging 3 to [0, 0] since 1 is assigned to [0, 0]
Error assiging 3 to [0, 1] since 1 is assigned to [0, 0]
Error assiging 3 to [0, 2] since 0 is assigned to [3, 2]
Error assiging 3 to [0, 3] since 1 is assigned to [0, 0]
Error assiging 3 to [1, 0] since 0 is assigned to [3, 2]
Error assiging 3 to [1, 1] since 1 is assigned to [0, 0]
Error assiging 3 to [1, 2] since 0 is assigned to [3, 2]
Error assiging 3 to [1, 3] since 2 is assigned to [1, 3]
Error assiging 3 to [2, 0] since 1 is assigned to [0, 0]
Error assiging 3 to [2, 1] since 0 is assigned to [3, 2]
Error assiging 3 to [2, 2] since 0 is assigned to [3, 2]
Error assiging 3 to [2, 3] since 0 is assigned to [3, 2]
Error assiging 3 to [3, 0] since 0 is assigned to [3, 2]
Error assiging 3 to [3, 1] since 0 is assigned to [3, 2]
Error assiging 3 to [3, 2] since 0 is assigned to [3, 2]
Error assiging 3 to [3, 3] since 0 is assigned to [3, 2]
Error assiging 2 to [2, 0] since 1 is assigned to [0, 0]
Error assiging 2 to [2, 1] since 0 is assigned to [3, 2]
Error assiging 2 to [2, 2] since 0 is assigned to [3, 2]
Error assiging 2 to [2, 3] since 0 is assigned to [3, 2]
Error assiging 2 to [3, 0] since 0 is assigned to [3, 2]
Error assiging 2 to [3, 1] since 0 is assigned to [3, 2]
Error assiging 2 to [3, 2] since 0 is assigned to [3, 2]
Error assiging 2 to [3, 3] since 0 is assigned to [3, 2]
Assiging 1 to [0, 1]
Values cleared by AC3 : 0
Error assiging 2 to [0, 0] since 1 is assigned to [0, 1]
Error assiging 2 to [0, 1] since 1 is assigned to [0, 1]
Error assiging 2 to [0, 2] since 0 is assigned to [3, 2]
Error assiging 2 to [0, 3] since 1 is assigned to [0, 1]
Error assiging 2 to [1, 0] since 0 is assigned to [3, 2]
Error assiging 2 to [1, 1] since 1 is assigned to [0, 1]
Error assiging 2 to [1, 2] since 0 is assigned to [3, 2]
Assiging 2 to [1, 3]
Values cleared by AC3 : 0
Error assiging 3 to [0, 0] since 1 is assigned to [0, 1]
Error assiging 3 to [0, 1] since 1 is assigned to [0, 1]
Error assiging 3 to [0, 2] since 0 is assigned to [3, 2]
Error assiging 3 to [0, 3] since 1 is assigned to [0, 1]
Error assiging 3 to [1, 0] since 0 is assigned to [3, 2]
Error assiging 3 to [1, 1] since 1 is assigned to [0, 1]
Error assiging 3 to [1, 2] since 0 is assigned to [3, 2]
Error assiging 3 to [1, 3] since 2 is assigned to [1, 3]
Assiging 3 to [2, 0]
Values cleared by AC3 : 0
Error assiging 3 to [2, 1] since 0 is assigned to [3, 2]
Error assiging 3 to [2, 2] since 0 is assigned to [3, 2]
Error assiging 3 to [2, 3] since 0 is assigned to [3, 2]
Error assiging 3 to [3, 0] since 0 is assigned to [3, 2]
Error assiging 3 to [3, 1] since 0 is assigned to [3, 2]
Error assiging 3 to [3, 2] since 0 is assigned to [3, 2]
Error assiging 3 to [3, 3] since 0 is assigned to [3, 2]
Assiging 2 to [2, 0]
Values cleared by AC3 : 0
Error assiging 3 to [0, 0] since 1 is assigned to [0, 1]
Error assiging 3 to [0, 1] since 1 is assigned to [0, 1]
Error assiging 3 to [0, 2] since 0 is assigned to [3, 2]
Error assiging 3 to [0, 3] since 1 is assigned to [0, 1]
Error assiging 3 to [1, 0] since 0 is assigned to [3, 2]
Error assiging 3 to [1, 1] since 1 is assigned to [0, 1]
Error assiging 3 to [1, 2] since 0 is assigned to [3, 2]
Assiging 3 to [1, 3]
Values cleared by AC3 : 0
Error assiging 3 to [2, 0] since 2 is assigned to [2, 0]
Error assiging 3 to [2, 1] since 0 is assigned to [3, 2]
Error assiging 3 to [2, 2] since 0 is assigned to [3, 2]
Error assiging 3 to [2, 3] since 0 is assigned to [3, 2]
Error assiging 3 to [3, 0] since 0 is assigned to [3, 2]
Error assiging 3 to [3, 1] since 0 is assigned to [3, 2]
Error assiging 3 to [3, 2] since 0 is assigned to [3, 2]
Error assiging 3 to [3, 3] since 0 is assigned to [3, 2]
Error assiging 2 to [2, 1] since 0 is assigned to [3, 2]
Error assiging 2 to [2, 2] since 0 is assigned to [3, 2]
Error assiging 2 to [2, 3] since 0 is assigned to [3, 2]
Error assiging 2 to [3, 0] since 0 is assigned to [3, 2]
Error assiging 2 to [3, 1] since 0 is assigned to [3, 2]
Error assiging 2 to [3, 2] since 0 is assigned to [3, 2]
Error assiging 2 to [3, 3] since 0 is assigned to [3, 2]
Error assiging 1 to [0, 2] since 0 is assigned to [3, 2]
Assiging 1 to [0, 3]
Values cleared by AC3 : 0
Error assiging 2 to [0, 0] since 1 is assigned to [0, 3]
Error assiging 2 to [0, 1] since 1 is assigned to [0, 3]
Error assiging 2 to [0, 2] since 0 is assigned to [3, 2]
Error assiging 2 to [0, 3] since 1 is assigned to [0, 3]
Error assiging 2 to [1, 0] since 0 is assigned to [3, 2]
Assiging 2 to [1, 1]
Values cleared by AC3 : 0
Error assiging 3 to [0, 0] since 1 is assigned to [0, 3]
Error assiging 3 to [0, 1] since 1 is assigned to [0, 3]
Error assiging 3 to [0, 2] since 0 is assigned to [3, 2]
Error assiging 3 to [0, 3] since 1 is assigned to [0, 3]
Error assiging 3 to [1, 0] since 0 is assigned to [3, 2]
Error assiging 3 to [1, 1] since 2 is assigned to [1, 1]
Error assiging 3 to [1, 2] since 0 is assigned to [3, 2]
Error assiging 3 to [1, 3] since 1 is assigned to [0, 3]
Error assiging 3 to [2, 0] since 2 is assigned to [1, 1]
Error assiging 3 to [2, 1] since 0 is assigned to [3, 2]
Error assiging 3 to [2, 2] since 0 is assigned to [3, 2]
Error assiging 3 to [2, 3] since 0 is assigned to [3, 2]
Error assiging 3 to [3, 0] since 0 is assigned to [3, 2]
Error assiging 3 to [3, 1] since 0 is assigned to [3, 2]
Error assiging 3 to [3, 2] since 0 is assigned to [3, 2]
Error assiging 3 to [3, 3] since 0 is assigned to [3, 2]
Error assiging 2 to [1, 2] since 0 is assigned to [3, 2]
Error assiging 2 to [1, 3] since 1 is assigned to [0, 3]
Assiging 2 to [2, 0]
Values cleared by AC3 : 0
Error assiging 3 to [0, 0] since 1 is assigned to [0, 3]
Error assiging 3 to [0, 1] since 1 is assigned to [0, 3]
Error assiging 3 to [0, 2] since 0 is assigned to [3, 2]
Error assiging 3 to [0, 3] since 1 is assigned to [0, 3]
Error assiging 3 to [1, 0] since 0 is assigned to [3, 2]
Error assiging 3 to [1, 1] since 2 is assigned to [2, 0]
Error assiging 3 to [1, 2] since 0 is assigned to [3, 2]
Error assiging 3 to [1, 3] since 1 is assigned to [0, 3]
Error assiging 3 to [2, 0] since 2 is assigned to [2, 0]
Error assiging 3 to [2, 1] since 0 is assigned to [3, 2]
Error assiging 3 to [2, 2] since 0 is assigned to [3, 2]
Error assiging 3 to [2, 3] since 0 is assigned to [3, 2]
Error assiging 3 to [3, 0] since 0 is assigned to [3, 2]
Error assiging 3 to [3, 1] since 0 is assigned to [3, 2]
Error assiging 3 to [3, 2] since 0 is assigned to [3, 2]
Error assiging 3 to [3, 3] since 0 is assigned to [3, 2]
Error assiging 2 to [2, 1] since 0 is assigned to [3, 2]
Error assiging 2 to [2, 2] since 0 is assigned to [3, 2]
Error assiging 2 to [2, 3] since 0 is assigned to [3, 2]
Error assiging 2 to [3, 0] since 0 is assigned to [3, 2]
Error assiging 2 to [3, 1] since 0 is assigned to [3, 2]
Error assiging 2 to [3, 2] since 0 is assigned to [3, 2]
Error assiging 2 to [3, 3] since 0 is assigned to [3, 2]
Error assiging 1 to [1, 0] since 0 is assigned to [3, 2]
Assiging 1 to [1, 1]
Values cleared by AC3 : 0
Error assiging 2 to [0, 0] since 1 is assigned to [1, 1]
Error assiging 2 to [0, 1] since 1 is assigned to [1, 1]
Error assiging 2 to [0, 2] since 0 is assigned to [3, 2]
Assiging 2 to [0, 3]
Values cleared by AC3 : 0
Error assiging 3 to [0, 0] since 1 is assigned to [1, 1]
Error assiging 3 to [0, 1] since 1 is assigned to [1, 1]
Error assiging 3 to [0, 2] since 0 is assigned to [3, 2]
Error assiging 3 to [0, 3] since 2 is assigned to [0, 3]
Error assiging 3 to [1, 0] since 0 is assigned to [3, 2]
Error assiging 3 to [1, 1] since 1 is assigned to [1, 1]
Error assiging 3 to [1, 2] since 0 is assigned to [3, 2]
Error assiging 3 to [1, 3] since 1 is assigned to [1, 1]
Error assiging 3 to [2, 0] since 1 is assigned to [1, 1]
Error assiging 3 to [2, 1] since 0 is assigned to [3, 2]
Error assiging 3 to [2, 2] since 0 is assigned to [3, 2]
Error assiging 3 to [2, 3] since 0 is assigned to [3, 2]
Error assiging 3 to [3, 0] since 0 is assigned to [3, 2]
Error assiging 3 to [3, 1] since 0 is assigned to [3, 2]
Error assiging 3 to [3, 2] since 0 is assigned to [3, 2]
Error assiging 3 to [3, 3] since 0 is assigned to [3, 2]
Error assiging 2 to [1, 0] since 0 is assigned to [3, 2]
Error assiging 2 to [1, 1] since 1 is assigned to [1, 1]
Error assiging 2 to [1, 2] since 0 is assigned to [3, 2]
Error assiging 2 to [1, 3] since 1 is assigned to [1, 1]
Error assiging 2 to [2, 0] since 1 is assigned to [1, 1]
Error assiging 2 to [2, 1] since 0 is assigned to [3, 2]
Error assiging 2 to [2, 2] since 0 is assigned to [3, 2]
Error assiging 2 to [2, 3] since 0 is assigned to [3, 2]
Error assiging 2 to [3, 0] since 0 is assigned to [3, 2]
Error assiging 2 to [3, 1] since 0 is assigned to [3, 2]
Error assiging 2 to [3, 2] since 0 is assigned to [3, 2]
Error assiging 2 to [3, 3] since 0 is assigned to [3, 2]
Error assiging 1 to [1, 2] since 0 is assigned to [3, 2]
Assiging 1 to [1, 3]
Values cleared by AC3 : 0
Assiging 2 to [0, 0]
Values cleared by AC3 : 0
Error assiging 3 to [0, 0] since 2 is assigned to [0, 0]
Error assiging 3 to [0, 1] since 2 is assigned to [0, 0]
Error assiging 3 to [0, 2] since 0 is assigned to [3, 2]
Error assiging 3 to [0, 3] since 1 is assigned to [1, 3]
Error assiging 3 to [1, 0] since 0 is assigned to [3, 2]
Error assiging 3 to [1, 1] since 1 is assigned to [1, 3]
Error assiging 3 to [1, 2] since 0 is assigned to [3, 2]
Error assiging 3 to [1, 3] since 1 is assigned to [1, 3]
Error assiging 3 to [2, 0] since 2 is assigned to [0, 0]
Error assiging 3 to [2, 1] since 0 is assigned to [3, 2]
Error assiging 3 to [2, 2] since 0 is assigned to [3, 2]
Error assiging 3 to [2, 3] since 0 is assigned to [3, 2]
Error assiging 3 to [3, 0] since 0 is assigned to [3, 2]
Error assiging 3 to [3, 1] since 0 is assigned to [3, 2]
Error assiging 3 to [3, 2] since 0 is assigned to [3, 2]
Error assiging 3 to [3, 3] since 0 is assigned to [3, 2]
Assiging 2 to [0, 1]
Values cleared by AC3 : 0
Error assiging 3 to [0, 0] since 2 is assigned to [0, 1]
Error assiging 3 to [0, 1] since 2 is assigned to [0, 1]
Error assiging 3 to [0, 2] since 0 is assigned to [3, 2]
Error assiging 3 to [0, 3] since 1 is assigned to [1, 3]
Error assiging 3 to [1, 0] since 0 is assigned to [3, 2]
Error assiging 3 to [1, 1] since 1 is assigned to [1, 3]
Error assiging 3 to [1, 2] since 0 is assigned to [3, 2]
Error assiging 3 to [1, 3] since 1 is assigned to [1, 3]
Assiging 3 to [2, 0]
Values cleared by AC3 : 0
Error assiging 3 to [2, 1] since 0 is assigned to [3, 2]
Error assiging 3 to [2, 2] since 0 is assigned to [3, 2]
Error assiging 3 to [2, 3] since 0 is assigned to [3, 2]
Error assiging 3 to [3, 0] since 0 is assigned to [3, 2]
Error assiging 3 to [3, 1] since 0 is assigned to [3, 2]
Error assiging 3 to [3, 2] since 0 is assigned to [3, 2]
Error assiging 3 to [3, 3] since 0 is assigned to [3, 2]
Error assiging 2 to [0, 2] since 0 is assigned to [3, 2]
Error assiging 2 to [0, 3] since 1 is assigned to [1, 3]
Error assiging 2 to [1, 0] since 0 is assigned to [3, 2]
Error assiging 2 to [1, 1] since 1 is assigned to [1, 3]
Error assiging 2 to [1, 2] since 0 is assigned to [3, 2]
Error assiging 2 to [1, 3] since 1 is assigned to [1, 3]
Assiging 2 to [2, 0]
Values cleared by AC3 : 0
Error assiging 3 to [0, 0] since 2 is assigned to [2, 0]
Assiging 3 to [0, 1]
Values cleared by AC3 : 0
Error assiging 3 to [0, 2] since 0 is assigned to [3, 2]
Error assiging 3 to [0, 3] since 1 is assigned to [1, 3]
Error assiging 3 to [1, 0] since 0 is assigned to [3, 2]
Error assiging 3 to [1, 1] since 1 is assigned to [1, 3]
Error assiging 3 to [1, 2] since 0 is assigned to [3, 2]
Error assiging 3 to [1, 3] since 1 is assigned to [1, 3]
Error assiging 3 to [2, 0] since 2 is assigned to [2, 0]
Error assiging 3 to [2, 1] since 0 is assigned to [3, 2]
Error assiging 3 to [2, 2] since 0 is assigned to [3, 2]
Error assiging 3 to [2, 3] since 0 is assigned to [3, 2]
Error assiging 3 to [3, 0] since 0 is assigned to [3, 2]
Error assiging 3 to [3, 1] since 0 is assigned to [3, 2]
Error assiging 3 to [3, 2] since 0 is assigned to [3, 2]
Error assiging 3 to [3, 3] since 0 is assigned to [3, 2]
Error assiging 2 to [2, 1] since 0 is assigned to [3, 2]
Error assiging 2 to [2, 2] since 0 is assigned to [3, 2]
Error assiging 2 to [2, 3] since 0 is assigned to [3, 2]
Error assiging 2 to [3, 0] since 0 is assigned to [3, 2]
Error assiging 2 to [3, 1] since 0 is assigned to [3, 2]
Error assiging 2 to [3, 2] since 0 is assigned to [3, 2]
Error assiging 2 to [3, 3] since 0 is assigned to [3, 2]
Assiging 1 to [2, 0]
Values cleared by AC3 : 0
Error assiging 2 to [0, 0] since 1 is assigned to [2, 0]
Assiging 2 to [0, 1]
Values cleared by AC3 : 0
Error assiging 3 to [0, 0] since 1 is assigned to [2, 0]
Error assiging 3 to [0, 1] since 2 is assigned to [0, 1]
Error assiging 3 to [0, 2] since 0 is assigned to [3, 2]
Error assiging 3 to [0, 3] since 2 is assigned to [0, 1]
Error assiging 3 to [1, 0] since 0 is assigned to [3, 2]
Error assiging 3 to [1, 1] since 1 is assigned to [2, 0]
Error assiging 3 to [1, 2] since 0 is assigned to [3, 2]
Assiging 3 to [1, 3]
Values cleared by AC3 : 0
Error assiging 3 to [2, 0] since 1 is assigned to [2, 0]
Error assiging 3 to [2, 1] since 0 is assigned to [3, 2]
Error assiging 3 to [2, 2] since 0 is assigned to [3, 2]
Error assiging 3 to [2, 3] since 0 is assigned to [3, 2]
Error assiging 3 to [3, 0] since 0 is assigned to [3, 2]
Error assiging 3 to [3, 1] since 0 is assigned to [3, 2]
Error assiging 3 to [3, 2] since 0 is assigned to [3, 2]
Error assiging 3 to [3, 3] since 0 is assigned to [3, 2]
Error assiging 2 to [0, 2] since 0 is assigned to [3, 2]
Assiging 2 to [0, 3]
Values cleared by AC3 : 0
Error assiging 3 to [0, 0] since 1 is assigned to [2, 0]
Error assiging 3 to [0, 1] since 2 is assigned to [0, 3]
Error assiging 3 to [0, 2] since 0 is assigned to [3, 2]
Error assiging 3 to [0, 3] since 2 is assigned to [0, 3]
Error assiging 3 to [1, 0] since 0 is assigned to [3, 2]
Error assiging 3 to [1, 1] since 1 is assigned to [2, 0]
Error assiging 3 to [1, 2] since 0 is assigned to [3, 2]
Error assiging 3 to [1, 3] since 2 is assigned to [0, 3]
Error assiging 3 to [2, 0] since 1 is assigned to [2, 0]
Error assiging 3 to [2, 1] since 0 is assigned to [3, 2]
Error assiging 3 to [2, 2] since 0 is assigned to [3, 2]
Error assiging 3 to [2, 3] since 0 is assigned to [3, 2]
Error assiging 3 to [3, 0] since 0 is assigned to [3, 2]
Error assiging 3 to [3, 1] since 0 is assigned to [3, 2]
Error assiging 3 to [3, 2] since 0 is assigned to [3, 2]
Error assiging 3 to [3, 3] since 0 is assigned to [3, 2]
Error assiging 2 to [1, 0] since 0 is assigned to [3, 2]
Error assiging 2 to [1, 1] since 1 is assigned to [2, 0]
Error assiging 2 to [1, 2] since 0 is assigned to [3, 2]
Assiging 2 to [1, 3]
Values cleared by AC3 : 0
Error assiging 3 to [0, 0] since 1 is assigned to [2, 0]
Assiging 3 to [0, 1]
Values cleared by AC3 : 0
Error assiging 3 to [0, 2] since 0 is assigned to [3, 2]
Error assiging 3 to [0, 3] since 2 is assigned to [1, 3]
Error assiging 3 to [1, 0] since 0 is assigned to [3, 2]
Error assiging 3 to [1, 1] since 1 is assigned to [2, 0]
Error assiging 3 to [1, 2] since 0 is assigned to [3, 2]
Error assiging 3 to [1, 3] since 2 is assigned to [1, 3]
Error assiging 3 to [2, 0] since 1 is assigned to [2, 0]
Error assiging 3 to [2, 1] since 0 is assigned to [3, 2]
Error assiging 3 to [2, 2] since 0 is assigned to [3, 2]
Error assiging 3 to [2, 3] since 0 is assigned to [3, 2]
Error assiging 3 to [3, 0] since 0 is assigned to [3, 2]
Error assiging 3 to [3, 1] since 0 is assigned to [3, 2]
Error assiging 3 to [3, 2] since 0 is assigned to [3, 2]
Error assiging 3 to [3, 3] since 0 is assigned to [3, 2]
Error assiging 2 to [2, 0] since 1 is assigned to [2, 0]
Error assiging 2 to [2, 1] since 0 is assigned to [3, 2]
Error assiging 2 to [2, 2] since 0 is assigned to [3, 2]
Error assiging 2 to [2, 3] since 0 is assigned to [3, 2]
Error assiging 2 to [3, 0] since 0 is assigned to [3, 2]
Error assiging 2 to [3, 1] since 0 is assigned to [3, 2]
Error assiging 2 to [3, 2] since 0 is assigned to [3, 2]
Error assiging 2 to [3, 3] since 0 is assigned to [3, 2]
Error assiging 1 to [2, 1] since 0 is assigned to [3, 2]
Error assiging 1 to [2, 2] since 0 is assigned to [3, 2]
Error assiging 1 to [2, 3] since 0 is assigned to [3, 2]
Error assiging 1 to [3, 0] since 0 is assigned to [3, 2]
Error assiging 1 to [3, 1] since 0 is assigned to [3, 2]
Error assiging 1 to [3, 2] since 0 is assigned to [3, 2]
Error assiging 1 to [3, 3] since 0 is assigned to [3, 2]
Assiging 0 to [3, 3]
Values cleared by AC3 : 0
Error assiging 1 to [0, 0] since 0 is assigned to [3, 3]
Assiging 1 to [0, 1]
Values cleared by AC3 : 0
Error assiging 2 to [0, 0] since 0 is assigned to [3, 3]
Error assiging 2 to [0, 1] since 1 is assigned to [0, 1]
Error assiging 2 to [0, 2] since 1 is assigned to [0, 1]
Error assiging 2 to [0, 3] since 0 is assigned to [3, 3]
Error assiging 2 to [1, 0] since 1 is assigned to [0, 1]
Error assiging 2 to [1, 1] since 0 is assigned to [3, 3]
Error assiging 2 to [1, 2] since 1 is assigned to [0, 1]
Error assiging 2 to [1, 3] since 0 is assigned to [3, 3]
Assiging 2 to [2, 0]
Values cleared by AC3 : 0
Error assiging 3 to [0, 0] since 0 is assigned to [3, 3]
Error assiging 3 to [0, 1] since 1 is assigned to [0, 1]
Error assiging 3 to [0, 2] since 1 is assigned to [0, 1]
Error assiging 3 to [0, 3] since 0 is assigned to [3, 3]
Error assiging 3 to [1, 0] since 1 is assigned to [0, 1]
Error assiging 3 to [1, 1] since 0 is assigned to [3, 3]
Error assiging 3 to [1, 2] since 1 is assigned to [0, 1]
Error assiging 3 to [1, 3] since 0 is assigned to [3, 3]
Error assiging 3 to [2, 0] since 2 is assigned to [2, 0]
Error assiging 3 to [2, 1] since 1 is assigned to [0, 1]
Error assiging 3 to [2, 2] since 0 is assigned to [3, 3]
Error assiging 3 to [2, 3] since 0 is assigned to [3, 3]
Error assiging 3 to [3, 0] since 0 is assigned to [3, 3]
Error assiging 3 to [3, 1] since 0 is assigned to [3, 3]
Error assiging 3 to [3, 2] since 0 is assigned to [3, 3]
Error assiging 3 to [3, 3] since 0 is assigned to [3, 3]
Error assiging 2 to [2, 1] since 1 is assigned to [0, 1]
Error assiging 2 to [2, 2] since 0 is assigned to [3, 3]
Error assiging 2 to [2, 3] since 0 is assigned to [3, 3]
Error assiging 2 to [3, 0] since 0 is assigned to [3, 3]
Error assiging 2 to [3, 1] since 0 is assigned to [3, 3]
Error assiging 2 to [3, 2] since 0 is assigned to [3, 3]
Error assiging 2 to [3, 3] since 0 is assigned to [3, 3]
Assiging 1 to [0, 2]
Values cleared by AC3 : 0
Error assiging 2 to [0, 0] since 0 is assigned to [3, 3]
Error assiging 2 to [0, 1] since 1 is assigned to [0, 2]
Error assiging 2 to [0, 2] since 1 is assigned to [0, 2]
Error assiging 2 to [0, 3] since 0 is assigned to [3, 3]
Assiging 2 to [1, 0]
Values cleared by AC3 : 0
Error assiging 3 to [0, 0] since 0 is assigned to [3, 3]
Error assiging 3 to [0, 1] since 1 is assigned to [0, 2]
Error assiging 3 to [0, 2] since 1 is assigned to [0, 2]
Error assiging 3 to [0, 3] since 0 is assigned to [3, 3]
Error assiging 3 to [1, 0] since 2 is assigned to [1, 0]
Error assiging 3 to [1, 1] since 0 is assigned to [3, 3]
Error assiging 3 to [1, 2] since 1 is assigned to [0, 2]
Error assiging 3 to [1, 3] since 0 is assigned to [3, 3]
Error assiging 3 to [2, 0] since 1 is assigned to [0, 2]
Error assiging 3 to [2, 1] since 2 is assigned to [1, 0]
Error assiging 3 to [2, 2] since 0 is assigned to [3, 3]
Error assiging 3 to [2, 3] since 0 is assigned to [3, 3]
Error assiging 3 to [3, 0] since 0 is assigned to [3, 3]
Error assiging 3 to [3, 1] since 0 is assigned to [3, 3]
Error assiging 3 to [3, 2] since 0 is assigned to [3, 3]
Error assiging 3 to [3, 3] since 0 is assigned to [3, 3]
Error assiging 2 to [1, 1] since 0 is assigned to [3, 3]
Error assiging 2 to [1, 2] since 1 is assigned to [0, 2]
Error assiging 2 to [1, 3] since 0 is assigned to [3, 3]
Error assiging 2 to [2, 0] since 1 is assigned to [0, 2]
Assiging 2 to [2, 1]
Values cleared by AC3 : 0
Error assiging 3 to [0, 0] since 0 is assigned to [3, 3]
Error assiging 3 to [0, 1] since 1 is assigned to [0, 2]
Error assiging 3 to [0, 2] since 1 is assigned to [0, 2]
Error assiging 3 to [0, 3] since 0 is assigned to [3, 3]
Error assiging 3 to [1, 0] since 2 is assigned to [2, 1]
Error assiging 3 to [1, 1] since 0 is assigned to [3, 3]
Error assiging 3 to [1, 2] since 1 is assigned to [0, 2]
Error assiging 3 to [1, 3] since 0 is assigned to [3, 3]
Error assiging 3 to [2, 0] since 1 is assigned to [0, 2]
Error assiging 3 to [2, 1] since 2 is assigned to [2, 1]
Error assiging 3 to [2, 2] since 0 is assigned to [3, 3]
Error assiging 3 to [2, 3] since 0 is assigned to [3, 3]
Error assiging 3 to [3, 0] since 0 is assigned to [3, 3]
Error assiging 3 to [3, 1] since 0 is assigned to [3, 3]
Error assiging 3 to [3, 2] since 0 is assigned to [3, 3]
Error assiging 3 to [3, 3] since 0 is assigned to [3, 3]
Error assiging 2 to [2, 2] since 0 is assigned to [3, 3]
Error assiging 2 to [2, 3] since 0 is assigned to [3, 3]
Error assiging 2 to [3, 0] since 0 is assigned to [3, 3]
Error assiging 2 to [3, 1] since 0 is assigned to [3, 3]
Error assiging 2 to [3, 2] since 0 is assigned to [3, 3]
Error assiging 2 to [3, 3] since 0 is assigned to [3, 3]
Error assiging 1 to [0, 3] since 0 is assigned to [3, 3]
Assiging 1 to [1, 0]
Values cleared by AC3 : 0
Error assiging 2 to [0, 0] since 0 is assigned to [3, 3]
Error assiging 2 to [0, 1] since 1 is assigned to [1, 0]
Assiging 2 to [0, 2]
Values cleared by AC3 : 0
Error assiging 3 to [0, 0] since 0 is assigned to [3, 3]
Error assiging 3 to [0, 1] since 1 is assigned to [1, 0]
Error assiging 3 to [0, 2] since 2 is assigned to [0, 2]
Error assiging 3 to [0, 3] since 0 is assigned to [3, 3]
Error assiging 3 to [1, 0] since 1 is assigned to [1, 0]
Error assiging 3 to [1, 1] since 0 is assigned to [3, 3]
Error assiging 3 to [1, 2] since 1 is assigned to [1, 0]
Error assiging 3 to [1, 3] since 0 is assigned to [3, 3]
Error assiging 3 to [2, 0] since 1 is assigned to [1, 0]
Error assiging 3 to [2, 1] since 1 is assigned to [1, 0]
Error assiging 3 to [2, 2] since 0 is assigned to [3, 3]
Error assiging 3 to [2, 3] since 0 is assigned to [3, 3]
Error assiging 3 to [3, 0] since 0 is assigned to [3, 3]
Error assiging 3 to [3, 1] since 0 is assigned to [3, 3]
Error assiging 3 to [3, 2] since 0 is assigned to [3, 3]
Error assiging 3 to [3, 3] since 0 is assigned to [3, 3]
Error assiging 2 to [0, 3] since 0 is assigned to [3, 3]
Error assiging 2 to [1, 0] since 1 is assigned to [1, 0]
Error assiging 2 to [1, 1] since 0 is assigned to [3, 3]
Error assiging 2 to [1, 2] since 1 is assigned to [1, 0]
Error assiging 2 to [1, 3] since 0 is assigned to [3, 3]
Error assiging 2 to [2, 0] since 1 is assigned to [1, 0]
Error assiging 2 to [2, 1] since 1 is assigned to [1, 0]
Error assiging 2 to [2, 2] since 0 is assigned to [3, 3]
Error assiging 2 to [2, 3] since 0 is assigned to [3, 3]
Error assiging 2 to [3, 0] since 0 is assigned to [3, 3]
Error assiging 2 to [3, 1] since 0 is assigned to [3, 3]
Error assiging 2 to [3, 2] since 0 is assigned to [3, 3]
Error assiging 2 to [3, 3] since 0 is assigned to [3, 3]
Error assiging 1 to [1, 1] since 0 is assigned to [3, 3]
Assiging 1 to [1, 2]
Values cleared by AC3 : 0
Error assiging 2 to [0, 0] since 0 is assigned to [3, 3]
Error assiging 2 to [0, 1] since 1 is assigned to [1, 2]
Error assiging 2 to [0, 2] since 1 is assigned to [1, 2]
Error assiging 2 to [0, 3] since 0 is assigned to [3, 3]
Error assiging 2 to [1, 0] since 1 is assigned to [1, 2]
Error assiging 2 to [1, 1] since 0 is assigned to [3, 3]
Error assiging 2 to [1, 2] since 1 is assigned to [1, 2]
Error assiging 2 to [1, 3] since 0 is assigned to [3, 3]
Assiging 2 to [2, 0]
Values cleared by AC3 : 0
Error assiging 3 to [0, 0] since 0 is assigned to [3, 3]
Error assiging 3 to [0, 1] since 1 is assigned to [1, 2]
Error assiging 3 to [0, 2] since 1 is assigned to [1, 2]
Error assiging 3 to [0, 3] since 0 is assigned to [3, 3]
Error assiging 3 to [1, 0] since 1 is assigned to [1, 2]
Error assiging 3 to [1, 1] since 0 is assigned to [3, 3]
Error assiging 3 to [1, 2] since 1 is assigned to [1, 2]
Error assiging 3 to [1, 3] since 0 is assigned to [3, 3]
Error assiging 3 to [2, 0] since 2 is assigned to [2, 0]
Error assiging 3 to [2, 1] since 1 is assigned to [1, 2]
Error assiging 3 to [2, 2] since 0 is assigned to [3, 3]
Error assiging 3 to [2, 3] since 0 is assigned to [3, 3]
Error assiging 3 to [3, 0] since 0 is assigned to [3, 3]
Error assiging 3 to [3, 1] since 0 is assigned to [3, 3]
Error assiging 3 to [3, 2] since 0 is assigned to [3, 3]
Error assiging 3 to [3, 3] since 0 is assigned to [3, 3]
Error assiging 2 to [2, 1] since 1 is assigned to [1, 2]
Error assiging 2 to [2, 2] since 0 is assigned to [3, 3]
Error assiging 2 to [2, 3] since 0 is assigned to [3, 3]
Error assiging 2 to [3, 0] since 0 is assigned to [3, 3]
Error assiging 2 to [3, 1] since 0 is assigned to [3, 3]
Error assiging 2 to [3, 2] since 0 is assigned to [3, 3]
Error assiging 2 to [3, 3] since 0 is assigned to [3, 3]
Error assiging 1 to [1, 3] since 0 is assigned to [3, 3]
Assiging 1 to [2, 0]
Values cleared by AC3 : 0
Error assiging 2 to [0, 0] since 0 is assigned to [3, 3]
Assiging 2 to [0, 1]
Values cleared by AC3 : 0
Error assiging 3 to [0, 0] since 0 is assigned to [3, 3]
Error assiging 3 to [0, 1] since 2 is assigned to [0, 1]
Error assiging 3 to [0, 2] since 1 is assigned to [2, 0]
Error assiging 3 to [0, 3] since 0 is assigned to [3, 3]
Error assiging 3 to [1, 0] since 1 is assigned to [2, 0]
Error assiging 3 to [1, 1] since 0 is assigned to [3, 3]
Error assiging 3 to [1, 2] since 2 is assigned to [0, 1]
Error assiging 3 to [1, 3] since 0 is assigned to [3, 3]
Error assiging 3 to [2, 0] since 1 is assigned to [2, 0]
Error assiging 3 to [2, 1] since 1 is assigned to [2, 0]
Error assiging 3 to [2, 2] since 0 is assigned to [3, 3]
Error assiging 3 to [2, 3] since 0 is assigned to [3, 3]
Error assiging 3 to [3, 0] since 0 is assigned to [3, 3]
Error assiging 3 to [3, 1] since 0 is assigned to [3, 3]
Error assiging 3 to [3, 2] since 0 is assigned to [3, 3]
Error assiging 3 to [3, 3] since 0 is assigned to [3, 3]
Error assiging 2 to [0, 2] since 1 is assigned to [2, 0]
Error assiging 2 to [0, 3] since 0 is assigned to [3, 3]
Error assiging 2 to [1, 0] since 1 is assigned to [2, 0]
Error assiging 2 to [1, 1] since 0 is assigned to [3, 3]
Assiging 2 to [1, 2]
Values cleared by AC3 : 0
Error assiging 3 to [0, 0] since 0 is assigned to [3, 3]
Error assiging 3 to [0, 1] since 2 is assigned to [1, 2]
Error assiging 3 to [0, 2] since 1 is assigned to [2, 0]
Error assiging 3 to [0, 3] since 0 is assigned to [3, 3]
Error assiging 3 to [1, 0] since 1 is assigned to [2, 0]
Error assiging 3 to [1, 1] since 0 is assigned to [3, 3]
Error assiging 3 to [1, 2] since 2 is assigned to [1, 2]
Error assiging 3 to [1, 3] since 0 is assigned to [3, 3]
Error assiging 3 to [2, 0] since 1 is assigned to [2, 0]
Error assiging 3 to [2, 1] since 1 is assigned to [2, 0]
Error assiging 3 to [2, 2] since 0 is assigned to [3, 3]
Error assiging 3 to [2, 3] since 0 is assigned to [3, 3]
Error assiging 3 to [3, 0] since 0 is assigned to [3, 3]
Error assiging 3 to [3, 1] since 0 is assigned to [3, 3]
Error assiging 3 to [3, 2] since 0 is assigned to [3, 3]
Error assiging 3 to [3, 3] since 0 is assigned to [3, 3]
Error assiging 2 to [1, 3] since 0 is assigned to [3, 3]
Error assiging 2 to [2, 0] since 1 is assigned to [2, 0]
Error assiging 2 to [2, 1] since 1 is assigned to [2, 0]
Error assiging 2 to [2, 2] since 0 is assigned to [3, 3]
Error assiging 2 to [2, 3] since 0 is assigned to [3, 3]
Error assiging 2 to [3, 0] since 0 is assigned to [3, 3]
Error assiging 2 to [3, 1] since 0 is assigned to [3, 3]
Error assiging 2 to [3, 2] since 0 is assigned to [3, 3]
Error assiging 2 to [3, 3] since 0 is assigned to [3, 3]
Assiging 1 to [2, 1]
Values cleared by AC3 : 0
Error assiging 2 to [0, 0] since 0 is assigned to [3, 3]
Error assiging 2 to [0, 1] since 1 is assigned to [2, 1]
Assiging 2 to [0, 2]
Values cleared by AC3 : 0
Error assiging 3 to [0, 0] since 0 is assigned to [3, 3]
Error assiging 3 to [0, 1] since 1 is assigned to [2, 1]
Error assiging 3 to [0, 2] since 2 is assigned to [0, 2]
Error assiging 3 to [0, 3] since 0 is assigned to [3, 3]
Error assiging 3 to [1, 0] since 1 is assigned to [2, 1]
Error assiging 3 to [1, 1] since 0 is assigned to [3, 3]
Error assiging 3 to [1, 2] since 1 is assigned to [2, 1]
Error assiging 3 to [1, 3] since 0 is assigned to [3, 3]
Error assiging 3 to [2, 0] since 1 is assigned to [2, 1]
Error assiging 3 to [2, 1] since 1 is assigned to [2, 1]
Error assiging 3 to [2, 2] since 0 is assigned to [3, 3]
Error assiging 3 to [2, 3] since 0 is assigned to [3, 3]
Error assiging 3 to [3, 0] since 0 is assigned to [3, 3]
Error assiging 3 to [3, 1] since 0 is assigned to [3, 3]
Error assiging 3 to [3, 2] since 0 is assigned to [3, 3]
Error assiging 3 to [3, 3] since 0 is assigned to [3, 3]
Error assiging 2 to [0, 3] since 0 is assigned to [3, 3]
Error assiging 2 to [1, 0] since 1 is assigned to [2, 1]
Error assiging 2 to [1, 1] since 0 is assigned to [3, 3]
Error assiging 2 to [1, 2] since 1 is assigned to [2, 1]
Error assiging 2 to [1, 3] since 0 is assigned to [3, 3]
Error assiging 2 to [2, 0] since 1 is assigned to [2, 1]
Error assiging 2 to [2, 1] since 1 is assigned to [2, 1]
Error assiging 2 to [2, 2] since 0 is assigned to [3, 3]
Error assiging 2 to [2, 3] since 0 is assigned to [3, 3]
Error assiging 2 to [3, 0] since 0 is assigned to [3, 3]
Error assiging 2 to [3, 1] since 0 is assigned to [3, 3]
Error assiging 2 to [3, 2] since 0 is assigned to [3, 3]
Error assiging 2 to [3, 3] since 0 is assigned to [3, 3]
Error assiging 1 to [2, 2] since 0 is assigned to [3, 3]
Error assiging 1 to [2, 3] since 0 is assigned to [3, 3]
Error assiging 1 to [3, 0] since 0 is assigned to [3, 3]
Error assiging 1 to [3, 1] since 0 is assigned to [3, 3]
Error assiging 1 to [3, 2] since 0 is assigned to [3, 3]
Error assiging 1 to [3, 3] since 0 is assigned to [3, 3]
Assiging 0 to [0, 0]
